115.28.26.13 - - [26/Mar/2018:08:19:42 +0800] "HEAD / HTTP/1.1" 301 0 "-" "Mozilla/5.0 (compatible; MSIE 9.0; Windows NT 6.1; Win64; x64; Trident/5.0)"
112.126.75.174 - - [26/Mar/2018:08:21:14 +0800] "HEAD / HTTP/1.1" 301 0 "-" "Mozilla/5.0 (compatible; MSIE 9.0; Windows NT 6.1; Win64; x64; Trident/5.0)"
5.188.203.40 - - [26/Mar/2018:08:21:55 +0800] "HEAD / HTTP/1.1" 301 0 "-" "NYU Internet Census (https://scan.lol; research@scan.lol)"
1.249.83.202 - - [26/Mar/2018:08:22:26 +0800] "GET / HTTP/1.1" 200 931 "-" "Mozilla/5.0 (Windows NT 10.0; Win64; x64) AppleWebKit/537.36 (KHTML, like Gecko) Chrome/58.0.3029.110 Safari/537.36 Edge/16.16299"
1.249.83.202 - - [26/Mar/2018:08:22:26 +0800] "GET /css/reset.css HTTP/1.1" 200 523 "https://www.yazhoujuejin.com/" "Mozilla/5.0 (Windows NT 10.0; Win64; x64) AppleWebKit/537.36 (KHTML, like Gecko) Chrome/58.0.3029.110 Safari/537.36 Edge/16.16299"
1.249.83.202 - - [26/Mar/2018:08:22:26 +0800] "GET /css/title.css HTTP/1.1" 200 515 "https://www.yazhoujuejin.com/" "Mozilla/5.0 (Windows NT 10.0; Win64; x64) AppleWebKit/537.36 (KHTML, like Gecko) Chrome/58.0.3029.110 Safari/537.36 Edge/16.16299"
1.249.83.202 - - [26/Mar/2018:08:22:26 +0800] "GET /lib/bootstrap/css/bootstrap.css HTTP/1.1" 200 25067 "https://www.yazhoujuejin.com/" "Mozilla/5.0 (Windows NT 10.0; Win64; x64) AppleWebKit/537.36 (KHTML, like Gecko) Chrome/58.0.3029.110 Safari/537.36 Edge/16.16299"
1.249.83.202 - - [26/Mar/2018:08:22:26 +0800] "GET /css/footer.css HTTP/1.1" 200 716 "https://www.yazhoujuejin.com/" "Mozilla/5.0 (Windows NT 10.0; Win64; x64) AppleWebKit/537.36 (KHTML, like Gecko) Chrome/58.0.3029.110 Safari/537.36 Edge/16.16299"
1.249.83.202 - - [26/Mar/2018:08:22:26 +0800] "GET /lib/bootstrap/js/respond.js HTTP/1.1" 200 4381 "https://www.yazhoujuejin.com/" "Mozilla/5.0 (Windows NT 10.0; Win64; x64) AppleWebKit/537.36 (KHTML, like Gecko) Chrome/58.0.3029.110 Safari/537.36 Edge/16.16299"
1.249.83.202 - - [26/Mar/2018:08:22:26 +0800] "GET /lib/bootstrap/js/html5.js HTTP/1.1" 200 3026 "https://www.yazhoujuejin.com/" "Mozilla/5.0 (Windows NT 10.0; Win64; x64) AppleWebKit/537.36 (KHTML, like Gecko) Chrome/58.0.3029.110 Safari/537.36 Edge/16.16299"
1.249.83.202 - - [26/Mar/2018:08:22:26 +0800] "GET /css/animations.css HTTP/1.1" 200 735 "https://www.yazhoujuejin.com/" "Mozilla/5.0 (Windows NT 10.0; Win64; x64) AppleWebKit/537.36 (KHTML, like Gecko) Chrome/58.0.3029.110 Safari/537.36 Edge/16.16299"
1.249.83.202 - - [26/Mar/2018:08:22:26 +0800] "GET /lib/bootstrap/js/bootstrap-dropdown-on-hover.js HTTP/1.1" 200 9092 "https://www.yazhoujuejin.com/" "Mozilla/5.0 (Windows NT 10.0; Win64; x64) AppleWebKit/537.36 (KHTML, like Gecko) Chrome/58.0.3029.110 Safari/537.36 Edge/16.16299"
1.249.83.202 - - [26/Mar/2018:08:22:26 +0800] "GET /js/m.js HTTP/1.1" 200 14489 "https://www.yazhoujuejin.com/" "Mozilla/5.0 (Windows NT 10.0; Win64; x64) AppleWebKit/537.36 (KHTML, like Gecko) Chrome/58.0.3029.110 Safari/537.36 Edge/16.16299"
1.249.83.202 - - [26/Mar/2018:08:22:26 +0800] "GET /js/cookie.js HTTP/1.1" 200 1561 "https://www.yazhoujuejin.com/" "Mozilla/5.0 (Windows NT 10.0; Win64; x64) AppleWebKit/537.36 (KHTML, like Gecko) Chrome/58.0.3029.110 Safari/537.36 Edge/16.16299"
1.249.83.202 - - [26/Mar/2018:08:22:26 +0800] "GET /js/index.js HTTP/1.1" 200 3425 "https://www.yazhoujuejin.com/" "Mozilla/5.0 (Windows NT 10.0; Win64; x64) AppleWebKit/537.36 (KHTML, like Gecko) Chrome/58.0.3029.110 Safari/537.36 Edge/16.16299"
1.249.83.202 - - [26/Mar/2018:08:22:26 +0800] "GET /lib/bootstrap/js/bootstrap.min.js HTTP/1.1" 200 65813 "https://www.yazhoujuejin.com/" "Mozilla/5.0 (Windows NT 10.0; Win64; x64) AppleWebKit/537.36 (KHTML, like Gecko) Chrome/58.0.3029.110 Safari/537.36 Edge/16.16299"
1.249.83.202 - - [26/Mar/2018:08:22:26 +0800] "GET /lib/jquery/jquery-1.12.1.js HTTP/1.1" 200 407013 "https://www.yazhoujuejin.com/" "Mozilla/5.0 (Windows NT 10.0; Win64; x64) AppleWebKit/537.36 (KHTML, like Gecko) Chrome/58.0.3029.110 Safari/537.36 Edge/16.16299"
1.249.83.202 - - [26/Mar/2018:08:22:27 +0800] "GET /css/modal.css HTTP/1.1" 200 778 "https://www.yazhoujuejin.com/" "Mozilla/5.0 (Windows NT 10.0; Win64; x64) AppleWebKit/537.36 (KHTML, like Gecko) Chrome/58.0.3029.110 Safari/537.36 Edge/16.16299"
1.249.83.202 - - [26/Mar/2018:08:22:27 +0800] "GET /html/footer.html HTTP/1.1" 200 1546 "https://www.yazhoujuejin.com/" "Mozilla/5.0 (Windows NT 10.0; Win64; x64) AppleWebKit/537.36 (KHTML, like Gecko) Chrome/58.0.3029.110 Safari/537.36 Edge/16.16299"
1.249.83.202 - - [26/Mar/2018:08:22:27 +0800] "GET /html/modal.html HTTP/1.1" 200 1092 "https://www.yazhoujuejin.com/" "Mozilla/5.0 (Windows NT 10.0; Win64; x64) AppleWebKit/537.36 (KHTML, like Gecko) Chrome/58.0.3029.110 Safari/537.36 Edge/16.16299"
1.249.83.202 - - [26/Mar/2018:08:22:27 +0800] "GET /html/title.html HTTP/1.1" 200 810 "https://www.yazhoujuejin.com/" "Mozilla/5.0 (Windows NT 10.0; Win64; x64) AppleWebKit/537.36 (KHTML, like Gecko) Chrome/58.0.3029.110 Safari/537.36 Edge/16.16299"
1.249.83.202 - - [26/Mar/2018:08:22:27 +0800] "GET /images/logo.png HTTP/1.1" 200 5728 "https://www.yazhoujuejin.com/" "Mozilla/5.0 (Windows NT 10.0; Win64; x64) AppleWebKit/537.36 (KHTML, like Gecko) Chrome/58.0.3029.110 Safari/537.36 Edge/16.16299"
1.249.83.202 - - [26/Mar/2018:08:22:27 +0800] "GET /images/app.jpg HTTP/1.1" 200 14362 "https://www.yazhoujuejin.com/" "Mozilla/5.0 (Windows NT 10.0; Win64; x64) AppleWebKit/537.36 (KHTML, like Gecko) Chrome/58.0.3029.110 Safari/537.36 Edge/16.16299"
1.249.83.202 - - [26/Mar/2018:08:22:27 +0800] "GET /images/gongzhonghao.jpg HTTP/1.1" 200 30169 "https://www.yazhoujuejin.com/" "Mozilla/5.0 (Windows NT 10.0; Win64; x64) AppleWebKit/537.36 (KHTML, like Gecko) Chrome/58.0.3029.110 Safari/537.36 Edge/16.16299"
1.249.83.202 - - [26/Mar/2018:08:22:27 +0800] "GET /images/ico-code.png HTTP/1.1" 200 11766 "https://www.yazhoujuejin.com/" "Mozilla/5.0 (Windows NT 10.0; Win64; x64) AppleWebKit/537.36 (KHTML, like Gecko) Chrome/58.0.3029.110 Safari/537.36 Edge/16.16299"
1.249.83.202 - - [26/Mar/2018:08:22:27 +0800] "GET /images/xiaochengxu.jpg HTTP/1.1" 200 30629 "https://www.yazhoujuejin.com/" "Mozilla/5.0 (Windows NT 10.0; Win64; x64) AppleWebKit/537.36 (KHTML, like Gecko) Chrome/58.0.3029.110 Safari/537.36 Edge/16.16299"
1.249.83.202 - - [26/Mar/2018:08:22:28 +0800] "GET /images/banner.jpg HTTP/1.1" 200 353169 "https://www.yazhoujuejin.com/" "Mozilla/5.0 (Windows NT 10.0; Win64; x64) AppleWebKit/537.36 (KHTML, like Gecko) Chrome/58.0.3029.110 Safari/537.36 Edge/16.16299"
1.249.83.202 - - [26/Mar/2018:08:22:28 +0800] "GET /images/urlLogo.png HTTP/1.1" 200 1393 "-" "Mozilla/5.0 (Windows NT 10.0; Win64; x64) AppleWebKit/537.36 (KHTML, like Gecko) Chrome/58.0.3029.110 Safari/537.36 Edge/16.16299"
112.124.127.44 - - [26/Mar/2018:08:23:08 +0800] "HEAD / HTTP/1.1" 301 0 "-" "Mozilla/5.0 (compatible; MSIE 9.0; Windows NT 6.1; Win64; x64; Trident/5.0)"
115.28.26.13 - - [26/Mar/2018:08:24:42 +0800] "HEAD / HTTP/1.1" 301 0 "-" "Mozilla/5.0 (compatible; MSIE 9.0; Windows NT 6.1; Win64; x64; Trident/5.0)"
112.126.75.174 - - [26/Mar/2018:08:26:14 +0800] "HEAD / HTTP/1.1" 301 0 "-" "Mozilla/5.0 (compatible; MSIE 9.0; Windows NT 6.1; Win64; x64; Trident/5.0)"
5.188.9.80 - - [26/Mar/2018:08:26:53 +0800] "HEAD / HTTP/1.1" 301 0 "-" "NYU Internet Census (https://scan.lol; research@scan.lol)"
112.124.127.44 - - [26/Mar/2018:08:28:08 +0800] "HEAD / HTTP/1.1" 301 0 "-" "Mozilla/5.0 (compatible; MSIE 9.0; Windows NT 6.1; Win64; x64; Trident/5.0)"
115.28.26.13 - - [26/Mar/2018:08:29:42 +0800] "HEAD / HTTP/1.1" 301 0 "-" "Mozilla/5.0 (compatible; MSIE 9.0; Windows NT 6.1; Win64; x64; Trident/5.0)"
118.133.0.180 - - [26/Mar/2018:08:30:46 +0800] "GET /favicon.ico HTTP/1.1" 404 564 "-" "Mozilla/5.0 (Windows NT 6.0) AppleWebKit/537.36 (KHTML, like Gecko) Chrome/58.0.3029.110 Safari/537.36 SE 2.X MetaSr 1.0"
112.126.75.174 - - [26/Mar/2018:08:31:14 +0800] "HEAD / HTTP/1.1" 301 0 "-" "Mozilla/5.0 (compatible; MSIE 9.0; Windows NT 6.1; Win64; x64; Trident/5.0)"
112.124.127.44 - - [26/Mar/2018:08:33:08 +0800] "HEAD / HTTP/1.1" 301 0 "-" "Mozilla/5.0 (compatible; MSIE 9.0; Windows NT 6.1; Win64; x64; Trident/5.0)"
58.214.70.3 - - [26/Mar/2018:08:34:30 +0800] "GET /favicon.ico HTTP/1.1" 404 564 "-" "Mozilla/5.0 (Windows NT 6.1; WOW64) AppleWebKit/537.36 (KHTML, like Gecko) Chrome/55.0.2883.87 Safari/537.36"
115.28.26.13 - - [26/Mar/2018:08:35:08 +0800] "HEAD / HTTP/1.1" 301 0 "-" "Mozilla/5.0 (compatible; MSIE 9.0; Windows NT 6.1; Win64; x64; Trident/5.0)"
5.188.9.80 - - [26/Mar/2018:08:35:54 +0800] "HEAD / HTTP/1.1" 301 0 "-" "NYU Internet Census (https://scan.lol; research@scan.lol)"
112.126.75.174 - - [26/Mar/2018:08:36:14 +0800] "HEAD / HTTP/1.1" 301 0 "-" "Mozilla/5.0 (compatible; MSIE 9.0; Windows NT 6.1; Win64; x64; Trident/5.0)"
112.124.127.44 - - [26/Mar/2018:08:38:08 +0800] "HEAD / HTTP/1.1" 301 0 "-" "Mozilla/5.0 (compatible; MSIE 9.0; Windows NT 6.1; Win64; x64; Trident/5.0)"
115.28.26.13 - - [26/Mar/2018:08:40:08 +0800] "HEAD / HTTP/1.1" 301 0 "-" "Mozilla/5.0 (compatible; MSIE 9.0; Windows NT 6.1; Win64; x64; Trident/5.0)"
112.126.75.174 - - [26/Mar/2018:08:41:14 +0800] "HEAD / HTTP/1.1" 301 0 "-" "Mozilla/5.0 (compatible; MSIE 9.0; Windows NT 6.1; Win64; x64; Trident/5.0)"
122.193.143.116 - - [26/Mar/2018:08:41:17 +0800] "GET / HTTP/1.1" 200 931 "-" "Mozilla/5.0 (Windows NT 5.1) AppleWebKit/537.36 (KHTML, like Gecko) Chrome/49.0.2623.221 Safari/537.36 SE 2.X MetaSr 1.0"
122.193.143.116 - - [26/Mar/2018:08:41:23 +0800] "GET /lib/bootstrap/css/bootstrap.css HTTP/1.1" 200 25067 "https://www.yazhoujuejin.com/" "Mozilla/5.0 (Windows NT 5.1) AppleWebKit/537.36 (KHTML, like Gecko) Chrome/49.0.2623.221 Safari/537.36 SE 2.X MetaSr 1.0"
122.193.143.116 - - [26/Mar/2018:08:41:23 +0800] "GET /css/title.css HTTP/1.1" 200 515 "https://www.yazhoujuejin.com/" "Mozilla/5.0 (Windows NT 5.1) AppleWebKit/537.36 (KHTML, like Gecko) Chrome/49.0.2623.221 Safari/537.36 SE 2.X MetaSr 1.0"
122.193.143.116 - - [26/Mar/2018:08:41:23 +0800] "GET /css/reset.css HTTP/1.1" 200 523 "https://www.yazhoujuejin.com/" "Mozilla/5.0 (Windows NT 5.1) AppleWebKit/537.36 (KHTML, like Gecko) Chrome/49.0.2623.221 Safari/537.36 SE 2.X MetaSr 1.0"
122.193.143.116 - - [26/Mar/2018:08:41:23 +0800] "GET /css/animations.css HTTP/1.1" 200 735 "https://www.yazhoujuejin.com/" "Mozilla/5.0 (Windows NT 5.1) AppleWebKit/537.36 (KHTML, like Gecko) Chrome/49.0.2623.221 Safari/537.36 SE 2.X MetaSr 1.0"
122.193.143.116 - - [26/Mar/2018:08:41:23 +0800] "GET /lib/bootstrap/js/html5.js HTTP/1.1" 200 3026 "https://www.yazhoujuejin.com/" "Mozilla/5.0 (Windows NT 5.1) AppleWebKit/537.36 (KHTML, like Gecko) Chrome/49.0.2623.221 Safari/537.36 SE 2.X MetaSr 1.0"
122.193.143.116 - - [26/Mar/2018:08:41:23 +0800] "GET /css/footer.css HTTP/1.1" 200 716 "https://www.yazhoujuejin.com/" "Mozilla/5.0 (Windows NT 5.1) AppleWebKit/537.36 (KHTML, like Gecko) Chrome/49.0.2623.221 Safari/537.36 SE 2.X MetaSr 1.0"
122.193.143.116 - - [26/Mar/2018:08:41:23 +0800] "GET /lib/bootstrap/js/respond.js HTTP/1.1" 200 4381 "https://www.yazhoujuejin.com/" "Mozilla/5.0 (Windows NT 5.1) AppleWebKit/537.36 (KHTML, like Gecko) Chrome/49.0.2623.221 Safari/537.36 SE 2.X MetaSr 1.0"
122.193.143.116 - - [26/Mar/2018:08:41:24 +0800] "GET /lib/bootstrap/js/bootstrap.min.js HTTP/1.1" 200 65813 "https://www.yazhoujuejin.com/" "Mozilla/5.0 (Windows NT 5.1) AppleWebKit/537.36 (KHTML, like Gecko) Chrome/49.0.2623.221 Safari/537.36 SE 2.X MetaSr 1.0"
122.193.143.116 - - [26/Mar/2018:08:41:24 +0800] "GET /lib/bootstrap/js/bootstrap-dropdown-on-hover.js HTTP/1.1" 200 9092 "https://www.yazhoujuejin.com/" "Mozilla/5.0 (Windows NT 5.1) AppleWebKit/537.36 (KHTML, like Gecko) Chrome/49.0.2623.221 Safari/537.36 SE 2.X MetaSr 1.0"
122.193.143.116 - - [26/Mar/2018:08:41:24 +0800] "GET /js/m.js HTTP/1.1" 200 14489 "https://www.yazhoujuejin.com/" "Mozilla/5.0 (Windows NT 5.1) AppleWebKit/537.36 (KHTML, like Gecko) Chrome/49.0.2623.221 Safari/537.36 SE 2.X MetaSr 1.0"
122.193.143.116 - - [26/Mar/2018:08:41:24 +0800] "GET /js/cookie.js HTTP/1.1" 200 1561 "https://www.yazhoujuejin.com/" "Mozilla/5.0 (Windows NT 5.1) AppleWebKit/537.36 (KHTML, like Gecko) Chrome/49.0.2623.221 Safari/537.36 SE 2.X MetaSr 1.0"
122.193.143.116 - - [26/Mar/2018:08:41:24 +0800] "GET /js/index.js HTTP/1.1" 200 3425 "https://www.yazhoujuejin.com/" "Mozilla/5.0 (Windows NT 5.1) AppleWebKit/537.36 (KHTML, like Gecko) Chrome/49.0.2623.221 Safari/537.36 SE 2.X MetaSr 1.0"
122.193.143.116 - - [26/Mar/2018:08:41:24 +0800] "GET /lib/jquery/jquery-1.12.1.js HTTP/1.1" 200 407013 "https://www.yazhoujuejin.com/" "Mozilla/5.0 (Windows NT 5.1) AppleWebKit/537.36 (KHTML, like Gecko) Chrome/49.0.2623.221 Safari/537.36 SE 2.X MetaSr 1.0"
122.193.143.116 - - [26/Mar/2018:08:41:31 +0800] "GET /css/modal.css HTTP/1.1" 200 778 "https://www.yazhoujuejin.com/" "Mozilla/5.0 (Windows NT 5.1) AppleWebKit/537.36 (KHTML, like Gecko) Chrome/49.0.2623.221 Safari/537.36 SE 2.X MetaSr 1.0"
122.193.143.116 - - [26/Mar/2018:08:41:31 +0800] "GET /html/title.html HTTP/1.1" 200 810 "https://www.yazhoujuejin.com/" "Mozilla/5.0 (Windows NT 5.1) AppleWebKit/537.36 (KHTML, like Gecko) Chrome/49.0.2623.221 Safari/537.36 SE 2.X MetaSr 1.0"
122.193.143.116 - - [26/Mar/2018:08:41:31 +0800] "GET /html/modal.html HTTP/1.1" 200 1092 "https://www.yazhoujuejin.com/" "Mozilla/5.0 (Windows NT 5.1) AppleWebKit/537.36 (KHTML, like Gecko) Chrome/49.0.2623.221 Safari/537.36 SE 2.X MetaSr 1.0"
122.193.143.116 - - [26/Mar/2018:08:41:31 +0800] "GET /html/footer.html HTTP/1.1" 200 1546 "https://www.yazhoujuejin.com/" "Mozilla/5.0 (Windows NT 5.1) AppleWebKit/537.36 (KHTML, like Gecko) Chrome/49.0.2623.221 Safari/537.36 SE 2.X MetaSr 1.0"
122.193.143.116 - - [26/Mar/2018:08:41:31 +0800] "GET /images/banner.jpg HTTP/1.1" 200 353169 "https://www.yazhoujuejin.com/" "Mozilla/5.0 (Windows NT 5.1) AppleWebKit/537.36 (KHTML, like Gecko) Chrome/49.0.2623.221 Safari/537.36 SE 2.X MetaSr 1.0"
122.193.143.116 - - [26/Mar/2018:08:41:32 +0800] "GET /images/logo.png HTTP/1.1" 200 5728 "https://www.yazhoujuejin.com/" "Mozilla/5.0 (Windows NT 5.1) AppleWebKit/537.36 (KHTML, like Gecko) Chrome/49.0.2623.221 Safari/537.36 SE 2.X MetaSr 1.0"
122.193.143.116 - - [26/Mar/2018:08:41:32 +0800] "GET /images/xiaochengxu.jpg HTTP/1.1" 200 30629 "https://www.yazhoujuejin.com/" "Mozilla/5.0 (Windows NT 5.1) AppleWebKit/537.36 (KHTML, like Gecko) Chrome/49.0.2623.221 Safari/537.36 SE 2.X MetaSr 1.0"
122.193.143.116 - - [26/Mar/2018:08:41:32 +0800] "GET /images/app.jpg HTTP/1.1" 200 14362 "https://www.yazhoujuejin.com/" "Mozilla/5.0 (Windows NT 5.1) AppleWebKit/537.36 (KHTML, like Gecko) Chrome/49.0.2623.221 Safari/537.36 SE 2.X MetaSr 1.0"
122.193.143.116 - - [26/Mar/2018:08:41:32 +0800] "GET /images/ico-code.png HTTP/1.1" 200 11766 "https://www.yazhoujuejin.com/css/footer.css" "Mozilla/5.0 (Windows NT 5.1) AppleWebKit/537.36 (KHTML, like Gecko) Chrome/49.0.2623.221 Safari/537.36 SE 2.X MetaSr 1.0"
122.193.143.116 - - [26/Mar/2018:08:41:32 +0800] "GET /images/gongzhonghao.jpg HTTP/1.1" 200 30169 "https://www.yazhoujuejin.com/" "Mozilla/5.0 (Windows NT 5.1) AppleWebKit/537.36 (KHTML, like Gecko) Chrome/49.0.2623.221 Safari/537.36 SE 2.X MetaSr 1.0"
112.124.127.44 - - [26/Mar/2018:08:43:08 +0800] "HEAD / HTTP/1.1" 301 0 "-" "Mozilla/5.0 (compatible; MSIE 9.0; Windows NT 6.1; Win64; x64; Trident/5.0)"
115.28.26.13 - - [26/Mar/2018:08:45:08 +0800] "HEAD / HTTP/1.1" 301 0 "-" "Mozilla/5.0 (compatible; MSIE 9.0; Windows NT 6.1; Win64; x64; Trident/5.0)"
112.126.75.174 - - [26/Mar/2018:08:46:14 +0800] "HEAD / HTTP/1.1" 301 0 "-" "Mozilla/5.0 (compatible; MSIE 9.0; Windows NT 6.1; Win64; x64; Trident/5.0)"
112.124.127.44 - - [26/Mar/2018:08:48:08 +0800] "HEAD / HTTP/1.1" 301 0 "-" "Mozilla/5.0 (compatible; MSIE 9.0; Windows NT 6.1; Win64; x64; Trident/5.0)"
112.28.141.43 - - [26/Mar/2018:08:49:19 +0800] "GET /favicon.ico HTTP/1.1" 404 564 "-" "Mozilla/5.0 (Windows NT 10.0; WOW64) AppleWebKit/537.36 (KHTML, like Gecko) Chrome/55.0.2883.87 Safari/537.36"
115.28.26.13 - - [26/Mar/2018:08:50:08 +0800] "HEAD / HTTP/1.1" 301 0 "-" "Mozilla/5.0 (compatible; MSIE 9.0; Windows NT 6.1; Win64; x64; Trident/5.0)"
112.126.75.174 - - [26/Mar/2018:08:51:14 +0800] "HEAD / HTTP/1.1" 301 0 "-" "Mozilla/5.0 (compatible; MSIE 9.0; Windows NT 6.1; Win64; x64; Trident/5.0)"
218.22.4.122 - - [26/Mar/2018:08:52:07 +0800] "GET /favicon.ico HTTP/1.1" 301 178 "-" "Mozilla/4.0 (compatible; MSIE 7.0; Windows NT 5.1; Trident/4.0; .NET CLR 2.0.50727; 360space)"
112.124.127.44 - - [26/Mar/2018:08:53:08 +0800] "HEAD / HTTP/1.1" 301 0 "-" "Mozilla/5.0 (compatible; MSIE 9.0; Windows NT 6.1; Win64; x64; Trident/5.0)"
115.28.26.13 - - [26/Mar/2018:08:55:08 +0800] "HEAD / HTTP/1.1" 301 0 "-" "Mozilla/5.0 (compatible; MSIE 9.0; Windows NT 6.1; Win64; x64; Trident/5.0)"
112.126.75.174 - - [26/Mar/2018:08:56:14 +0800] "HEAD / HTTP/1.1" 301 0 "-" "Mozilla/5.0 (compatible; MSIE 9.0; Windows NT 6.1; Win64; x64; Trident/5.0)"
112.124.127.44 - - [26/Mar/2018:08:58:08 +0800] "HEAD / HTTP/1.1" 301 0 "-" "Mozilla/5.0 (compatible; MSIE 9.0; Windows NT 6.1; Win64; x64; Trident/5.0)"
117.136.90.227 - - [26/Mar/2018:08:59:15 +0800] "GET /regist.html HTTP/1.1" 200 2055 "-" "Mozilla/5.0 (Linux; Android 7.1.1; GIONEE M7 Build/N6F26Q; wv) AppleWebKit/537.36 (KHTML, like Gecko) Version/4.0 Chrome/53.0.2785.49 Mobile MQQBrowser/6.2 TBS/043670 Safari/537.36 MicroMessenger/6.5.13.1100 NetType/4G Language/zh_CN"
117.136.90.227 - - [26/Mar/2018:08:59:16 +0800] "GET /css/reset.css HTTP/1.1" 200 523 "https://www.yazhoujuejin.com/regist.html" "Mozilla/5.0 (Linux; Android 7.1.1; GIONEE M7 Build/N6F26Q; wv) AppleWebKit/537.36 (KHTML, like Gecko) Version/4.0 Chrome/53.0.2785.49 Mobile MQQBrowser/6.2 TBS/043670 Safari/537.36 MicroMessenger/6.5.13.1100 NetType/4G Language/zh_CN"
117.136.90.227 - - [26/Mar/2018:08:59:16 +0800] "GET /lib/bootstrap/css/bootstrap.css HTTP/1.1" 200 25067 "https://www.yazhoujuejin.com/regist.html" "Mozilla/5.0 (Linux; Android 7.1.1; GIONEE M7 Build/N6F26Q; wv) AppleWebKit/537.36 (KHTML, like Gecko) Version/4.0 Chrome/53.0.2785.49 Mobile MQQBrowser/6.2 TBS/043670 Safari/537.36 MicroMessenger/6.5.13.1100 NetType/4G Language/zh_CN"
117.136.90.227 - - [26/Mar/2018:08:59:16 +0800] "GET /css/title.css HTTP/1.1" 200 515 "https://www.yazhoujuejin.com/regist.html" "Mozilla/5.0 (Linux; Android 7.1.1; GIONEE M7 Build/N6F26Q; wv) AppleWebKit/537.36 (KHTML, like Gecko) Version/4.0 Chrome/53.0.2785.49 Mobile MQQBrowser/6.2 TBS/043670 Safari/537.36 MicroMessenger/6.5.13.1100 NetType/4G Language/zh_CN"
117.136.90.227 - - [26/Mar/2018:08:59:16 +0800] "GET /css/footer.css HTTP/1.1" 200 716 "https://www.yazhoujuejin.com/regist.html" "Mozilla/5.0 (Linux; Android 7.1.1; GIONEE M7 Build/N6F26Q; wv) AppleWebKit/537.36 (KHTML, like Gecko) Version/4.0 Chrome/53.0.2785.49 Mobile MQQBrowser/6.2 TBS/043670 Safari/537.36 MicroMessenger/6.5.13.1100 NetType/4G Language/zh_CN"
117.136.90.227 - - [26/Mar/2018:08:59:16 +0800] "GET /css/animations.css HTTP/1.1" 200 735 "https://www.yazhoujuejin.com/regist.html" "Mozilla/5.0 (Linux; Android 7.1.1; GIONEE M7 Build/N6F26Q; wv) AppleWebKit/537.36 (KHTML, like Gecko) Version/4.0 Chrome/53.0.2785.49 Mobile MQQBrowser/6.2 TBS/043670 Safari/537.36 MicroMessenger/6.5.13.1100 NetType/4G Language/zh_CN"
117.136.90.227 - - [26/Mar/2018:08:59:16 +0800] "GET /lib/bootstrap/js/respond.js HTTP/1.1" 200 4381 "https://www.yazhoujuejin.com/regist.html" "Mozilla/5.0 (Linux; Android 7.1.1; GIONEE M7 Build/N6F26Q; wv) AppleWebKit/537.36 (KHTML, like Gecko) Version/4.0 Chrome/53.0.2785.49 Mobile MQQBrowser/6.2 TBS/043670 Safari/537.36 MicroMessenger/6.5.13.1100 NetType/4G Language/zh_CN"
117.136.90.227 - - [26/Mar/2018:08:59:16 +0800] "GET /css/mobile.css HTTP/1.1" 200 1104 "https://www.yazhoujuejin.com/regist.html" "Mozilla/5.0 (Linux; Android 7.1.1; GIONEE M7 Build/N6F26Q; wv) AppleWebKit/537.36 (KHTML, like Gecko) Version/4.0 Chrome/53.0.2785.49 Mobile MQQBrowser/6.2 TBS/043670 Safari/537.36 MicroMessenger/6.5.13.1100 NetType/4G Language/zh_CN"
117.136.90.227 - - [26/Mar/2018:08:59:16 +0800] "GET /lib/bootstrap/js/html5.js HTTP/1.1" 200 3026 "https://www.yazhoujuejin.com/regist.html" "Mozilla/5.0 (Linux; Android 7.1.1; GIONEE M7 Build/N6F26Q; wv) AppleWebKit/537.36 (KHTML, like Gecko) Version/4.0 Chrome/53.0.2785.49 Mobile MQQBrowser/6.2 TBS/043670 Safari/537.36 MicroMessenger/6.5.13.1100 NetType/4G Language/zh_CN"
117.136.90.227 - - [26/Mar/2018:08:59:16 +0800] "GET /js/m.js HTTP/1.1" 200 14489 "https://www.yazhoujuejin.com/regist.html" "Mozilla/5.0 (Linux; Android 7.1.1; GIONEE M7 Build/N6F26Q; wv) AppleWebKit/537.36 (KHTML, like Gecko) Version/4.0 Chrome/53.0.2785.49 Mobile MQQBrowser/6.2 TBS/043670 Safari/537.36 MicroMessenger/6.5.13.1100 NetType/4G Language/zh_CN"
117.136.90.227 - - [26/Mar/2018:08:59:16 +0800] "GET /js/cookie.js HTTP/1.1" 200 1561 "https://www.yazhoujuejin.com/regist.html" "Mozilla/5.0 (Linux; Android 7.1.1; GIONEE M7 Build/N6F26Q; wv) AppleWebKit/537.36 (KHTML, like Gecko) Version/4.0 Chrome/53.0.2785.49 Mobile MQQBrowser/6.2 TBS/043670 Safari/537.36 MicroMessenger/6.5.13.1100 NetType/4G Language/zh_CN"
117.136.90.227 - - [26/Mar/2018:08:59:16 +0800] "GET /lib/bootstrap/js/bootstrap-dropdown-on-hover.js HTTP/1.1" 200 9092 "https://www.yazhoujuejin.com/regist.html" "Mozilla/5.0 (Linux; Android 7.1.1; GIONEE M7 Build/N6F26Q; wv) AppleWebKit/537.36 (KHTML, like Gecko) Version/4.0 Chrome/53.0.2785.49 Mobile MQQBrowser/6.2 TBS/043670 Safari/537.36 MicroMessenger/6.5.13.1100 NetType/4G Language/zh_CN"
117.136.90.227 - - [26/Mar/2018:08:59:16 +0800] "GET /js/regist.js HTTP/1.1" 200 5259 "https://www.yazhoujuejin.com/regist.html" "Mozilla/5.0 (Linux; Android 7.1.1; GIONEE M7 Build/N6F26Q; wv) AppleWebKit/537.36 (KHTML, like Gecko) Version/4.0 Chrome/53.0.2785.49 Mobile MQQBrowser/6.2 TBS/043670 Safari/537.36 MicroMessenger/6.5.13.1100 NetType/4G Language/zh_CN"
117.136.90.227 - - [26/Mar/2018:08:59:16 +0800] "GET /lib/bootstrap/js/bootstrap.min.js HTTP/1.1" 200 65813 "https://www.yazhoujuejin.com/regist.html" "Mozilla/5.0 (Linux; Android 7.1.1; GIONEE M7 Build/N6F26Q; wv) AppleWebKit/537.36 (KHTML, like Gecko) Version/4.0 Chrome/53.0.2785.49 Mobile MQQBrowser/6.2 TBS/043670 Safari/537.36 MicroMessenger/6.5.13.1100 NetType/4G Language/zh_CN"
117.136.90.227 - - [26/Mar/2018:08:59:16 +0800] "GET /css/register.css HTTP/1.1" 200 480 "https://www.yazhoujuejin.com/regist.html" "Mozilla/5.0 (Linux; Android 7.1.1; GIONEE M7 Build/N6F26Q; wv) AppleWebKit/537.36 (KHTML, like Gecko) Version/4.0 Chrome/53.0.2785.49 Mobile MQQBrowser/6.2 TBS/043670 Safari/537.36 MicroMessenger/6.5.13.1100 NetType/4G Language/zh_CN"
117.136.90.227 - - [26/Mar/2018:08:59:16 +0800] "GET /lib/jquery/jquery-1.12.1.js HTTP/1.1" 200 407013 "https://www.yazhoujuejin.com/regist.html" "Mozilla/5.0 (Linux; Android 7.1.1; GIONEE M7 Build/N6F26Q; wv) AppleWebKit/537.36 (KHTML, like Gecko) Version/4.0 Chrome/53.0.2785.49 Mobile MQQBrowser/6.2 TBS/043670 Safari/537.36 MicroMessenger/6.5.13.1100 NetType/4G Language/zh_CN"
117.136.90.227 - - [26/Mar/2018:08:59:16 +0800] "GET /images/loginbg.jpg HTTP/1.1" 200 39662 "https://www.yazhoujuejin.com/regist.html" "Mozilla/5.0 (Linux; Android 7.1.1; GIONEE M7 Build/N6F26Q; wv) AppleWebKit/537.36 (KHTML, like Gecko) Version/4.0 Chrome/53.0.2785.49 Mobile MQQBrowser/6.2 TBS/043670 Safari/537.36 MicroMessenger/6.5.13.1100 NetType/4G Language/zh_CN"
117.136.90.227 - - [26/Mar/2018:08:59:16 +0800] "GET /lib/bootstrap/fonts/glyphicons-halflings-regular.woff HTTP/1.1" 200 23320 "https://www.yazhoujuejin.com/lib/bootstrap/css/bootstrap.css" "Mozilla/5.0 (Linux; Android 7.1.1; GIONEE M7 Build/N6F26Q; wv) AppleWebKit/537.36 (KHTML, like Gecko) Version/4.0 Chrome/53.0.2785.49 Mobile MQQBrowser/6.2 TBS/043670 Safari/537.36 MicroMessenger/6.5.13.1100 NetType/4G Language/zh_CN"
117.136.90.227 - - [26/Mar/2018:08:59:17 +0800] "GET /html/footer.html HTTP/1.1" 200 1546 "https://www.yazhoujuejin.com/regist.html" "Mozilla/5.0 (Linux; Android 7.1.1; GIONEE M7 Build/N6F26Q; wv) AppleWebKit/537.36 (KHTML, like Gecko) Version/4.0 Chrome/53.0.2785.49 Mobile MQQBrowser/6.2 TBS/043670 Safari/537.36 MicroMessenger/6.5.13.1100 NetType/4G Language/zh_CN"
117.136.90.227 - - [26/Mar/2018:08:59:17 +0800] "GET /html/title.html HTTP/1.1" 200 810 "https://www.yazhoujuejin.com/regist.html" "Mozilla/5.0 (Linux; Android 7.1.1; GIONEE M7 Build/N6F26Q; wv) AppleWebKit/537.36 (KHTML, like Gecko) Version/4.0 Chrome/53.0.2785.49 Mobile MQQBrowser/6.2 TBS/043670 Safari/537.36 MicroMessenger/6.5.13.1100 NetType/4G Language/zh_CN"
115.28.26.13 - - [26/Mar/2018:09:00:08 +0800] "HEAD / HTTP/1.1" 301 0 "-" "Mozilla/5.0 (compatible; MSIE 9.0; Windows NT 6.1; Win64; x64; Trident/5.0)"
112.126.75.174 - - [26/Mar/2018:09:01:14 +0800] "HEAD / HTTP/1.1" 301 0 "-" "Mozilla/5.0 (compatible; MSIE 9.0; Windows NT 6.1; Win64; x64; Trident/5.0)"
112.124.127.44 - - [26/Mar/2018:09:03:08 +0800] "HEAD / HTTP/1.1" 301 0 "-" "Mozilla/5.0 (compatible; MSIE 9.0; Windows NT 6.1; Win64; x64; Trident/5.0)"
115.28.26.13 - - [26/Mar/2018:09:05:08 +0800] "HEAD / HTTP/1.1" 301 0 "-" "Mozilla/5.0 (compatible; MSIE 9.0; Windows NT 6.1; Win64; x64; Trident/5.0)"
112.126.75.174 - - [26/Mar/2018:09:06:14 +0800] "HEAD / HTTP/1.1" 301 0 "-" "Mozilla/5.0 (compatible; MSIE 9.0; Windows NT 6.1; Win64; x64; Trident/5.0)"
220.181.108.179 - - [26/Mar/2018:09:06:37 +0800] "GET / HTTP/1.1" 200 1871 "-" "Mozilla/5.0 (compatible; Baiduspider/2.0; +http://www.baidu.com/search/spider.html)"
111.206.198.51 - - [26/Mar/2018:09:06:40 +0800] "GET /html/title.html HTTP/1.1" 200 1787 "https://www.yazhoujuejin.com/" "Mozilla/5.0 (compatible; Baiduspider-render/2.0; +http://www.baidu.com/search/spider.html)"
111.206.221.103 - - [26/Mar/2018:09:06:40 +0800] "GET /html/modal.html HTTP/1.1" 200 1936 "https://www.yazhoujuejin.com/" "Mozilla/5.0 (compatible; Baiduspider-render/2.0; +http://www.baidu.com/search/spider.html)"
111.206.221.9 - - [26/Mar/2018:09:06:40 +0800] "GET /html/footer.html HTTP/1.1" 200 3379 "https://www.yazhoujuejin.com/" "Mozilla/5.0 (compatible; Baiduspider-render/2.0; +http://www.baidu.com/search/spider.html)"
111.206.198.43 - - [26/Mar/2018:09:06:41 +0800] "GET /html/footer.html HTTP/1.1" 200 3379 "https://www.yazhoujuejin.com/" "Mozilla/5.0 (iPhone; CPU iPhone OS 9_1 like Mac OS X) AppleWebKit/601.1.46 (KHTML, like Gecko) Version/9.0 Mobile/13B143 Safari/601.1 (compatible; Baiduspider-render/2.0; +http://www.baidu.com/search/spider.html)"
111.206.221.11 - - [26/Mar/2018:09:06:41 +0800] "GET /html/title.html HTTP/1.1" 200 1787 "https://www.yazhoujuejin.com/" "Mozilla/5.0 (iPhone; CPU iPhone OS 9_1 like Mac OS X) AppleWebKit/601.1.46 (KHTML, like Gecko) Version/9.0 Mobile/13B143 Safari/601.1 (compatible; Baiduspider-render/2.0; +http://www.baidu.com/search/spider.html)"
111.206.198.75 - - [26/Mar/2018:09:06:41 +0800] "GET /html/modal.html HTTP/1.1" 200 1936 "https://www.yazhoujuejin.com/" "Mozilla/5.0 (iPhone; CPU iPhone OS 9_1 like Mac OS X) AppleWebKit/601.1.46 (KHTML, like Gecko) Version/9.0 Mobile/13B143 Safari/601.1 (compatible; Baiduspider-render/2.0; +http://www.baidu.com/search/spider.html)"
112.124.127.44 - - [26/Mar/2018:09:08:08 +0800] "HEAD / HTTP/1.1" 301 0 "-" "Mozilla/5.0 (compatible; MSIE 9.0; Windows NT 6.1; Win64; x64; Trident/5.0)"
115.28.26.13 - - [26/Mar/2018:09:10:08 +0800] "HEAD / HTTP/1.1" 301 0 "-" "Mozilla/5.0 (compatible; MSIE 9.0; Windows NT 6.1; Win64; x64; Trident/5.0)"
112.126.75.174 - - [26/Mar/2018:09:11:14 +0800] "HEAD / HTTP/1.1" 301 0 "-" "Mozilla/5.0 (compatible; MSIE 9.0; Windows NT 6.1; Win64; x64; Trident/5.0)"
112.124.127.44 - - [26/Mar/2018:09:13:08 +0800] "HEAD / HTTP/1.1" 301 0 "-" "Mozilla/5.0 (compatible; MSIE 9.0; Windows NT 6.1; Win64; x64; Trident/5.0)"
115.28.26.13 - - [26/Mar/2018:09:15:08 +0800] "HEAD / HTTP/1.1" 301 0 "-" "Mozilla/5.0 (compatible; MSIE 9.0; Windows NT 6.1; Win64; x64; Trident/5.0)"
112.126.75.174 - - [26/Mar/2018:09:16:14 +0800] "HEAD / HTTP/1.1" 301 0 "-" "Mozilla/5.0 (compatible; MSIE 9.0; Windows NT 6.1; Win64; x64; Trident/5.0)"
58.222.239.127 - - [26/Mar/2018:09:16:26 +0800] "GET /favicon.ico HTTP/1.1" 301 178 "-" "Mozilla/5.0 (Windows NT 6.1) AppleWebKit/537.36 (KHTML, like Gecko) Chrome/55.0.2883.87 Safari/537.36"
58.222.239.127 - - [26/Mar/2018:09:16:26 +0800] "GET /favicon.ico HTTP/1.1" 404 564 "-" "Mozilla/5.0 (Windows NT 6.1) AppleWebKit/537.36 (KHTML, like Gecko) Chrome/55.0.2883.87 Safari/537.36"
61.186.172.147 - - [26/Mar/2018:09:16:53 +0800] "GET /favicon.ico HTTP/1.1" 404 564 "-" "Mozilla/5.0 (Windows NT 5.1) AppleWebKit/537.36 (KHTML, like Gecko) Chrome/55.0.2883.87 Safari/537.36"
112.124.127.44 - - [26/Mar/2018:09:18:08 +0800] "HEAD / HTTP/1.1" 301 0 "-" "Mozilla/5.0 (compatible; MSIE 9.0; Windows NT 6.1; Win64; x64; Trident/5.0)"
203.208.60.250 - - [26/Mar/2018:09:20:05 +0800] "GET /robots.txt HTTP/1.1" 404 162 "-" "Mozilla/5.0 (compatible; Googlebot/2.1; +http://www.google.com/bot.html)"
115.28.26.13 - - [26/Mar/2018:09:20:08 +0800] "HEAD / HTTP/1.1" 301 0 "-" "Mozilla/5.0 (compatible; MSIE 9.0; Windows NT 6.1; Win64; x64; Trident/5.0)"
112.126.75.174 - - [26/Mar/2018:09:21:14 +0800] "HEAD / HTTP/1.1" 301 0 "-" "Mozilla/5.0 (compatible; MSIE 9.0; Windows NT 6.1; Win64; x64; Trident/5.0)"
112.124.127.44 - - [26/Mar/2018:09:23:08 +0800] "HEAD / HTTP/1.1" 301 0 "-" "Mozilla/5.0 (compatible; MSIE 9.0; Windows NT 6.1; Win64; x64; Trident/5.0)"
115.28.26.13 - - [26/Mar/2018:09:25:08 +0800] "HEAD / HTTP/1.1" 301 0 "-" "Mozilla/5.0 (compatible; MSIE 9.0; Windows NT 6.1; Win64; x64; Trident/5.0)"
112.126.75.174 - - [26/Mar/2018:09:26:14 +0800] "HEAD / HTTP/1.1" 301 0 "-" "Mozilla/5.0 (compatible; MSIE 9.0; Windows NT 6.1; Win64; x64; Trident/5.0)"
66.240.205.34 - - [26/Mar/2018:09:27:34 +0800] "Gh0st\xAD\x00\x00\x00\xE0\x00\x00\x00x\x9CKS``\x98\xC3\xC0\xC0\xC0\x06\xC4\x8C@\xBCQ\x96\x81\x81\x09H\x07\xA7\x16\x95e&\xA7*\x04$&g+\x182\x94\xF6\xB000\xAC\xA8rc\x00\x01\x11\xA0\x82\x1F\x5C`&\x83\xC7K7\x86\x19\xE5n\x0C9\x95n\x0C;\x84\x0F3\xAC\xE8sch\xA8^\xCF4'J\x97\xA9\x82\xE30\xC3\x91h]&\x90\xF8\xCE\x97S\xCBA4L?2=\xE1\xC4\x92\x86\x0B@\xF5`\x0CT\x1F\xAE\xAF]" 400 166 "-" "-"
112.124.127.44 - - [26/Mar/2018:09:28:08 +0800] "HEAD / HTTP/1.1" 301 0 "-" "Mozilla/5.0 (compatible; MSIE 9.0; Windows NT 6.1; Win64; x64; Trident/5.0)"
115.28.26.13 - - [26/Mar/2018:09:30:08 +0800] "HEAD / HTTP/1.1" 301 0 "-" "Mozilla/5.0 (compatible; MSIE 9.0; Windows NT 6.1; Win64; x64; Trident/5.0)"
112.126.75.174 - - [26/Mar/2018:09:31:14 +0800] "HEAD / HTTP/1.1" 301 0 "-" "Mozilla/5.0 (compatible; MSIE 9.0; Windows NT 6.1; Win64; x64; Trident/5.0)"
112.124.127.44 - - [26/Mar/2018:09:33:08 +0800] "HEAD / HTTP/1.1" 301 0 "-" "Mozilla/5.0 (compatible; MSIE 9.0; Windows NT 6.1; Win64; x64; Trident/5.0)"
115.28.26.13 - - [26/Mar/2018:09:35:08 +0800] "HEAD / HTTP/1.1" 301 0 "-" "Mozilla/5.0 (compatible; MSIE 9.0; Windows NT 6.1; Win64; x64; Trident/5.0)"
112.126.75.174 - - [26/Mar/2018:09:36:14 +0800] "HEAD / HTTP/1.1" 301 0 "-" "Mozilla/5.0 (compatible; MSIE 9.0; Windows NT 6.1; Win64; x64; Trident/5.0)"
112.124.127.44 - - [26/Mar/2018:09:38:08 +0800] "HEAD / HTTP/1.1" 301 0 "-" "Mozilla/5.0 (compatible; MSIE 9.0; Windows NT 6.1; Win64; x64; Trident/5.0)"
115.28.26.13 - - [26/Mar/2018:09:40:08 +0800] "HEAD / HTTP/1.1" 301 0 "-" "Mozilla/5.0 (compatible; MSIE 9.0; Windows NT 6.1; Win64; x64; Trident/5.0)"
203.208.60.251 - - [26/Mar/2018:09:40:27 +0800] "GET / HTTP/1.1" 200 931 "-" "Mozilla/5.0 (compatible; Googlebot/2.1; +http://www.google.com/bot.html)"
112.126.75.174 - - [26/Mar/2018:09:41:14 +0800] "HEAD / HTTP/1.1" 301 0 "-" "Mozilla/5.0 (compatible; MSIE 9.0; Windows NT 6.1; Win64; x64; Trident/5.0)"
112.124.127.44 - - [26/Mar/2018:09:43:08 +0800] "HEAD / HTTP/1.1" 301 0 "-" "Mozilla/5.0 (compatible; MSIE 9.0; Windows NT 6.1; Win64; x64; Trident/5.0)"
115.28.26.13 - - [26/Mar/2018:09:45:08 +0800] "HEAD / HTTP/1.1" 301 0 "-" "Mozilla/5.0 (compatible; MSIE 9.0; Windows NT 6.1; Win64; x64; Trident/5.0)"
112.126.75.174 - - [26/Mar/2018:09:46:14 +0800] "HEAD / HTTP/1.1" 301 0 "-" "Mozilla/5.0 (compatible; MSIE 9.0; Windows NT 6.1; Win64; x64; Trident/5.0)"
112.124.127.44 - - [26/Mar/2018:09:48:08 +0800] "HEAD / HTTP/1.1" 301 0 "-" "Mozilla/5.0 (compatible; MSIE 9.0; Windows NT 6.1; Win64; x64; Trident/5.0)"
54.183.165.74 - - [26/Mar/2018:09:48:48 +0800] "GET / HTTP/1.1" 200 931 "-" "Mozilla/5.0 (Macintosh; Intel Mac OS X 10_12_6) AppleWebKit/537.36 (KHTML, like Gecko) Chrome/61.0.3163.100 Safari/537.36"
115.28.26.13 - - [26/Mar/2018:09:50:08 +0800] "HEAD / HTTP/1.1" 301 0 "-" "Mozilla/5.0 (compatible; MSIE 9.0; Windows NT 6.1; Win64; x64; Trident/5.0)"
112.126.75.174 - - [26/Mar/2018:09:51:14 +0800] "HEAD / HTTP/1.1" 301 0 "-" "Mozilla/5.0 (compatible; MSIE 9.0; Windows NT 6.1; Win64; x64; Trident/5.0)"
112.124.127.44 - - [26/Mar/2018:09:53:08 +0800] "HEAD / HTTP/1.1" 301 0 "-" "Mozilla/5.0 (compatible; MSIE 9.0; Windows NT 6.1; Win64; x64; Trident/5.0)"
115.28.26.13 - - [26/Mar/2018:09:55:08 +0800] "HEAD / HTTP/1.1" 301 0 "-" "Mozilla/5.0 (compatible; MSIE 9.0; Windows NT 6.1; Win64; x64; Trident/5.0)"
112.126.75.174 - - [26/Mar/2018:09:56:14 +0800] "HEAD / HTTP/1.1" 301 0 "-" "Mozilla/5.0 (compatible; MSIE 9.0; Windows NT 6.1; Win64; x64; Trident/5.0)"
61.152.125.146 - - [26/Mar/2018:09:57:55 +0800] "GET /restful/product/list?callback=jQuery11210378366882679984_1497238604536&_=1497238604537&1=1 HTTP/1.1" 200 143 "-" "Mozilla/4.0 (compatible; MSIE 8.0; Windows NT 5.2)"
112.124.127.44 - - [26/Mar/2018:09:58:08 +0800] "HEAD / HTTP/1.1" 301 0 "-" "Mozilla/5.0 (compatible; MSIE 9.0; Windows NT 6.1; Win64; x64; Trident/5.0)"
113.71.194.17 - - [26/Mar/2018:10:00:05 +0800] "GET /favicon.ico HTTP/1.1" 404 564 "-" "Mozilla/5.0 (Windows NT 10.0; WOW64) AppleWebKit/537.36 (KHTML, like Gecko) Chrome/55.0.2883.87 Safari/537.36"
115.28.26.13 - - [26/Mar/2018:10:00:08 +0800] "HEAD / HTTP/1.1" 301 0 "-" "Mozilla/5.0 (compatible; MSIE 9.0; Windows NT 6.1; Win64; x64; Trident/5.0)"
112.126.75.174 - - [26/Mar/2018:10:01:14 +0800] "HEAD / HTTP/1.1" 301 0 "-" "Mozilla/5.0 (compatible; MSIE 9.0; Windows NT 6.1; Win64; x64; Trident/5.0)"
112.124.127.44 - - [26/Mar/2018:10:03:08 +0800] "HEAD / HTTP/1.1" 301 0 "-" "Mozilla/5.0 (compatible; MSIE 9.0; Windows NT 6.1; Win64; x64; Trident/5.0)"
115.28.26.13 - - [26/Mar/2018:10:05:08 +0800] "HEAD / HTTP/1.1" 301 0 "-" "Mozilla/5.0 (compatible; MSIE 9.0; Windows NT 6.1; Win64; x64; Trident/5.0)"
112.126.75.174 - - [26/Mar/2018:10:06:14 +0800] "HEAD / HTTP/1.1" 301 0 "-" "Mozilla/5.0 (compatible; MSIE 9.0; Windows NT 6.1; Win64; x64; Trident/5.0)"
112.124.127.44 - - [26/Mar/2018:10:08:08 +0800] "HEAD / HTTP/1.1" 301 0 "-" "Mozilla/5.0 (compatible; MSIE 9.0; Windows NT 6.1; Win64; x64; Trident/5.0)"
115.28.26.13 - - [26/Mar/2018:10:10:08 +0800] "HEAD / HTTP/1.1" 301 0 "-" "Mozilla/5.0 (compatible; MSIE 9.0; Windows NT 6.1; Win64; x64; Trident/5.0)"
112.126.75.174 - - [26/Mar/2018:10:11:14 +0800] "HEAD / HTTP/1.1" 301 0 "-" "Mozilla/5.0 (compatible; MSIE 9.0; Windows NT 6.1; Win64; x64; Trident/5.0)"
112.124.127.44 - - [26/Mar/2018:10:13:08 +0800] "HEAD / HTTP/1.1" 301 0 "-" "Mozilla/5.0 (compatible; MSIE 9.0; Windows NT 6.1; Win64; x64; Trident/5.0)"
115.28.26.13 - - [26/Mar/2018:10:15:08 +0800] "HEAD / HTTP/1.1" 301 0 "-" "Mozilla/5.0 (compatible; MSIE 9.0; Windows NT 6.1; Win64; x64; Trident/5.0)"
112.126.75.174 - - [26/Mar/2018:10:16:14 +0800] "HEAD / HTTP/1.1" 301 0 "-" "Mozilla/5.0 (compatible; MSIE 9.0; Windows NT 6.1; Win64; x64; Trident/5.0)"
112.124.127.44 - - [26/Mar/2018:10:18:08 +0800] "HEAD / HTTP/1.1" 301 0 "-" "Mozilla/5.0 (compatible; MSIE 9.0; Windows NT 6.1; Win64; x64; Trident/5.0)"
115.28.26.13 - - [26/Mar/2018:10:20:08 +0800] "HEAD / HTTP/1.1" 301 0 "-" "Mozilla/5.0 (compatible; MSIE 9.0; Windows NT 6.1; Win64; x64; Trident/5.0)"
112.126.75.174 - - [26/Mar/2018:10:21:14 +0800] "HEAD / HTTP/1.1" 301 0 "-" "Mozilla/5.0 (compatible; MSIE 9.0; Windows NT 6.1; Win64; x64; Trident/5.0)"
112.124.127.44 - - [26/Mar/2018:10:23:08 +0800] "HEAD / HTTP/1.1" 301 0 "-" "Mozilla/5.0 (compatible; MSIE 9.0; Windows NT 6.1; Win64; x64; Trident/5.0)"
115.28.26.13 - - [26/Mar/2018:10:25:08 +0800] "HEAD / HTTP/1.1" 301 0 "-" "Mozilla/5.0 (compatible; MSIE 9.0; Windows NT 6.1; Win64; x64; Trident/5.0)"
112.126.75.174 - - [26/Mar/2018:10:26:14 +0800] "HEAD / HTTP/1.1" 301 0 "-" "Mozilla/5.0 (compatible; MSIE 9.0; Windows NT 6.1; Win64; x64; Trident/5.0)"
112.124.127.44 - - [26/Mar/2018:10:28:08 +0800] "HEAD / HTTP/1.1" 301 0 "-" "Mozilla/5.0 (compatible; MSIE 9.0; Windows NT 6.1; Win64; x64; Trident/5.0)"
5.188.203.40 - - [26/Mar/2018:10:30:04 +0800] "POST /RPC2 HTTP/1.1" 301 178 "-" "NYU Internet Census (https://scan.lol; research@scan.lol)"
115.28.26.13 - - [26/Mar/2018:10:30:08 +0800] "HEAD / HTTP/1.1" 301 0 "-" "Mozilla/5.0 (compatible; MSIE 9.0; Windows NT 6.1; Win64; x64; Trident/5.0)"
112.126.75.174 - - [26/Mar/2018:10:31:14 +0800] "HEAD / HTTP/1.1" 301 0 "-" "Mozilla/5.0 (compatible; MSIE 9.0; Windows NT 6.1; Win64; x64; Trident/5.0)"
112.124.127.44 - - [26/Mar/2018:10:33:08 +0800] "HEAD / HTTP/1.1" 301 0 "-" "Mozilla/5.0 (compatible; MSIE 9.0; Windows NT 6.1; Win64; x64; Trident/5.0)"
42.236.99.194 - - [26/Mar/2018:10:33:35 +0800] "GET / HTTP/1.1" 200 931 "https://www.yazhoujuejin.com/" "Mozilla/5.0 (Windows NT 6.1; WOW64) AppleWebKit/537.36 (KHTML, like Gecko) Chrome/50.0.2661.102 Safari/537.36; 360Spider"
42.236.46.85 - - [26/Mar/2018:10:33:47 +0800] "GET / HTTP/1.1" 301 178 "http://www.yazhoujuejin.com/" "Mozilla/5.0 (Windows NT 6.1; WOW64) AppleWebKit/537.36 (KHTML, like Gecko) Chrome/50.0.2661.102 Safari/537.36; 360Spider"
42.236.46.85 - - [26/Mar/2018:10:33:51 +0800] "GET / HTTP/1.1" 200 931 "https://www.yazhoujuejin.com/" "Mozilla/5.0 (Windows NT 6.1; WOW64) AppleWebKit/537.36 (KHTML, like Gecko) Chrome/50.0.2661.102 Safari/537.36; 360Spider"
115.28.26.13 - - [26/Mar/2018:10:35:08 +0800] "HEAD / HTTP/1.1" 301 0 "-" "Mozilla/5.0 (compatible; MSIE 9.0; Windows NT 6.1; Win64; x64; Trident/5.0)"
112.126.75.174 - - [26/Mar/2018:10:36:14 +0800] "HEAD / HTTP/1.1" 301 0 "-" "Mozilla/5.0 (compatible; MSIE 9.0; Windows NT 6.1; Win64; x64; Trident/5.0)"
112.124.127.44 - - [26/Mar/2018:10:38:08 +0800] "HEAD / HTTP/1.1" 301 0 "-" "Mozilla/5.0 (compatible; MSIE 9.0; Windows NT 6.1; Win64; x64; Trident/5.0)"
5.188.203.40 - - [26/Mar/2018:10:39:01 +0800] "POST /RPC2 HTTP/1.1" 301 178 "-" "NYU Internet Census (https://scan.lol; research@scan.lol)"
115.28.26.13 - - [26/Mar/2018:10:40:08 +0800] "HEAD / HTTP/1.1" 301 0 "-" "Mozilla/5.0 (compatible; MSIE 9.0; Windows NT 6.1; Win64; x64; Trident/5.0)"
112.126.75.174 - - [26/Mar/2018:10:41:14 +0800] "HEAD / HTTP/1.1" 301 0 "-" "Mozilla/5.0 (compatible; MSIE 9.0; Windows NT 6.1; Win64; x64; Trident/5.0)"
140.205.201.40 - - [26/Mar/2018:10:42:11 +0800] "POST //s.php HTTP/1.1" 500 588 "-" "Mozilla/4.0 (compatible; MSIE 6.0; Windows NT 5.1;Alibaba.Security.Heimdall)"
140.205.201.40 - - [26/Mar/2018:10:42:11 +0800] "POST //s.php HTTP/1.1" 500 588 "-" "Mozilla/4.0 (compatible; MSIE 6.0; Windows NT 5.1;Alibaba.Security.Heimdall)"
140.205.201.40 - - [26/Mar/2018:10:42:11 +0800] "POST //s.php HTTP/1.1" 500 588 "-" "Mozilla/4.0 (compatible; MSIE 6.0; Windows NT 5.1;Alibaba.Security.Heimdall)"
140.205.201.40 - - [26/Mar/2018:10:42:11 +0800] "POST //s.php HTTP/1.1" 500 588 "-" "Mozilla/4.0 (compatible; MSIE 6.0; Windows NT 5.1;Alibaba.Security.Heimdall)"
140.205.201.40 - - [26/Mar/2018:10:42:11 +0800] "POST //s.php HTTP/1.1" 500 588 "-" "Mozilla/4.0 (compatible; MSIE 6.0; Windows NT 5.1;Alibaba.Security.Heimdall)"
112.124.127.44 - - [26/Mar/2018:10:43:08 +0800] "HEAD / HTTP/1.1" 301 0 "-" "Mozilla/5.0 (compatible; MSIE 9.0; Windows NT 6.1; Win64; x64; Trident/5.0)"
115.28.26.13 - - [26/Mar/2018:10:45:08 +0800] "HEAD / HTTP/1.1" 301 0 "-" "Mozilla/5.0 (compatible; MSIE 9.0; Windows NT 6.1; Win64; x64; Trident/5.0)"
112.126.75.174 - - [26/Mar/2018:10:46:14 +0800] "HEAD / HTTP/1.1" 301 0 "-" "Mozilla/5.0 (compatible; MSIE 9.0; Windows NT 6.1; Win64; x64; Trident/5.0)"
140.205.225.183 - - [26/Mar/2018:10:47:07 +0800] "POST //x.php HTTP/1.1" 500 588 "-" "Mozilla/4.0 (compatible; MSIE 6.0; Windows NT 5.1;Alibaba.Security.Heimdall)"
140.205.225.183 - - [26/Mar/2018:10:47:07 +0800] "POST //x.php HTTP/1.1" 500 588 "-" "Mozilla/4.0 (compatible; MSIE 6.0; Windows NT 5.1;Alibaba.Security.Heimdall)"
140.205.225.183 - - [26/Mar/2018:10:47:07 +0800] "POST //x.php HTTP/1.1" 500 588 "-" "Mozilla/4.0 (compatible; MSIE 6.0; Windows NT 5.1;Alibaba.Security.Heimdall)"
140.205.225.183 - - [26/Mar/2018:10:47:07 +0800] "POST //x.php HTTP/1.1" 500 588 "-" "Mozilla/4.0 (compatible; MSIE 6.0; Windows NT 5.1;Alibaba.Security.Heimdall)"
140.205.225.183 - - [26/Mar/2018:10:47:07 +0800] "POST //x.php HTTP/1.1" 500 588 "-" "Mozilla/4.0 (compatible; MSIE 6.0; Windows NT 5.1;Alibaba.Security.Heimdall)"
112.124.127.44 - - [26/Mar/2018:10:48:08 +0800] "HEAD / HTTP/1.1" 301 0 "-" "Mozilla/5.0 (compatible; MSIE 9.0; Windows NT 6.1; Win64; x64; Trident/5.0)"
141.212.122.81 - - [26/Mar/2018:10:49:54 +0800] "GET /x HTTP/1.1" 400 166 "-" "Telesphoreo"
115.28.26.13 - - [26/Mar/2018:10:50:08 +0800] "HEAD / HTTP/1.1" 301 0 "-" "Mozilla/5.0 (compatible; MSIE 9.0; Windows NT 6.1; Win64; x64; Trident/5.0)"
112.126.75.174 - - [26/Mar/2018:10:51:14 +0800] "HEAD / HTTP/1.1" 301 0 "-" "Mozilla/5.0 (compatible; MSIE 9.0; Windows NT 6.1; Win64; x64; Trident/5.0)"
112.124.127.44 - - [26/Mar/2018:10:53:08 +0800] "HEAD / HTTP/1.1" 301 0 "-" "Mozilla/5.0 (compatible; MSIE 9.0; Windows NT 6.1; Win64; x64; Trident/5.0)"
115.28.26.13 - - [26/Mar/2018:10:55:08 +0800] "HEAD / HTTP/1.1" 301 0 "-" "Mozilla/5.0 (compatible; MSIE 9.0; Windows NT 6.1; Win64; x64; Trident/5.0)"
112.126.75.174 - - [26/Mar/2018:10:56:14 +0800] "HEAD / HTTP/1.1" 301 0 "-" "Mozilla/5.0 (compatible; MSIE 9.0; Windows NT 6.1; Win64; x64; Trident/5.0)"
112.124.127.44 - - [26/Mar/2018:10:58:08 +0800] "HEAD / HTTP/1.1" 301 0 "-" "Mozilla/5.0 (compatible; MSIE 9.0; Windows NT 6.1; Win64; x64; Trident/5.0)"
5.188.203.40 - - [26/Mar/2018:10:58:57 +0800] "POST /RPC2 HTTP/1.1" 301 178 "-" "NYU Internet Census (https://scan.lol; research@scan.lol)"
115.28.26.13 - - [26/Mar/2018:11:00:08 +0800] "HEAD / HTTP/1.1" 301 0 "-" "Mozilla/5.0 (compatible; MSIE 9.0; Windows NT 6.1; Win64; x64; Trident/5.0)"
203.208.60.249 - - [26/Mar/2018:11:00:16 +0800] "GET / HTTP/1.1" 200 931 "-" "Mozilla/5.0 (Linux; Android 6.0.1; Nexus 5X Build/MMB29P) AppleWebKit/537.36 (KHTML, like Gecko) Chrome/41.0.2272.96 Mobile Safari/537.36 (compatible; Googlebot/2.1; +http://www.google.com/bot.html)"
112.126.75.174 - - [26/Mar/2018:11:01:14 +0800] "HEAD / HTTP/1.1" 301 0 "-" "Mozilla/5.0 (compatible; MSIE 9.0; Windows NT 6.1; Win64; x64; Trident/5.0)"
112.124.127.44 - - [26/Mar/2018:11:03:08 +0800] "HEAD / HTTP/1.1" 301 0 "-" "Mozilla/5.0 (compatible; MSIE 9.0; Windows NT 6.1; Win64; x64; Trident/5.0)"
115.28.26.13 - - [26/Mar/2018:11:05:08 +0800] "HEAD / HTTP/1.1" 301 0 "-" "Mozilla/5.0 (compatible; MSIE 9.0; Windows NT 6.1; Win64; x64; Trident/5.0)"
203.208.60.249 - - [26/Mar/2018:11:05:37 +0800] "GET / HTTP/1.1" 200 931 "-" "Mozilla/5.0 (compatible; Googlebot/2.1; +http://www.google.com/bot.html)"
112.126.75.174 - - [26/Mar/2018:11:06:14 +0800] "HEAD / HTTP/1.1" 301 0 "-" "Mozilla/5.0 (compatible; MSIE 9.0; Windows NT 6.1; Win64; x64; Trident/5.0)"
112.124.127.44 - - [26/Mar/2018:11:08:08 +0800] "HEAD / HTTP/1.1" 301 0 "-" "Mozilla/5.0 (compatible; MSIE 9.0; Windows NT 6.1; Win64; x64; Trident/5.0)"
115.28.26.13 - - [26/Mar/2018:11:10:08 +0800] "HEAD / HTTP/1.1" 301 0 "-" "Mozilla/5.0 (compatible; MSIE 9.0; Windows NT 6.1; Win64; x64; Trident/5.0)"
112.126.75.174 - - [26/Mar/2018:11:11:14 +0800] "HEAD / HTTP/1.1" 301 0 "-" "Mozilla/5.0 (compatible; MSIE 9.0; Windows NT 6.1; Win64; x64; Trident/5.0)"
112.124.127.44 - - [26/Mar/2018:11:13:08 +0800] "HEAD / HTTP/1.1" 301 0 "-" "Mozilla/5.0 (compatible; MSIE 9.0; Windows NT 6.1; Win64; x64; Trident/5.0)"
115.28.26.13 - - [26/Mar/2018:11:15:08 +0800] "HEAD / HTTP/1.1" 301 0 "-" "Mozilla/5.0 (compatible; MSIE 9.0; Windows NT 6.1; Win64; x64; Trident/5.0)"
216.145.5.42 - - [26/Mar/2018:11:15:53 +0800] "GET /robots.txt HTTP/1.0" 301 178 "-" "Mozilla/5.0 (Macintosh; Intel Mac OS X 10.10; rv:59.0) Gecko/20100101 Firefox/59.0"
112.126.75.174 - - [26/Mar/2018:11:16:14 +0800] "HEAD / HTTP/1.1" 301 0 "-" "Mozilla/5.0 (compatible; MSIE 9.0; Windows NT 6.1; Win64; x64; Trident/5.0)"
112.124.127.44 - - [26/Mar/2018:11:18:08 +0800] "HEAD / HTTP/1.1" 301 0 "-" "Mozilla/5.0 (compatible; MSIE 9.0; Windows NT 6.1; Win64; x64; Trident/5.0)"
115.28.26.13 - - [26/Mar/2018:11:20:08 +0800] "HEAD / HTTP/1.1" 301 0 "-" "Mozilla/5.0 (compatible; MSIE 9.0; Windows NT 6.1; Win64; x64; Trident/5.0)"
112.126.75.174 - - [26/Mar/2018:11:21:14 +0800] "HEAD / HTTP/1.1" 301 0 "-" "Mozilla/5.0 (compatible; MSIE 9.0; Windows NT 6.1; Win64; x64; Trident/5.0)"
112.124.127.44 - - [26/Mar/2018:11:23:08 +0800] "HEAD / HTTP/1.1" 301 0 "-" "Mozilla/5.0 (compatible; MSIE 9.0; Windows NT 6.1; Win64; x64; Trident/5.0)"
115.28.26.13 - - [26/Mar/2018:11:25:08 +0800] "HEAD / HTTP/1.1" 301 0 "-" "Mozilla/5.0 (compatible; MSIE 9.0; Windows NT 6.1; Win64; x64; Trident/5.0)"
112.126.75.174 - - [26/Mar/2018:11:26:14 +0800] "HEAD / HTTP/1.1" 301 0 "-" "Mozilla/5.0 (compatible; MSIE 9.0; Windows NT 6.1; Win64; x64; Trident/5.0)"
112.124.127.44 - - [26/Mar/2018:11:28:08 +0800] "HEAD / HTTP/1.1" 301 0 "-" "Mozilla/5.0 (compatible; MSIE 9.0; Windows NT 6.1; Win64; x64; Trident/5.0)"
115.28.26.13 - - [26/Mar/2018:11:30:08 +0800] "HEAD / HTTP/1.1" 301 0 "-" "Mozilla/5.0 (compatible; MSIE 9.0; Windows NT 6.1; Win64; x64; Trident/5.0)"
211.162.220.143 - - [26/Mar/2018:11:30:51 +0800] "GET /favicon.ico HTTP/1.1" 301 178 "-" "Mozilla/5.0 (Windows NT 10.0; WOW64) AppleWebKit/537.36 (KHTML, like Gecko) Chrome/55.0.2883.87 Safari/537.36"
211.162.220.143 - - [26/Mar/2018:11:30:51 +0800] "GET /favicon.ico HTTP/1.1" 404 564 "-" "Mozilla/5.0 (Windows NT 10.0; WOW64) AppleWebKit/537.36 (KHTML, like Gecko) Chrome/55.0.2883.87 Safari/537.36"
112.126.75.174 - - [26/Mar/2018:11:31:14 +0800] "HEAD / HTTP/1.1" 301 0 "-" "Mozilla/5.0 (compatible; MSIE 9.0; Windows NT 6.1; Win64; x64; Trident/5.0)"
112.124.127.44 - - [26/Mar/2018:11:33:08 +0800] "HEAD / HTTP/1.1" 301 0 "-" "Mozilla/5.0 (compatible; MSIE 9.0; Windows NT 6.1; Win64; x64; Trident/5.0)"
115.28.26.13 - - [26/Mar/2018:11:35:08 +0800] "HEAD / HTTP/1.1" 301 0 "-" "Mozilla/5.0 (compatible; MSIE 9.0; Windows NT 6.1; Win64; x64; Trident/5.0)"
112.126.75.174 - - [26/Mar/2018:11:36:14 +0800] "HEAD / HTTP/1.1" 301 0 "-" "Mozilla/5.0 (compatible; MSIE 9.0; Windows NT 6.1; Win64; x64; Trident/5.0)"
211.162.220.143 - - [26/Mar/2018:11:37:22 +0800] "GET /favicon.ico HTTP/1.1" 301 178 "-" "Mozilla/5.0 (Windows NT 10.0; WOW64) AppleWebKit/537.36 (KHTML, like Gecko) Chrome/55.0.2883.87 Safari/537.36"
211.162.220.143 - - [26/Mar/2018:11:37:22 +0800] "GET /favicon.ico HTTP/1.1" 404 564 "-" "Mozilla/5.0 (Windows NT 10.0; WOW64) AppleWebKit/537.36 (KHTML, like Gecko) Chrome/55.0.2883.87 Safari/537.36"
112.124.127.44 - - [26/Mar/2018:11:38:08 +0800] "HEAD / HTTP/1.1" 301 0 "-" "Mozilla/5.0 (compatible; MSIE 9.0; Windows NT 6.1; Win64; x64; Trident/5.0)"
115.28.26.13 - - [26/Mar/2018:11:40:08 +0800] "HEAD / HTTP/1.1" 301 0 "-" "Mozilla/5.0 (compatible; MSIE 9.0; Windows NT 6.1; Win64; x64; Trident/5.0)"
112.126.75.174 - - [26/Mar/2018:11:41:14 +0800] "HEAD / HTTP/1.1" 301 0 "-" "Mozilla/5.0 (compatible; MSIE 9.0; Windows NT 6.1; Win64; x64; Trident/5.0)"
112.124.127.44 - - [26/Mar/2018:11:43:08 +0800] "HEAD / HTTP/1.1" 301 0 "-" "Mozilla/5.0 (compatible; MSIE 9.0; Windows NT 6.1; Win64; x64; Trident/5.0)"
115.28.26.13 - - [26/Mar/2018:11:45:08 +0800] "HEAD / HTTP/1.1" 301 0 "-" "Mozilla/5.0 (compatible; MSIE 9.0; Windows NT 6.1; Win64; x64; Trident/5.0)"
112.126.75.174 - - [26/Mar/2018:11:46:14 +0800] "HEAD / HTTP/1.1" 301 0 "-" "Mozilla/5.0 (compatible; MSIE 9.0; Windows NT 6.1; Win64; x64; Trident/5.0)"
112.124.127.44 - - [26/Mar/2018:11:48:08 +0800] "HEAD / HTTP/1.1" 301 0 "-" "Mozilla/5.0 (compatible; MSIE 9.0; Windows NT 6.1; Win64; x64; Trident/5.0)"
115.28.26.13 - - [26/Mar/2018:11:50:08 +0800] "HEAD / HTTP/1.1" 301 0 "-" "Mozilla/5.0 (compatible; MSIE 9.0; Windows NT 6.1; Win64; x64; Trident/5.0)"
202.108.211.56 - - [26/Mar/2018:11:50:44 +0800] "GET / HTTP/1.1" 200 931 "-" "Mozilla/5.0 (X11; Linux x86_64) AppleWebKit/535.21 (KHTML, like Gecko) Chrome/19.0.1042.0 Safari/535.21"
112.126.75.174 - - [26/Mar/2018:11:51:14 +0800] "HEAD / HTTP/1.1" 301 0 "-" "Mozilla/5.0 (compatible; MSIE 9.0; Windows NT 6.1; Win64; x64; Trident/5.0)"
112.124.127.44 - - [26/Mar/2018:11:53:08 +0800] "HEAD / HTTP/1.1" 301 0 "-" "Mozilla/5.0 (compatible; MSIE 9.0; Windows NT 6.1; Win64; x64; Trident/5.0)"
115.28.26.13 - - [26/Mar/2018:11:55:08 +0800] "HEAD / HTTP/1.1" 301 0 "-" "Mozilla/5.0 (compatible; MSIE 9.0; Windows NT 6.1; Win64; x64; Trident/5.0)"
112.126.75.174 - - [26/Mar/2018:11:56:14 +0800] "HEAD / HTTP/1.1" 301 0 "-" "Mozilla/5.0 (compatible; MSIE 9.0; Windows NT 6.1; Win64; x64; Trident/5.0)"
112.124.127.44 - - [26/Mar/2018:11:58:08 +0800] "HEAD / HTTP/1.1" 301 0 "-" "Mozilla/5.0 (compatible; MSIE 9.0; Windows NT 6.1; Win64; x64; Trident/5.0)"
61.152.125.146 - - [26/Mar/2018:11:58:28 +0800] "GET /restful/product/list?callback=jQuery11210378366882679984_1497238604536&_=1497238604537&1=1 HTTP/1.1" 200 143 "-" "Mozilla/4.0 (compatible; MSIE 8.0; Windows NT 5.2)"
115.28.26.13 - - [26/Mar/2018:12:00:08 +0800] "HEAD / HTTP/1.1" 301 0 "-" "Mozilla/5.0 (compatible; MSIE 9.0; Windows NT 6.1; Win64; x64; Trident/5.0)"
112.126.75.174 - - [26/Mar/2018:12:01:14 +0800] "HEAD / HTTP/1.1" 301 0 "-" "Mozilla/5.0 (compatible; MSIE 9.0; Windows NT 6.1; Win64; x64; Trident/5.0)"
