112.124.127.44 - - [27/Mar/2018:13:43:08 +0800] "HEAD / HTTP/1.1" 301 0 "-" "Mozilla/5.0 (compatible; MSIE 9.0; Windows NT 6.1; Win64; x64; Trident/5.0)"
115.28.26.13 - - [27/Mar/2018:13:45:08 +0800] "HEAD / HTTP/1.1" 301 0 "-" "Mozilla/5.0 (compatible; MSIE 9.0; Windows NT 6.1; Win64; x64; Trident/5.0)"
112.126.75.174 - - [27/Mar/2018:13:46:14 +0800] "HEAD / HTTP/1.1" 301 0 "-" "Mozilla/5.0 (compatible; MSIE 9.0; Windows NT 6.1; Win64; x64; Trident/5.0)"
112.124.127.44 - - [27/Mar/2018:13:48:08 +0800] "HEAD / HTTP/1.1" 301 0 "-" "Mozilla/5.0 (compatible; MSIE 9.0; Windows NT 6.1; Win64; x64; Trident/5.0)"
115.28.26.13 - - [27/Mar/2018:13:50:08 +0800] "HEAD / HTTP/1.1" 301 0 "-" "Mozilla/5.0 (compatible; MSIE 9.0; Windows NT 6.1; Win64; x64; Trident/5.0)"
112.126.75.174 - - [27/Mar/2018:13:51:14 +0800] "HEAD / HTTP/1.1" 301 0 "-" "Mozilla/5.0 (compatible; MSIE 9.0; Windows NT 6.1; Win64; x64; Trident/5.0)"
112.124.127.44 - - [27/Mar/2018:13:53:08 +0800] "HEAD / HTTP/1.1" 301 0 "-" "Mozilla/5.0 (compatible; MSIE 9.0; Windows NT 6.1; Win64; x64; Trident/5.0)"
115.28.26.13 - - [27/Mar/2018:13:55:08 +0800] "HEAD / HTTP/1.1" 301 0 "-" "Mozilla/5.0 (compatible; MSIE 9.0; Windows NT 6.1; Win64; x64; Trident/5.0)"
112.126.75.174 - - [27/Mar/2018:13:56:14 +0800] "HEAD / HTTP/1.1" 301 0 "-" "Mozilla/5.0 (compatible; MSIE 9.0; Windows NT 6.1; Win64; x64; Trident/5.0)"
112.124.127.44 - - [27/Mar/2018:13:58:08 +0800] "HEAD / HTTP/1.1" 301 0 "-" "Mozilla/5.0 (compatible; MSIE 9.0; Windows NT 6.1; Win64; x64; Trident/5.0)"
115.28.26.13 - - [27/Mar/2018:14:00:08 +0800] "HEAD / HTTP/1.1" 301 0 "-" "Mozilla/5.0 (compatible; MSIE 9.0; Windows NT 6.1; Win64; x64; Trident/5.0)"
112.126.75.174 - - [27/Mar/2018:14:01:14 +0800] "HEAD / HTTP/1.1" 301 0 "-" "Mozilla/5.0 (compatible; MSIE 9.0; Windows NT 6.1; Win64; x64; Trident/5.0)"
61.152.125.146 - - [27/Mar/2018:14:02:12 +0800] "GET /restful/product/list?callback=jQuery11210378366882679984_1497238604536&_=1497238604537&1=1 HTTP/1.1" 200 143 "-" "Mozilla/4.0 (compatible; MSIE 8.0; Windows NT 5.2)"
112.124.127.44 - - [27/Mar/2018:14:03:08 +0800] "HEAD / HTTP/1.1" 301 0 "-" "Mozilla/5.0 (compatible; MSIE 9.0; Windows NT 6.1; Win64; x64; Trident/5.0)"
203.208.60.250 - - [27/Mar/2018:14:03:55 +0800] "GET / HTTP/1.1" 200 931 "-" "Mozilla/5.0 (compatible; Googlebot/2.1; +http://www.google.com/bot.html)"
115.28.26.13 - - [27/Mar/2018:14:05:08 +0800] "HEAD / HTTP/1.1" 301 0 "-" "Mozilla/5.0 (compatible; MSIE 9.0; Windows NT 6.1; Win64; x64; Trident/5.0)"
112.126.75.174 - - [27/Mar/2018:14:06:14 +0800] "HEAD / HTTP/1.1" 301 0 "-" "Mozilla/5.0 (compatible; MSIE 9.0; Windows NT 6.1; Win64; x64; Trident/5.0)"
112.124.127.44 - - [27/Mar/2018:14:08:08 +0800] "HEAD / HTTP/1.1" 301 0 "-" "Mozilla/5.0 (compatible; MSIE 9.0; Windows NT 6.1; Win64; x64; Trident/5.0)"
115.28.26.13 - - [27/Mar/2018:14:10:08 +0800] "HEAD / HTTP/1.1" 301 0 "-" "Mozilla/5.0 (compatible; MSIE 9.0; Windows NT 6.1; Win64; x64; Trident/5.0)"
112.126.75.174 - - [27/Mar/2018:14:11:14 +0800] "HEAD / HTTP/1.1" 301 0 "-" "Mozilla/5.0 (compatible; MSIE 9.0; Windows NT 6.1; Win64; x64; Trident/5.0)"
60.191.38.77 - - [27/Mar/2018:14:11:44 +0800] "GET / HTTP/1.1" 302 0 "-" "Mozilla/5.0 (Macintosh; Intel Mac OS X 10.11; rv:47.0) Gecko/20100101 Firefox/47.0"
112.124.127.44 - - [27/Mar/2018:14:13:08 +0800] "HEAD / HTTP/1.1" 301 0 "-" "Mozilla/5.0 (compatible; MSIE 9.0; Windows NT 6.1; Win64; x64; Trident/5.0)"
124.114.69.205 - - [27/Mar/2018:14:13:41 +0800] "GET / HTTP/1.1" 200 931 "https://www.baidu.com/link?url=AA-O5glSELqAsm3TVW1r4-uOhK2taeRc9GIANn4gqKRQgpzu6IipQKELVoKpxX7Q&wd=&eqid=8730ba5f0005951d000000035ab9e110" "Mozilla/5.0 (Windows NT 10.0; Win64; x64) AppleWebKit/537.36 (KHTML, like Gecko) Chrome/64.0.3282.167 Safari/537.36"
124.114.69.205 - - [27/Mar/2018:14:13:41 +0800] "GET /lib/bootstrap/css/bootstrap.css HTTP/1.1" 200 25067 "https://www.yazhoujuejin.com/" "Mozilla/5.0 (Windows NT 10.0; Win64; x64) AppleWebKit/537.36 (KHTML, like Gecko) Chrome/64.0.3282.167 Safari/537.36"
124.114.69.205 - - [27/Mar/2018:14:13:41 +0800] "GET /css/reset.css HTTP/1.1" 200 523 "https://www.yazhoujuejin.com/" "Mozilla/5.0 (Windows NT 10.0; Win64; x64) AppleWebKit/537.36 (KHTML, like Gecko) Chrome/64.0.3282.167 Safari/537.36"
124.114.69.205 - - [27/Mar/2018:14:13:41 +0800] "GET /css/title.css HTTP/1.1" 200 515 "https://www.yazhoujuejin.com/" "Mozilla/5.0 (Windows NT 10.0; Win64; x64) AppleWebKit/537.36 (KHTML, like Gecko) Chrome/64.0.3282.167 Safari/537.36"
124.114.69.205 - - [27/Mar/2018:14:13:41 +0800] "GET /css/footer.css HTTP/1.1" 200 716 "https://www.yazhoujuejin.com/" "Mozilla/5.0 (Windows NT 10.0; Win64; x64) AppleWebKit/537.36 (KHTML, like Gecko) Chrome/64.0.3282.167 Safari/537.36"
124.114.69.205 - - [27/Mar/2018:14:13:41 +0800] "GET /css/animations.css HTTP/1.1" 200 735 "https://www.yazhoujuejin.com/" "Mozilla/5.0 (Windows NT 10.0; Win64; x64) AppleWebKit/537.36 (KHTML, like Gecko) Chrome/64.0.3282.167 Safari/537.36"
124.114.69.205 - - [27/Mar/2018:14:13:41 +0800] "GET /lib/bootstrap/js/respond.js HTTP/1.1" 200 4381 "https://www.yazhoujuejin.com/" "Mozilla/5.0 (Windows NT 10.0; Win64; x64) AppleWebKit/537.36 (KHTML, like Gecko) Chrome/64.0.3282.167 Safari/537.36"
124.114.69.205 - - [27/Mar/2018:14:13:41 +0800] "GET /lib/bootstrap/js/html5.js HTTP/1.1" 200 3026 "https://www.yazhoujuejin.com/" "Mozilla/5.0 (Windows NT 10.0; Win64; x64) AppleWebKit/537.36 (KHTML, like Gecko) Chrome/64.0.3282.167 Safari/537.36"
124.114.69.205 - - [27/Mar/2018:14:13:41 +0800] "GET /lib/bootstrap/js/bootstrap-dropdown-on-hover.js HTTP/1.1" 200 9092 "https://www.yazhoujuejin.com/" "Mozilla/5.0 (Windows NT 10.0; Win64; x64) AppleWebKit/537.36 (KHTML, like Gecko) Chrome/64.0.3282.167 Safari/537.36"
124.114.69.205 - - [27/Mar/2018:14:13:41 +0800] "GET /js/m.js HTTP/1.1" 200 14489 "https://www.yazhoujuejin.com/" "Mozilla/5.0 (Windows NT 10.0; Win64; x64) AppleWebKit/537.36 (KHTML, like Gecko) Chrome/64.0.3282.167 Safari/537.36"
124.114.69.205 - - [27/Mar/2018:14:13:41 +0800] "GET /js/cookie.js HTTP/1.1" 200 1561 "https://www.yazhoujuejin.com/" "Mozilla/5.0 (Windows NT 10.0; Win64; x64) AppleWebKit/537.36 (KHTML, like Gecko) Chrome/64.0.3282.167 Safari/537.36"
124.114.69.205 - - [27/Mar/2018:14:13:41 +0800] "GET /js/index.js HTTP/1.1" 200 3425 "https://www.yazhoujuejin.com/" "Mozilla/5.0 (Windows NT 10.0; Win64; x64) AppleWebKit/537.36 (KHTML, like Gecko) Chrome/64.0.3282.167 Safari/537.36"
124.114.69.205 - - [27/Mar/2018:14:13:42 +0800] "GET /lib/bootstrap/js/bootstrap.min.js HTTP/1.1" 200 65813 "https://www.yazhoujuejin.com/" "Mozilla/5.0 (Windows NT 10.0; Win64; x64) AppleWebKit/537.36 (KHTML, like Gecko) Chrome/64.0.3282.167 Safari/537.36"
124.114.69.205 - - [27/Mar/2018:14:13:42 +0800] "GET /lib/jquery/jquery-1.12.1.js HTTP/1.1" 200 407013 "https://www.yazhoujuejin.com/" "Mozilla/5.0 (Windows NT 10.0; Win64; x64) AppleWebKit/537.36 (KHTML, like Gecko) Chrome/64.0.3282.167 Safari/537.36"
124.114.69.205 - - [27/Mar/2018:14:13:42 +0800] "GET /css/modal.css HTTP/1.1" 200 778 "https://www.yazhoujuejin.com/" "Mozilla/5.0 (Windows NT 10.0; Win64; x64) AppleWebKit/537.36 (KHTML, like Gecko) Chrome/64.0.3282.167 Safari/537.36"
124.114.69.205 - - [27/Mar/2018:14:13:42 +0800] "GET /html/modal.html HTTP/1.1" 200 1092 "https://www.yazhoujuejin.com/" "Mozilla/5.0 (Windows NT 10.0; Win64; x64) AppleWebKit/537.36 (KHTML, like Gecko) Chrome/64.0.3282.167 Safari/537.36"
124.114.69.205 - - [27/Mar/2018:14:13:42 +0800] "GET /html/title.html HTTP/1.1" 200 810 "https://www.yazhoujuejin.com/" "Mozilla/5.0 (Windows NT 10.0; Win64; x64) AppleWebKit/537.36 (KHTML, like Gecko) Chrome/64.0.3282.167 Safari/537.36"
124.114.69.205 - - [27/Mar/2018:14:13:42 +0800] "GET /html/footer.html HTTP/1.1" 200 1546 "https://www.yazhoujuejin.com/" "Mozilla/5.0 (Windows NT 10.0; Win64; x64) AppleWebKit/537.36 (KHTML, like Gecko) Chrome/64.0.3282.167 Safari/537.36"
124.114.69.205 - - [27/Mar/2018:14:13:42 +0800] "GET /images/logo.png HTTP/1.1" 200 5728 "https://www.yazhoujuejin.com/" "Mozilla/5.0 (Windows NT 10.0; Win64; x64) AppleWebKit/537.36 (KHTML, like Gecko) Chrome/64.0.3282.167 Safari/537.36"
124.114.69.205 - - [27/Mar/2018:14:13:42 +0800] "GET /images/xiaochengxu.jpg HTTP/1.1" 200 30629 "https://www.yazhoujuejin.com/" "Mozilla/5.0 (Windows NT 10.0; Win64; x64) AppleWebKit/537.36 (KHTML, like Gecko) Chrome/64.0.3282.167 Safari/537.36"
124.114.69.205 - - [27/Mar/2018:14:13:42 +0800] "GET /images/app.jpg HTTP/1.1" 200 14362 "https://www.yazhoujuejin.com/" "Mozilla/5.0 (Windows NT 10.0; Win64; x64) AppleWebKit/537.36 (KHTML, like Gecko) Chrome/64.0.3282.167 Safari/537.36"
124.114.69.205 - - [27/Mar/2018:14:13:42 +0800] "GET /images/ico-code.png HTTP/1.1" 200 11766 "https://www.yazhoujuejin.com/css/footer.css" "Mozilla/5.0 (Windows NT 10.0; Win64; x64) AppleWebKit/537.36 (KHTML, like Gecko) Chrome/64.0.3282.167 Safari/537.36"
124.114.69.205 - - [27/Mar/2018:14:13:42 +0800] "GET /images/gongzhonghao.jpg HTTP/1.1" 200 30169 "https://www.yazhoujuejin.com/" "Mozilla/5.0 (Windows NT 10.0; Win64; x64) AppleWebKit/537.36 (KHTML, like Gecko) Chrome/64.0.3282.167 Safari/537.36"
124.114.69.205 - - [27/Mar/2018:14:13:42 +0800] "GET /images/banner.jpg HTTP/1.1" 200 353169 "https://www.yazhoujuejin.com/" "Mozilla/5.0 (Windows NT 10.0; Win64; x64) AppleWebKit/537.36 (KHTML, like Gecko) Chrome/64.0.3282.167 Safari/537.36"
124.114.69.205 - - [27/Mar/2018:14:13:43 +0800] "GET /images/urlLogo.png HTTP/1.1" 200 1393 "https://www.yazhoujuejin.com/" "Mozilla/5.0 (Windows NT 10.0; Win64; x64) AppleWebKit/537.36 (KHTML, like Gecko) Chrome/64.0.3282.167 Safari/537.36"
124.114.69.205 - - [27/Mar/2018:14:13:44 +0800] "GET /login.html HTTP/1.1" 200 1792 "https://www.yazhoujuejin.com/" "Mozilla/5.0 (Windows NT 10.0; Win64; x64) AppleWebKit/537.36 (KHTML, like Gecko) Chrome/64.0.3282.167 Safari/537.36"
124.114.69.205 - - [27/Mar/2018:14:13:44 +0800] "GET /js/login.js HTTP/1.1" 200 5841 "https://www.yazhoujuejin.com/login.html" "Mozilla/5.0 (Windows NT 10.0; Win64; x64) AppleWebKit/537.36 (KHTML, like Gecko) Chrome/64.0.3282.167 Safari/537.36"
124.114.69.205 - - [27/Mar/2018:14:13:44 +0800] "GET /images/loginbg.jpg HTTP/1.1" 200 39662 "https://www.yazhoujuejin.com/login.html" "Mozilla/5.0 (Windows NT 10.0; Win64; x64) AppleWebKit/537.36 (KHTML, like Gecko) Chrome/64.0.3282.167 Safari/537.36"
124.114.69.205 - - [27/Mar/2018:14:13:44 +0800] "GET /lib/bootstrap/fonts/glyphicons-halflings-regular.woff HTTP/1.1" 200 23320 "https://www.yazhoujuejin.com/lib/bootstrap/css/bootstrap.css" "Mozilla/5.0 (Windows NT 10.0; Win64; x64) AppleWebKit/537.36 (KHTML, like Gecko) Chrome/64.0.3282.167 Safari/537.36"
124.114.69.205 - - [27/Mar/2018:14:13:44 +0800] "GET /css/login.css HTTP/1.1" 200 462 "https://www.yazhoujuejin.com/login.html" "Mozilla/5.0 (Windows NT 10.0; Win64; x64) AppleWebKit/537.36 (KHTML, like Gecko) Chrome/64.0.3282.167 Safari/537.36"
124.114.69.205 - - [27/Mar/2018:14:13:47 +0800] "GET /getpass.html HTTP/1.1" 200 2002 "https://www.yazhoujuejin.com/login.html" "Mozilla/5.0 (Windows NT 10.0; Win64; x64) AppleWebKit/537.36 (KHTML, like Gecko) Chrome/64.0.3282.167 Safari/537.36"
124.114.69.205 - - [27/Mar/2018:14:13:47 +0800] "GET /css/register.css HTTP/1.1" 200 480 "https://www.yazhoujuejin.com/getpass.html" "Mozilla/5.0 (Windows NT 10.0; Win64; x64) AppleWebKit/537.36 (KHTML, like Gecko) Chrome/64.0.3282.167 Safari/537.36"
124.114.69.205 - - [27/Mar/2018:14:13:47 +0800] "GET /js/getpass.js HTTP/1.1" 200 4572 "https://www.yazhoujuejin.com/getpass.html" "Mozilla/5.0 (Windows NT 10.0; Win64; x64) AppleWebKit/537.36 (KHTML, like Gecko) Chrome/64.0.3282.167 Safari/537.36"
124.114.69.205 - - [27/Mar/2018:14:13:47 +0800] "GET /css/mobile.css HTTP/1.1" 200 1104 "https://www.yazhoujuejin.com/getpass.html" "Mozilla/5.0 (Windows NT 10.0; Win64; x64) AppleWebKit/537.36 (KHTML, like Gecko) Chrome/64.0.3282.167 Safari/537.36"
124.114.69.205 - - [27/Mar/2018:14:13:48 +0800] "GET /regist.html HTTP/1.1" 200 2055 "https://www.yazhoujuejin.com/getpass.html" "Mozilla/5.0 (Windows NT 10.0; Win64; x64) AppleWebKit/537.36 (KHTML, like Gecko) Chrome/64.0.3282.167 Safari/537.36"
124.114.69.205 - - [27/Mar/2018:14:13:48 +0800] "GET /js/regist.js HTTP/1.1" 200 5259 "https://www.yazhoujuejin.com/regist.html" "Mozilla/5.0 (Windows NT 10.0; Win64; x64) AppleWebKit/537.36 (KHTML, like Gecko) Chrome/64.0.3282.167 Safari/537.36"
115.28.26.13 - - [27/Mar/2018:14:15:08 +0800] "HEAD / HTTP/1.1" 301 0 "-" "Mozilla/5.0 (compatible; MSIE 9.0; Windows NT 6.1; Win64; x64; Trident/5.0)"
112.126.75.174 - - [27/Mar/2018:14:16:14 +0800] "HEAD / HTTP/1.1" 301 0 "-" "Mozilla/5.0 (compatible; MSIE 9.0; Windows NT 6.1; Win64; x64; Trident/5.0)"
157.61.211.78 - - [27/Mar/2018:14:17:59 +0800] "GET /images/urlLogo.png HTTP/1.1" 200 1393 "-" "Mozilla/5.0 (Windows NT 6.3; WOW64) AppleWebKit/537.36 (KHTML, like Gecko) Chrome/49.0.2623.221 Safari/537.36 SE 2.X MetaSr 1.0"
157.61.211.78 - - [27/Mar/2018:14:18:01 +0800] "GET /restful/login?callback=jQuery112106460216778290075_1522131451581&phone=13288088537&password=xuguitao&_=1522131451582 HTTP/1.1" 200 395 "https://www.yazhoujuejin.com/login.html" "Mozilla/5.0 (Windows NT 6.3; WOW64) AppleWebKit/537.36 (KHTML, like Gecko) Chrome/49.0.2623.221 Safari/537.36 SE 2.X MetaSr 1.0"
157.61.211.78 - - [27/Mar/2018:14:18:01 +0800] "GET /index.html HTTP/1.1" 200 931 "https://www.yazhoujuejin.com/login.html" "Mozilla/5.0 (Windows NT 6.3; WOW64) AppleWebKit/537.36 (KHTML, like Gecko) Chrome/49.0.2623.221 Safari/537.36 SE 2.X MetaSr 1.0"
157.61.211.78 - - [27/Mar/2018:14:18:01 +0800] "GET /js/index.js HTTP/1.1" 200 3425 "https://www.yazhoujuejin.com/index.html" "Mozilla/5.0 (Windows NT 6.3; WOW64) AppleWebKit/537.36 (KHTML, like Gecko) Chrome/49.0.2623.221 Safari/537.36 SE 2.X MetaSr 1.0"
157.61.211.78 - - [27/Mar/2018:14:18:01 +0800] "GET /images/urlLogo.png HTTP/1.1" 200 1393 "-" "Mozilla/5.0 (Windows NT 6.3; WOW64) AppleWebKit/537.36 (KHTML, like Gecko) Chrome/49.0.2623.221 Safari/537.36 SE 2.X MetaSr 1.0"
157.61.211.78 - - [27/Mar/2018:14:18:01 +0800] "GET /css/modal.css HTTP/1.1" 200 778 "https://www.yazhoujuejin.com/index.html" "Mozilla/5.0 (Windows NT 6.3; WOW64) AppleWebKit/537.36 (KHTML, like Gecko) Chrome/49.0.2623.221 Safari/537.36 SE 2.X MetaSr 1.0"
157.61.211.78 - - [27/Mar/2018:14:18:01 +0800] "GET /html/modal.html HTTP/1.1" 200 1092 "https://www.yazhoujuejin.com/index.html" "Mozilla/5.0 (Windows NT 6.3; WOW64) AppleWebKit/537.36 (KHTML, like Gecko) Chrome/49.0.2623.221 Safari/537.36 SE 2.X MetaSr 1.0"
157.61.211.78 - - [27/Mar/2018:14:18:02 +0800] "GET /images/banner.jpg HTTP/1.1" 200 353169 "https://www.yazhoujuejin.com/index.html" "Mozilla/5.0 (Windows NT 6.3; WOW64) AppleWebKit/537.36 (KHTML, like Gecko) Chrome/49.0.2623.221 Safari/537.36 SE 2.X MetaSr 1.0"
157.61.211.78 - - [27/Mar/2018:14:18:03 +0800] "GET /investService.html?qjcp HTTP/1.1" 200 1160 "https://www.yazhoujuejin.com/index.html" "Mozilla/5.0 (Windows NT 6.3; WOW64) AppleWebKit/537.36 (KHTML, like Gecko) Chrome/49.0.2623.221 Safari/537.36 SE 2.X MetaSr 1.0"
157.61.211.78 - - [27/Mar/2018:14:18:03 +0800] "GET /js/investService.js HTTP/1.1" 200 9426 "https://www.yazhoujuejin.com/investService.html?qjcp" "Mozilla/5.0 (Windows NT 6.3; WOW64) AppleWebKit/537.36 (KHTML, like Gecko) Chrome/49.0.2623.221 Safari/537.36 SE 2.X MetaSr 1.0"
157.61.211.78 - - [27/Mar/2018:14:18:03 +0800] "GET /images/urlLogo.png HTTP/1.1" 200 1393 "-" "Mozilla/5.0 (Windows NT 6.3; WOW64) AppleWebKit/537.36 (KHTML, like Gecko) Chrome/49.0.2623.221 Safari/537.36 SE 2.X MetaSr 1.0"
157.61.211.78 - - [27/Mar/2018:14:18:03 +0800] "GET /css/investService.css HTTP/1.1" 200 975 "https://www.yazhoujuejin.com/investService.html?qjcp" "Mozilla/5.0 (Windows NT 6.3; WOW64) AppleWebKit/537.36 (KHTML, like Gecko) Chrome/49.0.2623.221 Safari/537.36 SE 2.X MetaSr 1.0"
157.61.211.78 - - [27/Mar/2018:14:18:03 +0800] "GET /restful/product/list?callback=jQuery1121033581692686988474_1522131456282&_=1522131456283 HTTP/1.1" 200 145 "https://www.yazhoujuejin.com/investService.html?qjcp" "Mozilla/5.0 (Windows NT 6.3; WOW64) AppleWebKit/537.36 (KHTML, like Gecko) Chrome/49.0.2623.221 Safari/537.36 SE 2.X MetaSr 1.0"
157.61.211.78 - - [27/Mar/2018:14:18:03 +0800] "GET /restful/product/list?callback=jQuery1121033581692686988474_1522131456284&_=1522131456285 HTTP/1.1" 200 145 "https://www.yazhoujuejin.com/investService.html?qjcp" "Mozilla/5.0 (Windows NT 6.3; WOW64) AppleWebKit/537.36 (KHTML, like Gecko) Chrome/49.0.2623.221 Safari/537.36 SE 2.X MetaSr 1.0"
157.61.211.78 - - [27/Mar/2018:14:18:05 +0800] "GET /jjdynamic.html HTTP/1.1" 200 1159 "https://www.yazhoujuejin.com/investService.html?qjcp" "Mozilla/5.0 (Windows NT 6.3; WOW64) AppleWebKit/537.36 (KHTML, like Gecko) Chrome/49.0.2623.221 Safari/537.36 SE 2.X MetaSr 1.0"
157.61.211.78 - - [27/Mar/2018:14:18:05 +0800] "GET /js/jjdynamic.js HTTP/1.1" 200 5574 "https://www.yazhoujuejin.com/jjdynamic.html" "Mozilla/5.0 (Windows NT 6.3; WOW64) AppleWebKit/537.36 (KHTML, like Gecko) Chrome/49.0.2623.221 Safari/537.36 SE 2.X MetaSr 1.0"
157.61.211.78 - - [27/Mar/2018:14:18:05 +0800] "GET /images/urlLogo.png HTTP/1.1" 200 1393 "-" "Mozilla/5.0 (Windows NT 6.3; WOW64) AppleWebKit/537.36 (KHTML, like Gecko) Chrome/49.0.2623.221 Safari/537.36 SE 2.X MetaSr 1.0"
157.61.211.78 - - [27/Mar/2018:14:18:05 +0800] "GET /css/jjdynamic.css HTTP/1.1" 200 809 "https://www.yazhoujuejin.com/jjdynamic.html" "Mozilla/5.0 (Windows NT 6.3; WOW64) AppleWebKit/537.36 (KHTML, like Gecko) Chrome/49.0.2623.221 Safari/537.36 SE 2.X MetaSr 1.0"
157.61.211.78 - - [27/Mar/2018:14:18:05 +0800] "GET /restful/news/list?callback=jQuery112103843783561454208_1522131457759&page=1&rows=10&_=1522131457760 HTTP/1.1" 200 5598 "https://www.yazhoujuejin.com/jjdynamic.html" "Mozilla/5.0 (Windows NT 6.3; WOW64) AppleWebKit/537.36 (KHTML, like Gecko) Chrome/49.0.2623.221 Safari/537.36 SE 2.X MetaSr 1.0"
112.124.127.44 - - [27/Mar/2018:14:18:08 +0800] "HEAD / HTTP/1.1" 301 0 "-" "Mozilla/5.0 (compatible; MSIE 9.0; Windows NT 6.1; Win64; x64; Trident/5.0)"
61.151.178.177 - - [27/Mar/2018:14:19:03 +0800] "GET /investservice.html HTTP/1.1" 404 564 "359B8EEEA03C965608157.61.211.78" "Mozilla/5.0 (Windows NT 6.1; WOW64) AppleWebKit/537.36 (KHTML, like Gecko) Chrome/53.0.2785.104 Safari/537.36 Core/1.53.2141.400 QQBrowser/9.5.10219.400"
115.28.26.13 - - [27/Mar/2018:14:20:08 +0800] "HEAD / HTTP/1.1" 301 0 "-" "Mozilla/5.0 (compatible; MSIE 9.0; Windows NT 6.1; Win64; x64; Trident/5.0)"
112.126.75.174 - - [27/Mar/2018:14:21:14 +0800] "HEAD / HTTP/1.1" 301 0 "-" "Mozilla/5.0 (compatible; MSIE 9.0; Windows NT 6.1; Win64; x64; Trident/5.0)"
106.11.225.231 - - [27/Mar/2018:14:21:53 +0800] "GET / HTTP/1.1" 500 186 "-" "Mozilla/5.0 (iPad; CPU OS 9_1 like Mac OS X) AppleWebKit/601.1.46 (KHTML, like Gecko) Version/9.0 Mobile/13B143 Safari/601.1"
112.124.127.44 - - [27/Mar/2018:14:23:08 +0800] "HEAD / HTTP/1.1" 301 0 "-" "Mozilla/5.0 (compatible; MSIE 9.0; Windows NT 6.1; Win64; x64; Trident/5.0)"
157.61.211.78 - - [27/Mar/2018:14:24:35 +0800] "GET / HTTP/1.1" 301 178 "-" "Mozilla/5.0 (Windows NT 6.3; WOW64) AppleWebKit/537.36 (KHTML, like Gecko) Chrome/49.0.2623.221 Safari/537.36 SE 2.X MetaSr 1.0"
157.61.211.78 - - [27/Mar/2018:14:24:36 +0800] "GET / HTTP/1.1" 200 931 "-" "Mozilla/5.0 (Windows NT 6.3; WOW64) AppleWebKit/537.36 (KHTML, like Gecko) Chrome/49.0.2623.221 Safari/537.36 SE 2.X MetaSr 1.0"
157.61.211.78 - - [27/Mar/2018:14:24:36 +0800] "GET /images/urlLogo.png HTTP/1.1" 200 1393 "-" "Mozilla/5.0 (Windows NT 6.3; WOW64) AppleWebKit/537.36 (KHTML, like Gecko) Chrome/49.0.2623.221 Safari/537.36 SE 2.X MetaSr 1.0"
115.28.26.13 - - [27/Mar/2018:14:25:08 +0800] "HEAD / HTTP/1.1" 301 0 "-" "Mozilla/5.0 (compatible; MSIE 9.0; Windows NT 6.1; Win64; x64; Trident/5.0)"
58.246.221.73 - - [27/Mar/2018:14:25:35 +0800] "GET / HTTP/1.1" 301 178 "-" "Mozilla/5.0 (Windows NT 6.1; WOW64) AppleWebKit/537.36 (KHTML, like Gecko) Chrome/53.0.2785.104 Safari/537.36 Core/1.53.2141.400 QQBrowser/9.5.10219.400"
112.126.75.174 - - [27/Mar/2018:14:26:14 +0800] "HEAD / HTTP/1.1" 301 0 "-" "Mozilla/5.0 (compatible; MSIE 9.0; Windows NT 6.1; Win64; x64; Trident/5.0)"
112.124.127.44 - - [27/Mar/2018:14:28:08 +0800] "HEAD / HTTP/1.1" 301 0 "-" "Mozilla/5.0 (compatible; MSIE 9.0; Windows NT 6.1; Win64; x64; Trident/5.0)"
115.28.26.13 - - [27/Mar/2018:14:30:08 +0800] "HEAD / HTTP/1.1" 301 0 "-" "Mozilla/5.0 (compatible; MSIE 9.0; Windows NT 6.1; Win64; x64; Trident/5.0)"
112.126.75.174 - - [27/Mar/2018:14:31:14 +0800] "HEAD / HTTP/1.1" 301 0 "-" "Mozilla/5.0 (compatible; MSIE 9.0; Windows NT 6.1; Win64; x64; Trident/5.0)"
112.124.127.44 - - [27/Mar/2018:14:33:08 +0800] "HEAD / HTTP/1.1" 301 0 "-" "Mozilla/5.0 (compatible; MSIE 9.0; Windows NT 6.1; Win64; x64; Trident/5.0)"
115.28.26.13 - - [27/Mar/2018:14:35:08 +0800] "HEAD / HTTP/1.1" 301 0 "-" "Mozilla/5.0 (compatible; MSIE 9.0; Windows NT 6.1; Win64; x64; Trident/5.0)"
157.61.211.78 - - [27/Mar/2018:14:35:40 +0800] "GET /lib/bootstrap/css/bootstrap.css HTTP/1.1" 200 25067 "https://www.yazhoujuejin.com/login.html" "Mozilla/5.0 (Windows NT 6.3; WOW64) AppleWebKit/537.36 (KHTML, like Gecko) Chrome/49.0.2623.221 Safari/537.36 SE 2.X MetaSr 1.0"
157.61.211.78 - - [27/Mar/2018:14:35:41 +0800] "GET /lib/bootstrap/js/bootstrap.min.js HTTP/1.1" 200 65813 "https://www.yazhoujuejin.com/login.html" "Mozilla/5.0 (Windows NT 6.3; WOW64) AppleWebKit/537.36 (KHTML, like Gecko) Chrome/49.0.2623.221 Safari/537.36 SE 2.X MetaSr 1.0"
157.61.211.78 - - [27/Mar/2018:14:35:41 +0800] "GET /lib/jquery/jquery-1.12.1.js HTTP/1.1" 200 407013 "https://www.yazhoujuejin.com/login.html" "Mozilla/5.0 (Windows NT 6.3; WOW64) AppleWebKit/537.36 (KHTML, like Gecko) Chrome/49.0.2623.221 Safari/537.36 SE 2.X MetaSr 1.0"
157.61.211.78 - - [27/Mar/2018:14:35:42 +0800] "GET /images/loginbg.jpg HTTP/1.1" 200 39662 "https://www.yazhoujuejin.com/login.html" "Mozilla/5.0 (Windows NT 6.3; WOW64) AppleWebKit/537.36 (KHTML, like Gecko) Chrome/49.0.2623.221 Safari/537.36 SE 2.X MetaSr 1.0"
157.61.211.78 - - [27/Mar/2018:14:35:43 +0800] "GET /lib/bootstrap/fonts/glyphicons-halflings-regular.ttf HTTP/1.1" 200 41280 "https://www.yazhoujuejin.com/lib/bootstrap/css/bootstrap.css" "Mozilla/5.0 (Windows NT 6.3; WOW64) AppleWebKit/537.36 (KHTML, like Gecko) Chrome/49.0.2623.221 Safari/537.36 SE 2.X MetaSr 1.0"
112.126.75.174 - - [27/Mar/2018:14:36:14 +0800] "HEAD / HTTP/1.1" 301 0 "-" "Mozilla/5.0 (compatible; MSIE 9.0; Windows NT 6.1; Win64; x64; Trident/5.0)"
112.124.127.44 - - [27/Mar/2018:14:38:08 +0800] "HEAD / HTTP/1.1" 301 0 "-" "Mozilla/5.0 (compatible; MSIE 9.0; Windows NT 6.1; Win64; x64; Trident/5.0)"
115.28.26.13 - - [27/Mar/2018:14:40:08 +0800] "HEAD / HTTP/1.1" 301 0 "-" "Mozilla/5.0 (compatible; MSIE 9.0; Windows NT 6.1; Win64; x64; Trident/5.0)"
112.126.75.174 - - [27/Mar/2018:14:41:14 +0800] "HEAD / HTTP/1.1" 301 0 "-" "Mozilla/5.0 (compatible; MSIE 9.0; Windows NT 6.1; Win64; x64; Trident/5.0)"
112.124.127.44 - - [27/Mar/2018:14:43:08 +0800] "HEAD / HTTP/1.1" 301 0 "-" "Mozilla/5.0 (compatible; MSIE 9.0; Windows NT 6.1; Win64; x64; Trident/5.0)"
115.28.26.13 - - [27/Mar/2018:14:45:08 +0800] "HEAD / HTTP/1.1" 301 0 "-" "Mozilla/5.0 (compatible; MSIE 9.0; Windows NT 6.1; Win64; x64; Trident/5.0)"
27.38.32.171 - - [27/Mar/2018:14:45:22 +0800] "GET / HTTP/1.1" 200 931 "https://www.so.com/s?ie=utf-8&src=360se7_addr&q=%E4%BA%9A%E6%B4%B2%E6%8E%98%E9%87%91%E6%8A%95%E8%B5%84%E7%AE%A1%E7%90%86%EF%BC%88%E5%8C%97%E4%BA%AC%EF%BC%89%E6%9C%89%E9%99%90%E5%85%AC%E5%8F%B8" "Mozilla/5.0 (Windows NT 6.1; WOW64) AppleWebKit/537.36 (KHTML, like Gecko) Chrome/55.0.2883.87 Safari/537.36"
27.38.32.171 - - [27/Mar/2018:14:45:22 +0800] "GET /css/reset.css HTTP/1.1" 200 523 "https://www.yazhoujuejin.com/" "Mozilla/5.0 (Windows NT 6.1; WOW64) AppleWebKit/537.36 (KHTML, like Gecko) Chrome/55.0.2883.87 Safari/537.36"
27.38.32.171 - - [27/Mar/2018:14:45:22 +0800] "GET /lib/bootstrap/css/bootstrap.css HTTP/1.1" 200 25067 "https://www.yazhoujuejin.com/" "Mozilla/5.0 (Windows NT 6.1; WOW64) AppleWebKit/537.36 (KHTML, like Gecko) Chrome/55.0.2883.87 Safari/537.36"
27.38.32.171 - - [27/Mar/2018:14:45:22 +0800] "GET /css/title.css HTTP/1.1" 200 515 "https://www.yazhoujuejin.com/" "Mozilla/5.0 (Windows NT 6.1; WOW64) AppleWebKit/537.36 (KHTML, like Gecko) Chrome/55.0.2883.87 Safari/537.36"
27.38.32.171 - - [27/Mar/2018:14:45:22 +0800] "GET /css/footer.css HTTP/1.1" 200 716 "https://www.yazhoujuejin.com/" "Mozilla/5.0 (Windows NT 6.1; WOW64) AppleWebKit/537.36 (KHTML, like Gecko) Chrome/55.0.2883.87 Safari/537.36"
27.38.32.171 - - [27/Mar/2018:14:45:22 +0800] "GET /css/animations.css HTTP/1.1" 200 735 "https://www.yazhoujuejin.com/" "Mozilla/5.0 (Windows NT 6.1; WOW64) AppleWebKit/537.36 (KHTML, like Gecko) Chrome/55.0.2883.87 Safari/537.36"
27.38.32.171 - - [27/Mar/2018:14:45:22 +0800] "GET /lib/bootstrap/js/respond.js HTTP/1.1" 200 4381 "https://www.yazhoujuejin.com/" "Mozilla/5.0 (Windows NT 6.1; WOW64) AppleWebKit/537.36 (KHTML, like Gecko) Chrome/55.0.2883.87 Safari/537.36"
27.38.32.171 - - [27/Mar/2018:14:45:22 +0800] "GET /lib/bootstrap/js/html5.js HTTP/1.1" 200 3026 "https://www.yazhoujuejin.com/" "Mozilla/5.0 (Windows NT 6.1; WOW64) AppleWebKit/537.36 (KHTML, like Gecko) Chrome/55.0.2883.87 Safari/537.36"
27.38.32.171 - - [27/Mar/2018:14:45:23 +0800] "GET /lib/bootstrap/js/bootstrap-dropdown-on-hover.js HTTP/1.1" 200 9092 "https://www.yazhoujuejin.com/" "Mozilla/5.0 (Windows NT 6.1; WOW64) AppleWebKit/537.36 (KHTML, like Gecko) Chrome/55.0.2883.87 Safari/537.36"
27.38.32.171 - - [27/Mar/2018:14:45:23 +0800] "GET /js/cookie.js HTTP/1.1" 200 1561 "https://www.yazhoujuejin.com/" "Mozilla/5.0 (Windows NT 6.1; WOW64) AppleWebKit/537.36 (KHTML, like Gecko) Chrome/55.0.2883.87 Safari/537.36"
27.38.32.171 - - [27/Mar/2018:14:45:23 +0800] "GET /js/m.js HTTP/1.1" 200 14489 "https://www.yazhoujuejin.com/" "Mozilla/5.0 (Windows NT 6.1; WOW64) AppleWebKit/537.36 (KHTML, like Gecko) Chrome/55.0.2883.87 Safari/537.36"
27.38.32.171 - - [27/Mar/2018:14:45:23 +0800] "GET /js/index.js HTTP/1.1" 200 3425 "https://www.yazhoujuejin.com/" "Mozilla/5.0 (Windows NT 6.1; WOW64) AppleWebKit/537.36 (KHTML, like Gecko) Chrome/55.0.2883.87 Safari/537.36"
27.38.32.171 - - [27/Mar/2018:14:45:23 +0800] "GET /lib/jquery/jquery-1.12.1.js HTTP/1.1" 200 407013 "https://www.yazhoujuejin.com/" "Mozilla/5.0 (Windows NT 6.1; WOW64) AppleWebKit/537.36 (KHTML, like Gecko) Chrome/55.0.2883.87 Safari/537.36"
27.38.32.171 - - [27/Mar/2018:14:45:23 +0800] "GET /lib/bootstrap/js/bootstrap.min.js HTTP/1.1" 200 65813 "https://www.yazhoujuejin.com/" "Mozilla/5.0 (Windows NT 6.1; WOW64) AppleWebKit/537.36 (KHTML, like Gecko) Chrome/55.0.2883.87 Safari/537.36"
27.38.32.171 - - [27/Mar/2018:14:45:23 +0800] "GET /css/modal.css HTTP/1.1" 200 778 "https://www.yazhoujuejin.com/" "Mozilla/5.0 (Windows NT 6.1; WOW64) AppleWebKit/537.36 (KHTML, like Gecko) Chrome/55.0.2883.87 Safari/537.36"
27.38.32.171 - - [27/Mar/2018:14:45:23 +0800] "GET /html/title.html HTTP/1.1" 200 810 "https://www.yazhoujuejin.com/" "Mozilla/5.0 (Windows NT 6.1; WOW64) AppleWebKit/537.36 (KHTML, like Gecko) Chrome/55.0.2883.87 Safari/537.36"
27.38.32.171 - - [27/Mar/2018:14:45:23 +0800] "GET /html/footer.html HTTP/1.1" 200 1546 "https://www.yazhoujuejin.com/" "Mozilla/5.0 (Windows NT 6.1; WOW64) AppleWebKit/537.36 (KHTML, like Gecko) Chrome/55.0.2883.87 Safari/537.36"
27.38.32.171 - - [27/Mar/2018:14:45:23 +0800] "GET /html/modal.html HTTP/1.1" 200 1092 "https://www.yazhoujuejin.com/" "Mozilla/5.0 (Windows NT 6.1; WOW64) AppleWebKit/537.36 (KHTML, like Gecko) Chrome/55.0.2883.87 Safari/537.36"
27.38.32.171 - - [27/Mar/2018:14:45:23 +0800] "GET /images/gongzhonghao.jpg HTTP/1.1" 200 30169 "https://www.yazhoujuejin.com/" "Mozilla/5.0 (Windows NT 6.1; WOW64) AppleWebKit/537.36 (KHTML, like Gecko) Chrome/55.0.2883.87 Safari/537.36"
27.38.32.171 - - [27/Mar/2018:14:45:23 +0800] "GET /images/app.jpg HTTP/1.1" 200 14362 "https://www.yazhoujuejin.com/" "Mozilla/5.0 (Windows NT 6.1; WOW64) AppleWebKit/537.36 (KHTML, like Gecko) Chrome/55.0.2883.87 Safari/537.36"
27.38.32.171 - - [27/Mar/2018:14:45:23 +0800] "GET /images/logo.png HTTP/1.1" 200 5728 "https://www.yazhoujuejin.com/" "Mozilla/5.0 (Windows NT 6.1; WOW64) AppleWebKit/537.36 (KHTML, like Gecko) Chrome/55.0.2883.87 Safari/537.36"
27.38.32.171 - - [27/Mar/2018:14:45:23 +0800] "GET /images/ico-code.png HTTP/1.1" 200 11766 "https://www.yazhoujuejin.com/css/footer.css" "Mozilla/5.0 (Windows NT 6.1; WOW64) AppleWebKit/537.36 (KHTML, like Gecko) Chrome/55.0.2883.87 Safari/537.36"
27.38.32.171 - - [27/Mar/2018:14:45:23 +0800] "GET /images/xiaochengxu.jpg HTTP/1.1" 200 30629 "https://www.yazhoujuejin.com/" "Mozilla/5.0 (Windows NT 6.1; WOW64) AppleWebKit/537.36 (KHTML, like Gecko) Chrome/55.0.2883.87 Safari/537.36"
27.38.32.171 - - [27/Mar/2018:14:45:24 +0800] "GET /images/banner.jpg HTTP/1.1" 200 353169 "https://www.yazhoujuejin.com/" "Mozilla/5.0 (Windows NT 6.1; WOW64) AppleWebKit/537.36 (KHTML, like Gecko) Chrome/55.0.2883.87 Safari/537.36"
27.38.32.171 - - [27/Mar/2018:14:45:24 +0800] "GET /images/urlLogo.png HTTP/1.1" 200 1393 "https://www.yazhoujuejin.com/" "Mozilla/5.0 (Windows NT 6.1; WOW64) AppleWebKit/537.36 (KHTML, like Gecko) Chrome/55.0.2883.87 Safari/537.36"
42.236.103.106 - - [27/Mar/2018:14:45:40 +0800] "GET / HTTP/1.1" 200 931 "https://www.yazhoujuejin.com/" "Mozilla/5.0 (compatible; MSIE 9.0; Windows NT 6.1; Trident/5.0); 360Spider"
112.126.75.174 - - [27/Mar/2018:14:46:14 +0800] "HEAD / HTTP/1.1" 301 0 "-" "Mozilla/5.0 (compatible; MSIE 9.0; Windows NT 6.1; Win64; x64; Trident/5.0)"
27.38.32.171 - - [27/Mar/2018:14:46:33 +0800] "GET / HTTP/1.1" 301 178 "-" "Mozilla/5.0 (Windows NT 6.1; WOW64) AppleWebKit/537.36 (KHTML, like Gecko) Chrome/55.0.2883.87 Safari/537.36"
27.38.32.171 - - [27/Mar/2018:14:47:17 +0800] "GET /regist.html HTTP/1.1" 200 2055 "https://www.yazhoujuejin.com/" "Mozilla/5.0 (Windows NT 6.1; WOW64) AppleWebKit/537.36 (KHTML, like Gecko) Chrome/55.0.2883.87 Safari/537.36"
27.38.32.171 - - [27/Mar/2018:14:47:17 +0800] "GET /css/register.css HTTP/1.1" 200 480 "https://www.yazhoujuejin.com/regist.html" "Mozilla/5.0 (Windows NT 6.1; WOW64) AppleWebKit/537.36 (KHTML, like Gecko) Chrome/55.0.2883.87 Safari/537.36"
27.38.32.171 - - [27/Mar/2018:14:47:18 +0800] "GET /js/regist.js HTTP/1.1" 200 5259 "https://www.yazhoujuejin.com/regist.html" "Mozilla/5.0 (Windows NT 6.1; WOW64) AppleWebKit/537.36 (KHTML, like Gecko) Chrome/55.0.2883.87 Safari/537.36"
27.38.32.171 - - [27/Mar/2018:14:47:18 +0800] "GET /css/mobile.css HTTP/1.1" 200 1104 "https://www.yazhoujuejin.com/regist.html" "Mozilla/5.0 (Windows NT 6.1; WOW64) AppleWebKit/537.36 (KHTML, like Gecko) Chrome/55.0.2883.87 Safari/537.36"
27.38.32.171 - - [27/Mar/2018:14:47:18 +0800] "GET /images/loginbg.jpg HTTP/1.1" 200 39662 "https://www.yazhoujuejin.com/regist.html" "Mozilla/5.0 (Windows NT 6.1; WOW64) AppleWebKit/537.36 (KHTML, like Gecko) Chrome/55.0.2883.87 Safari/537.36"
27.38.32.171 - - [27/Mar/2018:14:47:18 +0800] "GET /lib/bootstrap/fonts/glyphicons-halflings-regular.woff HTTP/1.1" 200 23320 "https://www.yazhoujuejin.com/lib/bootstrap/css/bootstrap.css" "Mozilla/5.0 (Windows NT 6.1; WOW64) AppleWebKit/537.36 (KHTML, like Gecko) Chrome/55.0.2883.87 Safari/537.36"
27.38.32.171 - - [27/Mar/2018:14:47:21 +0800] "GET /about.html HTTP/1.1" 200 3166 "https://www.yazhoujuejin.com/regist.html" "Mozilla/5.0 (Windows NT 6.1; WOW64) AppleWebKit/537.36 (KHTML, like Gecko) Chrome/55.0.2883.87 Safari/537.36"
27.38.32.171 - - [27/Mar/2018:14:47:21 +0800] "GET /js/about.js HTTP/1.1" 200 4082 "https://www.yazhoujuejin.com/about.html" "Mozilla/5.0 (Windows NT 6.1; WOW64) AppleWebKit/537.36 (KHTML, like Gecko) Chrome/55.0.2883.87 Safari/537.36"
27.38.32.171 - - [27/Mar/2018:14:47:22 +0800] "GET /css/about.css HTTP/1.1" 200 616 "https://www.yazhoujuejin.com/about.html" "Mozilla/5.0 (Windows NT 6.1; WOW64) AppleWebKit/537.36 (KHTML, like Gecko) Chrome/55.0.2883.87 Safari/537.36"
27.38.32.171 - - [27/Mar/2018:14:47:22 +0800] "GET /images/smpz.png HTTP/1.1" 200 212094 "https://www.yazhoujuejin.com/about.html" "Mozilla/5.0 (Windows NT 6.1; WOW64) AppleWebKit/537.36 (KHTML, like Gecko) Chrome/55.0.2883.87 Safari/537.36"
27.38.32.171 - - [27/Mar/2018:14:47:23 +0800] "GET /images/2.jpg HTTP/1.1" 200 158419 "https://www.yazhoujuejin.com/about.html" "Mozilla/5.0 (Windows NT 6.1; WOW64) AppleWebKit/537.36 (KHTML, like Gecko) Chrome/55.0.2883.87 Safari/537.36"
27.38.32.171 - - [27/Mar/2018:14:47:23 +0800] "GET /images/yyzz.png HTTP/1.1" 200 638526 "https://www.yazhoujuejin.com/about.html" "Mozilla/5.0 (Windows NT 6.1; WOW64) AppleWebKit/537.36 (KHTML, like Gecko) Chrome/55.0.2883.87 Safari/537.36"
27.38.32.171 - - [27/Mar/2018:14:47:23 +0800] "GET /images/0.jpg HTTP/1.1" 200 150779 "https://www.yazhoujuejin.com/about.html" "Mozilla/5.0 (Windows NT 6.1; WOW64) AppleWebKit/537.36 (KHTML, like Gecko) Chrome/55.0.2883.87 Safari/537.36"
27.38.32.171 - - [27/Mar/2018:14:47:23 +0800] "GET /images/4.jpg HTTP/1.1" 200 157462 "https://www.yazhoujuejin.com/about.html" "Mozilla/5.0 (Windows NT 6.1; WOW64) AppleWebKit/537.36 (KHTML, like Gecko) Chrome/55.0.2883.87 Safari/537.36"
27.38.32.171 - - [27/Mar/2018:14:47:24 +0800] "GET /images/1.jpg HTTP/1.1" 200 115633 "https://www.yazhoujuejin.com/about.html" "Mozilla/5.0 (Windows NT 6.1; WOW64) AppleWebKit/537.36 (KHTML, like Gecko) Chrome/55.0.2883.87 Safari/537.36"
27.38.32.171 - - [27/Mar/2018:14:47:25 +0800] "GET /images/3.jpg HTTP/1.1" 200 175315 "https://www.yazhoujuejin.com/about.html" "Mozilla/5.0 (Windows NT 6.1; WOW64) AppleWebKit/537.36 (KHTML, like Gecko) Chrome/55.0.2883.87 Safari/537.36"
27.38.32.171 - - [27/Mar/2018:14:47:25 +0800] "GET /images/6.jpg HTTP/1.1" 200 103489 "https://www.yazhoujuejin.com/about.html" "Mozilla/5.0 (Windows NT 6.1; WOW64) AppleWebKit/537.36 (KHTML, like Gecko) Chrome/55.0.2883.87 Safari/537.36"
27.38.32.171 - - [27/Mar/2018:14:47:26 +0800] "GET /images/5.jpg HTTP/1.1" 200 255298 "https://www.yazhoujuejin.com/about.html" "Mozilla/5.0 (Windows NT 6.1; WOW64) AppleWebKit/537.36 (KHTML, like Gecko) Chrome/55.0.2883.87 Safari/537.36"
112.124.127.44 - - [27/Mar/2018:14:48:08 +0800] "HEAD / HTTP/1.1" 301 0 "-" "Mozilla/5.0 (compatible; MSIE 9.0; Windows NT 6.1; Win64; x64; Trident/5.0)"
27.38.32.137 - - [27/Mar/2018:14:48:57 +0800] "GET /restful/login/sendCode4Register/15973298831?callback=jQuery1121022727258870151923_1522133220865&_=1522133220866 HTTP/1.1" 200 160 "https://www.yazhoujuejin.com/regist.html" "Mozilla/5.0 (Windows NT 6.1; WOW64) AppleWebKit/537.36 (KHTML, like Gecko) Chrome/55.0.2883.87 Safari/537.36"
115.28.26.13 - - [27/Mar/2018:14:50:08 +0800] "HEAD / HTTP/1.1" 301 0 "-" "Mozilla/5.0 (compatible; MSIE 9.0; Windows NT 6.1; Win64; x64; Trident/5.0)"
112.126.75.174 - - [27/Mar/2018:14:51:14 +0800] "HEAD / HTTP/1.1" 301 0 "-" "Mozilla/5.0 (compatible; MSIE 9.0; Windows NT 6.1; Win64; x64; Trident/5.0)"
27.38.32.171 - - [27/Mar/2018:14:52:40 +0800] "GET /restful/login/sendCode4Register/18873919556?callback=jQuery112105295523018269386_1522133509263&_=1522133509264 HTTP/1.1" 200 159 "https://www.yazhoujuejin.com/regist.html" "Mozilla/5.0 (Windows NT 6.1; WOW64) AppleWebKit/537.36 (KHTML, like Gecko) Chrome/55.0.2883.87 Safari/537.36"
112.124.127.44 - - [27/Mar/2018:14:53:08 +0800] "HEAD / HTTP/1.1" 301 0 "-" "Mozilla/5.0 (compatible; MSIE 9.0; Windows NT 6.1; Win64; x64; Trident/5.0)"
27.38.32.137 - - [27/Mar/2018:14:53:10 +0800] "GET /restful/login/register/18873919556?callback=jQuery112105295523018269386_1522133509263&code=252946&password=zzq125690&source=WZQT&_=1522133509265 HTTP/1.1" 200 159 "https://www.yazhoujuejin.com/regist.html" "Mozilla/5.0 (Windows NT 6.1; WOW64) AppleWebKit/537.36 (KHTML, like Gecko) Chrome/55.0.2883.87 Safari/537.36"
27.38.32.137 - - [27/Mar/2018:14:53:12 +0800] "GET /login.html HTTP/1.1" 200 1792 "https://www.yazhoujuejin.com/regist.html" "Mozilla/5.0 (Windows NT 6.1; WOW64) AppleWebKit/537.36 (KHTML, like Gecko) Chrome/55.0.2883.87 Safari/537.36"
27.38.32.137 - - [27/Mar/2018:14:53:12 +0800] "GET /js/login.js HTTP/1.1" 200 5841 "https://www.yazhoujuejin.com/login.html" "Mozilla/5.0 (Windows NT 6.1; WOW64) AppleWebKit/537.36 (KHTML, like Gecko) Chrome/55.0.2883.87 Safari/537.36"
27.38.32.137 - - [27/Mar/2018:14:53:12 +0800] "GET /css/login.css HTTP/1.1" 200 462 "https://www.yazhoujuejin.com/login.html" "Mozilla/5.0 (Windows NT 6.1; WOW64) AppleWebKit/537.36 (KHTML, like Gecko) Chrome/55.0.2883.87 Safari/537.36"
27.38.32.137 - - [27/Mar/2018:14:53:30 +0800] "GET /restful/login?callback=jQuery112108946503863453932_1522133561473&phone=18873919556&password=zzq125690&_=1522133561474 HTTP/1.1" 200 391 "https://www.yazhoujuejin.com/login.html" "Mozilla/5.0 (Windows NT 6.1; WOW64) AppleWebKit/537.36 (KHTML, like Gecko) Chrome/55.0.2883.87 Safari/537.36"
27.38.32.137 - - [27/Mar/2018:14:53:32 +0800] "GET /questionnaire.html HTTP/1.1" 200 3192 "https://www.yazhoujuejin.com/login.html" "Mozilla/5.0 (Windows NT 6.1; WOW64) AppleWebKit/537.36 (KHTML, like Gecko) Chrome/55.0.2883.87 Safari/537.36"
27.38.32.137 - - [27/Mar/2018:14:53:32 +0800] "GET /css/questionnaire.css HTTP/1.1" 200 831 "https://www.yazhoujuejin.com/questionnaire.html" "Mozilla/5.0 (Windows NT 6.1; WOW64) AppleWebKit/537.36 (KHTML, like Gecko) Chrome/55.0.2883.87 Safari/537.36"
27.38.32.137 - - [27/Mar/2018:14:53:32 +0800] "GET /js/questionnaire.js HTTP/1.1" 200 2953 "https://www.yazhoujuejin.com/questionnaire.html" "Mozilla/5.0 (Windows NT 6.1; WOW64) AppleWebKit/537.36 (KHTML, like Gecko) Chrome/55.0.2883.87 Safari/537.36"
115.28.26.13 - - [27/Mar/2018:14:55:08 +0800] "HEAD / HTTP/1.1" 301 0 "-" "Mozilla/5.0 (compatible; MSIE 9.0; Windows NT 6.1; Win64; x64; Trident/5.0)"
27.38.32.171 - - [27/Mar/2018:14:55:12 +0800] "GET /restful/customer/evaluate?callback=jQuery112109165193296930794_1522133581779&customer_id=3f0956989bb0970ccc128a9d8c47f09c&result=q1c%2Cq2c%2Cq3b%2Cq4b%2Cq5a%2Cq6c%2Cq7c%2Cq8d%2Cq9c%2Cq10c%2Cq11c%2Cq12b&_=1522133581780 HTTP/1.1" 200 612 "https://www.yazhoujuejin.com/questionnaire.html" "Mozilla/5.0 (Windows NT 6.1; WOW64) AppleWebKit/537.36 (KHTML, like Gecko) Chrome/55.0.2883.87 Safari/537.36"
27.38.32.171 - - [27/Mar/2018:14:55:22 +0800] "GET /index.html HTTP/1.1" 200 931 "https://www.yazhoujuejin.com/questionnaire.html" "Mozilla/5.0 (Windows NT 6.1; WOW64) AppleWebKit/537.36 (KHTML, like Gecko) Chrome/55.0.2883.87 Safari/537.36"
112.126.75.174 - - [27/Mar/2018:14:56:14 +0800] "HEAD / HTTP/1.1" 301 0 "-" "Mozilla/5.0 (compatible; MSIE 9.0; Windows NT 6.1; Win64; x64; Trident/5.0)"
112.124.127.44 - - [27/Mar/2018:14:58:08 +0800] "HEAD / HTTP/1.1" 301 0 "-" "Mozilla/5.0 (compatible; MSIE 9.0; Windows NT 6.1; Win64; x64; Trident/5.0)"
115.28.26.13 - - [27/Mar/2018:15:00:08 +0800] "HEAD / HTTP/1.1" 301 0 "-" "Mozilla/5.0 (compatible; MSIE 9.0; Windows NT 6.1; Win64; x64; Trident/5.0)"
112.126.75.174 - - [27/Mar/2018:15:01:14 +0800] "HEAD / HTTP/1.1" 301 0 "-" "Mozilla/5.0 (compatible; MSIE 9.0; Windows NT 6.1; Win64; x64; Trident/5.0)"
112.124.127.44 - - [27/Mar/2018:15:03:08 +0800] "HEAD / HTTP/1.1" 301 0 "-" "Mozilla/5.0 (compatible; MSIE 9.0; Windows NT 6.1; Win64; x64; Trident/5.0)"
115.28.26.13 - - [27/Mar/2018:15:05:08 +0800] "HEAD / HTTP/1.1" 301 0 "-" "Mozilla/5.0 (compatible; MSIE 9.0; Windows NT 6.1; Win64; x64; Trident/5.0)"
27.38.32.137 - - [27/Mar/2018:15:05:29 +0800] "GET /investService.html?qjcp HTTP/1.1" 200 1160 "https://www.yazhoujuejin.com/index.html" "Mozilla/5.0 (Windows NT 6.1; WOW64) AppleWebKit/537.36 (KHTML, like Gecko) Chrome/55.0.2883.87 Safari/537.36"
27.38.32.137 - - [27/Mar/2018:15:05:29 +0800] "GET /js/investService.js HTTP/1.1" 200 9426 "https://www.yazhoujuejin.com/investService.html?qjcp" "Mozilla/5.0 (Windows NT 6.1; WOW64) AppleWebKit/537.36 (KHTML, like Gecko) Chrome/55.0.2883.87 Safari/537.36"
27.38.32.137 - - [27/Mar/2018:15:05:29 +0800] "GET /css/investService.css HTTP/1.1" 200 975 "https://www.yazhoujuejin.com/investService.html?qjcp" "Mozilla/5.0 (Windows NT 6.1; WOW64) AppleWebKit/537.36 (KHTML, like Gecko) Chrome/55.0.2883.87 Safari/537.36"
27.38.32.137 - - [27/Mar/2018:15:05:29 +0800] "GET /restful/product/list?callback=jQuery1121010772235422310228_1522134298257&_=1522134298258 HTTP/1.1" 200 145 "https://www.yazhoujuejin.com/investService.html?qjcp" "Mozilla/5.0 (Windows NT 6.1; WOW64) AppleWebKit/537.36 (KHTML, like Gecko) Chrome/55.0.2883.87 Safari/537.36"
27.38.32.137 - - [27/Mar/2018:15:05:29 +0800] "GET /restful/product/list?callback=jQuery1121010772235422310228_1522134298259&_=1522134298260 HTTP/1.1" 200 145 "https://www.yazhoujuejin.com/investService.html?qjcp" "Mozilla/5.0 (Windows NT 6.1; WOW64) AppleWebKit/537.36 (KHTML, like Gecko) Chrome/55.0.2883.87 Safari/537.36"
27.38.32.137 - - [27/Mar/2018:15:05:37 +0800] "GET /investService.html?qjcp HTTP/1.1" 304 0 "https://www.yazhoujuejin.com/index.html" "Mozilla/5.0 (Windows NT 6.1; WOW64) AppleWebKit/537.36 (KHTML, like Gecko) Chrome/55.0.2883.87 Safari/537.36"
27.38.32.137 - - [27/Mar/2018:15:05:38 +0800] "GET /restful/product/list?callback=jQuery112108236665356000632_1522134306739&_=1522134306740 HTTP/1.1" 200 144 "https://www.yazhoujuejin.com/investService.html?qjcp" "Mozilla/5.0 (Windows NT 6.1; WOW64) AppleWebKit/537.36 (KHTML, like Gecko) Chrome/55.0.2883.87 Safari/537.36"
27.38.32.137 - - [27/Mar/2018:15:05:38 +0800] "GET /restful/product/list?callback=jQuery112108236665356000632_1522134306741&_=1522134306742 HTTP/1.1" 200 144 "https://www.yazhoujuejin.com/investService.html?qjcp" "Mozilla/5.0 (Windows NT 6.1; WOW64) AppleWebKit/537.36 (KHTML, like Gecko) Chrome/55.0.2883.87 Safari/537.36"
27.38.32.137 - - [27/Mar/2018:15:05:38 +0800] "GET /images/urlLogo.png HTTP/1.1" 200 1393 "https://www.yazhoujuejin.com/investService.html?qjcp" "Mozilla/5.0 (Windows NT 6.1; WOW64) AppleWebKit/537.36 (KHTML, like Gecko) Chrome/55.0.2883.87 Safari/537.36"
27.38.32.137 - - [27/Mar/2018:15:05:40 +0800] "GET /jjdynamic.html HTTP/1.1" 200 1159 "https://www.yazhoujuejin.com/investService.html?qjcp" "Mozilla/5.0 (Windows NT 6.1; WOW64) AppleWebKit/537.36 (KHTML, like Gecko) Chrome/55.0.2883.87 Safari/537.36"
27.38.32.137 - - [27/Mar/2018:15:05:40 +0800] "GET /js/jjdynamic.js HTTP/1.1" 200 5574 "https://www.yazhoujuejin.com/jjdynamic.html" "Mozilla/5.0 (Windows NT 6.1; WOW64) AppleWebKit/537.36 (KHTML, like Gecko) Chrome/55.0.2883.87 Safari/537.36"
27.38.32.137 - - [27/Mar/2018:15:05:40 +0800] "GET /css/jjdynamic.css HTTP/1.1" 200 809 "https://www.yazhoujuejin.com/jjdynamic.html" "Mozilla/5.0 (Windows NT 6.1; WOW64) AppleWebKit/537.36 (KHTML, like Gecko) Chrome/55.0.2883.87 Safari/537.36"
27.38.32.137 - - [27/Mar/2018:15:05:40 +0800] "GET /restful/news/list?callback=jQuery112107156748325105897_1522134309017&page=1&rows=10&_=1522134309018 HTTP/1.1" 200 5598 "https://www.yazhoujuejin.com/jjdynamic.html" "Mozilla/5.0 (Windows NT 6.1; WOW64) AppleWebKit/537.36 (KHTML, like Gecko) Chrome/55.0.2883.87 Safari/537.36"
27.38.32.137 - - [27/Mar/2018:15:05:44 +0800] "GET /restful/news/findById?callback=jQuery112107156748325105897_1522134309017&news_id=20171009160923179&_=1522134309019 HTTP/1.1" 200 461 "https://www.yazhoujuejin.com/jjdynamic.html" "Mozilla/5.0 (Windows NT 6.1; WOW64) AppleWebKit/537.36 (KHTML, like Gecko) Chrome/55.0.2883.87 Safari/537.36"
112.126.75.174 - - [27/Mar/2018:15:06:14 +0800] "HEAD / HTTP/1.1" 301 0 "-" "Mozilla/5.0 (compatible; MSIE 9.0; Windows NT 6.1; Win64; x64; Trident/5.0)"
27.38.32.171 - - [27/Mar/2018:15:06:17 +0800] "GET /restful/product/list?callback=jQuery1121018714957252711106_1522134345681&_=1522134345682 HTTP/1.1" 200 145 "https://www.yazhoujuejin.com/investService.html?qjcp" "Mozilla/5.0 (Windows NT 6.1; WOW64) AppleWebKit/537.36 (KHTML, like Gecko) Chrome/55.0.2883.87 Safari/537.36"
27.38.32.171 - - [27/Mar/2018:15:06:17 +0800] "GET /restful/product/list?callback=jQuery1121018714957252711106_1522134345683&_=1522134345684 HTTP/1.1" 200 145 "https://www.yazhoujuejin.com/investService.html?qjcp" "Mozilla/5.0 (Windows NT 6.1; WOW64) AppleWebKit/537.36 (KHTML, like Gecko) Chrome/55.0.2883.87 Safari/537.36"
27.38.32.171 - - [27/Mar/2018:15:06:19 +0800] "GET /restful/news/list?callback=jQuery112108791599885627146_1522134347947&page=1&rows=10&_=1522134347948 HTTP/1.1" 200 5598 "https://www.yazhoujuejin.com/jjdynamic.html" "Mozilla/5.0 (Windows NT 6.1; WOW64) AppleWebKit/537.36 (KHTML, like Gecko) Chrome/55.0.2883.87 Safari/537.36"
27.38.32.171 - - [27/Mar/2018:15:06:21 +0800] "GET /restful/news/findById?callback=jQuery112108791599885627146_1522134347947&news_id=20171106115907341&_=1522134347949 HTTP/1.1" 200 2650 "https://www.yazhoujuejin.com/jjdynamic.html" "Mozilla/5.0 (Windows NT 6.1; WOW64) AppleWebKit/537.36 (KHTML, like Gecko) Chrome/55.0.2883.87 Safari/537.36"
27.38.32.171 - - [27/Mar/2018:15:06:57 +0800] "GET /restful/product/list?callback=jQuery1121040954162542836836_1522134386023&_=1522134386024 HTTP/1.1" 200 145 "https://www.yazhoujuejin.com/investService.html?qjcp" "Mozilla/5.0 (Windows NT 6.1; WOW64) AppleWebKit/537.36 (KHTML, like Gecko) Chrome/55.0.2883.87 Safari/537.36"
27.38.32.171 - - [27/Mar/2018:15:06:57 +0800] "GET /restful/product/list?callback=jQuery1121040954162542836836_1522134386025&_=1522134386026 HTTP/1.1" 200 145 "https://www.yazhoujuejin.com/investService.html?qjcp" "Mozilla/5.0 (Windows NT 6.1; WOW64) AppleWebKit/537.36 (KHTML, like Gecko) Chrome/55.0.2883.87 Safari/537.36"
27.38.32.171 - - [27/Mar/2018:15:06:58 +0800] "GET /restful/news/list?callback=jQuery112109455310992160602_1522134387534&page=1&rows=10&_=1522134387535 HTTP/1.1" 200 5598 "https://www.yazhoujuejin.com/jjdynamic.html" "Mozilla/5.0 (Windows NT 6.1; WOW64) AppleWebKit/537.36 (KHTML, like Gecko) Chrome/55.0.2883.87 Safari/537.36"
27.38.32.171 - - [27/Mar/2018:15:07:03 +0800] "GET /investSalon.html HTTP/1.1" 200 897 "https://www.yazhoujuejin.com/jjdynamic.html" "Mozilla/5.0 (Windows NT 6.1; WOW64) AppleWebKit/537.36 (KHTML, like Gecko) Chrome/55.0.2883.87 Safari/537.36"
27.38.32.171 - - [27/Mar/2018:15:07:04 +0800] "GET /js/investSalon.js HTTP/1.1" 200 6505 "https://www.yazhoujuejin.com/investSalon.html" "Mozilla/5.0 (Windows NT 6.1; WOW64) AppleWebKit/537.36 (KHTML, like Gecko) Chrome/55.0.2883.87 Safari/537.36"
112.124.127.44 - - [27/Mar/2018:15:08:08 +0800] "HEAD / HTTP/1.1" 301 0 "-" "Mozilla/5.0 (compatible; MSIE 9.0; Windows NT 6.1; Win64; x64; Trident/5.0)"
112.126.75.174 - - [27/Mar/2018:15:11:14 +0800] "HEAD / HTTP/1.1" 301 0 "-" "Mozilla/5.0 (compatible; MSIE 9.0; Windows NT 6.1; Win64; x64; Trident/5.0)"
112.124.127.44 - - [27/Mar/2018:15:13:08 +0800] "HEAD / HTTP/1.1" 301 0 "-" "Mozilla/5.0 (compatible; MSIE 9.0; Windows NT 6.1; Win64; x64; Trident/5.0)"
115.28.26.13 - - [27/Mar/2018:15:15:42 +0800] "HEAD / HTTP/1.1" 301 0 "-" "Mozilla/5.0 (compatible; MSIE 9.0; Windows NT 6.1; Win64; x64; Trident/5.0)"
112.126.75.174 - - [27/Mar/2018:15:16:14 +0800] "HEAD / HTTP/1.1" 301 0 "-" "Mozilla/5.0 (compatible; MSIE 9.0; Windows NT 6.1; Win64; x64; Trident/5.0)"
112.124.127.44 - - [27/Mar/2018:15:18:08 +0800] "HEAD / HTTP/1.1" 301 0 "-" "Mozilla/5.0 (compatible; MSIE 9.0; Windows NT 6.1; Win64; x64; Trident/5.0)"
115.28.26.13 - - [27/Mar/2018:15:20:42 +0800] "HEAD / HTTP/1.1" 301 0 "-" "Mozilla/5.0 (compatible; MSIE 9.0; Windows NT 6.1; Win64; x64; Trident/5.0)"
112.126.75.174 - - [27/Mar/2018:15:21:14 +0800] "HEAD / HTTP/1.1" 301 0 "-" "Mozilla/5.0 (compatible; MSIE 9.0; Windows NT 6.1; Win64; x64; Trident/5.0)"
112.124.127.44 - - [27/Mar/2018:15:23:08 +0800] "HEAD / HTTP/1.1" 301 0 "-" "Mozilla/5.0 (compatible; MSIE 9.0; Windows NT 6.1; Win64; x64; Trident/5.0)"
115.28.26.13 - - [27/Mar/2018:15:25:42 +0800] "HEAD / HTTP/1.1" 301 0 "-" "Mozilla/5.0 (compatible; MSIE 9.0; Windows NT 6.1; Win64; x64; Trident/5.0)"
112.126.75.174 - - [27/Mar/2018:15:26:14 +0800] "HEAD / HTTP/1.1" 301 0 "-" "Mozilla/5.0 (compatible; MSIE 9.0; Windows NT 6.1; Win64; x64; Trident/5.0)"
117.136.38.50 - - [27/Mar/2018:15:27:58 +0800] "GET /restful/product/allUpdateItems?callback=jQuery112106356333033518752_1522136350562&product_id=7829e12e2a9b1280852fdb125e3b7768&_=1522136350563 HTTP/1.1" 200 166 "https://www.yazhoujuejin.com/investDetail.html?investNo=7829e12e2a9b1280852fdb125e3b7768" "Mozilla/5.0 (iPhone; CPU iPhone OS 10_0 like Mac OS X) AppleWebKit/602.1.50 (KHTML, like Gecko) Version/10.0 Mobile/14A346 Safari/602.1"
117.136.38.50 - - [27/Mar/2018:15:27:58 +0800] "GET /restful/product/findById/7829e12e2a9b1280852fdb125e3b7768?callback=jQuery112106356333033518752_1522136350564&_=1522136350565 HTTP/1.1" 200 190 "https://www.yazhoujuejin.com/investDetail.html?investNo=7829e12e2a9b1280852fdb125e3b7768" "Mozilla/5.0 (iPhone; CPU iPhone OS 10_0 like Mac OS X) AppleWebKit/602.1.50 (KHTML, like Gecko) Version/10.0 Mobile/14A346 Safari/602.1"
117.136.38.50 - - [27/Mar/2018:15:27:58 +0800] "GET /restful/product/showUpdateItems?callback=jQuery112106356333033518752_1522136350568&product_id=7829e12e2a9b1280852fdb125e3b7768&page=1&_=1522136350569 HTTP/1.1" 200 144 "https://www.yazhoujuejin.com/investDetail.html?investNo=7829e12e2a9b1280852fdb125e3b7768" "Mozilla/5.0 (iPhone; CPU iPhone OS 10_0 like Mac OS X) AppleWebKit/602.1.50 (KHTML, like Gecko) Version/10.0 Mobile/14A346 Safari/602.1"
117.136.38.50 - - [27/Mar/2018:15:27:58 +0800] "GET /restful/product/list?callback=jQuery112106356333033518752_1522136350566&_=1522136350567 HTTP/1.1" 200 144 "https://www.yazhoujuejin.com/investDetail.html?investNo=7829e12e2a9b1280852fdb125e3b7768" "Mozilla/5.0 (iPhone; CPU iPhone OS 10_0 like Mac OS X) AppleWebKit/602.1.50 (KHTML, like Gecko) Version/10.0 Mobile/14A346 Safari/602.1"
112.124.127.44 - - [27/Mar/2018:15:28:08 +0800] "HEAD / HTTP/1.1" 301 0 "-" "Mozilla/5.0 (compatible; MSIE 9.0; Windows NT 6.1; Win64; x64; Trident/5.0)"
