115.28.26.13 - - [27/Mar/2018:03:20:08 +0800] "HEAD / HTTP/1.1" 301 0 "-" "Mozilla/5.0 (compatible; MSIE 9.0; Windows NT 6.1; Win64; x64; Trident/5.0)"
112.126.75.174 - - [27/Mar/2018:03:21:14 +0800] "HEAD / HTTP/1.1" 301 0 "-" "Mozilla/5.0 (compatible; MSIE 9.0; Windows NT 6.1; Win64; x64; Trident/5.0)"
112.124.127.44 - - [27/Mar/2018:03:23:08 +0800] "HEAD / HTTP/1.1" 301 0 "-" "Mozilla/5.0 (compatible; MSIE 9.0; Windows NT 6.1; Win64; x64; Trident/5.0)"
115.28.26.13 - - [27/Mar/2018:03:25:08 +0800] "HEAD / HTTP/1.1" 301 0 "-" "Mozilla/5.0 (compatible; MSIE 9.0; Windows NT 6.1; Win64; x64; Trident/5.0)"
112.126.75.174 - - [27/Mar/2018:03:26:14 +0800] "HEAD / HTTP/1.1" 301 0 "-" "Mozilla/5.0 (compatible; MSIE 9.0; Windows NT 6.1; Win64; x64; Trident/5.0)"
112.124.127.44 - - [27/Mar/2018:03:28:08 +0800] "HEAD / HTTP/1.1" 301 0 "-" "Mozilla/5.0 (compatible; MSIE 9.0; Windows NT 6.1; Win64; x64; Trident/5.0)"
115.28.26.13 - - [27/Mar/2018:03:30:08 +0800] "HEAD / HTTP/1.1" 301 0 "-" "Mozilla/5.0 (compatible; MSIE 9.0; Windows NT 6.1; Win64; x64; Trident/5.0)"
112.126.75.174 - - [27/Mar/2018:03:31:14 +0800] "HEAD / HTTP/1.1" 301 0 "-" "Mozilla/5.0 (compatible; MSIE 9.0; Windows NT 6.1; Win64; x64; Trident/5.0)"
112.124.127.44 - - [27/Mar/2018:03:33:08 +0800] "HEAD / HTTP/1.1" 301 0 "-" "Mozilla/5.0 (compatible; MSIE 9.0; Windows NT 6.1; Win64; x64; Trident/5.0)"
115.28.26.13 - - [27/Mar/2018:03:35:08 +0800] "HEAD / HTTP/1.1" 301 0 "-" "Mozilla/5.0 (compatible; MSIE 9.0; Windows NT 6.1; Win64; x64; Trident/5.0)"
112.126.75.174 - - [27/Mar/2018:03:36:14 +0800] "HEAD / HTTP/1.1" 301 0 "-" "Mozilla/5.0 (compatible; MSIE 9.0; Windows NT 6.1; Win64; x64; Trident/5.0)"
203.208.60.251 - - [27/Mar/2018:03:37:32 +0800] "GET / HTTP/1.1" 200 931 "-" "Mozilla/5.0 (compatible; Googlebot/2.1; +http://www.google.com/bot.html)"
112.124.127.44 - - [27/Mar/2018:03:38:08 +0800] "HEAD / HTTP/1.1" 301 0 "-" "Mozilla/5.0 (compatible; MSIE 9.0; Windows NT 6.1; Win64; x64; Trident/5.0)"
115.28.26.13 - - [27/Mar/2018:03:40:08 +0800] "HEAD / HTTP/1.1" 301 0 "-" "Mozilla/5.0 (compatible; MSIE 9.0; Windows NT 6.1; Win64; x64; Trident/5.0)"
112.126.75.174 - - [27/Mar/2018:03:41:14 +0800] "HEAD / HTTP/1.1" 301 0 "-" "Mozilla/5.0 (compatible; MSIE 9.0; Windows NT 6.1; Win64; x64; Trident/5.0)"
112.124.127.44 - - [27/Mar/2018:03:43:08 +0800] "HEAD / HTTP/1.1" 301 0 "-" "Mozilla/5.0 (compatible; MSIE 9.0; Windows NT 6.1; Win64; x64; Trident/5.0)"
115.28.26.13 - - [27/Mar/2018:03:45:08 +0800] "HEAD / HTTP/1.1" 301 0 "-" "Mozilla/5.0 (compatible; MSIE 9.0; Windows NT 6.1; Win64; x64; Trident/5.0)"
112.126.75.174 - - [27/Mar/2018:03:46:14 +0800] "HEAD / HTTP/1.1" 301 0 "-" "Mozilla/5.0 (compatible; MSIE 9.0; Windows NT 6.1; Win64; x64; Trident/5.0)"
112.124.127.44 - - [27/Mar/2018:03:48:08 +0800] "HEAD / HTTP/1.1" 301 0 "-" "Mozilla/5.0 (compatible; MSIE 9.0; Windows NT 6.1; Win64; x64; Trident/5.0)"
115.28.26.13 - - [27/Mar/2018:03:50:08 +0800] "HEAD / HTTP/1.1" 301 0 "-" "Mozilla/5.0 (compatible; MSIE 9.0; Windows NT 6.1; Win64; x64; Trident/5.0)"
112.126.75.174 - - [27/Mar/2018:03:51:14 +0800] "HEAD / HTTP/1.1" 301 0 "-" "Mozilla/5.0 (compatible; MSIE 9.0; Windows NT 6.1; Win64; x64; Trident/5.0)"
112.124.127.44 - - [27/Mar/2018:03:53:08 +0800] "HEAD / HTTP/1.1" 301 0 "-" "Mozilla/5.0 (compatible; MSIE 9.0; Windows NT 6.1; Win64; x64; Trident/5.0)"
115.28.26.13 - - [27/Mar/2018:03:55:08 +0800] "HEAD / HTTP/1.1" 301 0 "-" "Mozilla/5.0 (compatible; MSIE 9.0; Windows NT 6.1; Win64; x64; Trident/5.0)"
112.126.75.174 - - [27/Mar/2018:03:56:14 +0800] "HEAD / HTTP/1.1" 301 0 "-" "Mozilla/5.0 (compatible; MSIE 9.0; Windows NT 6.1; Win64; x64; Trident/5.0)"
167.99.64.191 - - [27/Mar/2018:03:57:20 +0800] "GET /System/Security/hylogin.aspx HTTP/1.1" 500 186 "-" "Mozilla/5.0 (Macintosh; Intel Mac OS X 10.13; rv:58.0) Gecko/20100101 Firefox/58.0"
112.124.127.44 - - [27/Mar/2018:03:58:08 +0800] "HEAD / HTTP/1.1" 301 0 "-" "Mozilla/5.0 (compatible; MSIE 9.0; Windows NT 6.1; Win64; x64; Trident/5.0)"
182.132.24.82 - - [27/Mar/2018:04:00:01 +0800] "Get /otn/leftTicket/log?leftTicketDTO.train_date=2018-04-01&leftTicketDTO.from_station=SZH&leftTicketDTO.to_station=SQF&purpose_codes=ADULT HTTP/1.1" 400 166 "-" "-"
115.28.26.13 - - [27/Mar/2018:04:00:08 +0800] "HEAD / HTTP/1.1" 301 0 "-" "Mozilla/5.0 (compatible; MSIE 9.0; Windows NT 6.1; Win64; x64; Trident/5.0)"
112.126.75.174 - - [27/Mar/2018:04:01:14 +0800] "HEAD / HTTP/1.1" 301 0 "-" "Mozilla/5.0 (compatible; MSIE 9.0; Windows NT 6.1; Win64; x64; Trident/5.0)"
61.152.125.146 - - [27/Mar/2018:04:03:07 +0800] "GET /restful/product/list?callback=jQuery11210378366882679984_1497238604536&_=1497238604537&1=1 HTTP/1.1" 200 143 "-" "Mozilla/4.0 (compatible; MSIE 8.0; Windows NT 5.2)"
112.124.127.44 - - [27/Mar/2018:04:03:08 +0800] "HEAD / HTTP/1.1" 301 0 "-" "Mozilla/5.0 (compatible; MSIE 9.0; Windows NT 6.1; Win64; x64; Trident/5.0)"
115.28.26.13 - - [27/Mar/2018:04:05:08 +0800] "HEAD / HTTP/1.1" 301 0 "-" "Mozilla/5.0 (compatible; MSIE 9.0; Windows NT 6.1; Win64; x64; Trident/5.0)"
112.126.75.174 - - [27/Mar/2018:04:06:14 +0800] "HEAD / HTTP/1.1" 301 0 "-" "Mozilla/5.0 (compatible; MSIE 9.0; Windows NT 6.1; Win64; x64; Trident/5.0)"
112.124.127.44 - - [27/Mar/2018:04:08:08 +0800] "HEAD / HTTP/1.1" 301 0 "-" "Mozilla/5.0 (compatible; MSIE 9.0; Windows NT 6.1; Win64; x64; Trident/5.0)"
115.28.26.13 - - [27/Mar/2018:04:10:08 +0800] "HEAD / HTTP/1.1" 301 0 "-" "Mozilla/5.0 (compatible; MSIE 9.0; Windows NT 6.1; Win64; x64; Trident/5.0)"
112.126.75.174 - - [27/Mar/2018:04:11:14 +0800] "HEAD / HTTP/1.1" 301 0 "-" "Mozilla/5.0 (compatible; MSIE 9.0; Windows NT 6.1; Win64; x64; Trident/5.0)"
112.124.127.44 - - [27/Mar/2018:04:13:08 +0800] "HEAD / HTTP/1.1" 301 0 "-" "Mozilla/5.0 (compatible; MSIE 9.0; Windows NT 6.1; Win64; x64; Trident/5.0)"
115.28.26.13 - - [27/Mar/2018:04:15:08 +0800] "HEAD / HTTP/1.1" 301 0 "-" "Mozilla/5.0 (compatible; MSIE 9.0; Windows NT 6.1; Win64; x64; Trident/5.0)"
120.132.3.65 - - [27/Mar/2018:04:15:36 +0800] "\x04\x01\x00PpTi4\x00" 400 166 "-" "-"
120.132.3.65 - - [27/Mar/2018:04:15:36 +0800] "\x05\x01\x00" 400 166 "-" "-"
120.132.3.65 - - [27/Mar/2018:04:15:36 +0800] "GET http://www.qq.com/404/search_children.js HTTP/1.1" 500 588 "-" "Mozilla/5.0 (X11; Linux x86_64) AppleWebKit/537.36 (KHTML, like Gecko) Chrome/35.0.1916.114 Safari/537.36"
120.132.3.65 - - [27/Mar/2018:04:15:36 +0800] "\x00\x9C\x00\x01\x1A+<M\x00\x01\x00\x00\x01\x00\x00\x00\x00\x00\x00\x03\x00\x00\x00\x03\xFF\xFF\x00\x01local\x00\x00\x00\x00\x00\x00\x00\x00\x00\x00\x00\x00\x00\x00\x00\x00\x00\x00\x00\x00\x00\x00\x00\x00\x00\x00\x00\x00\x00\x00\x00\x00\x00\x00\x00\x00\x00\x00\x00\x00\x00\x00\x00\x00\x00\x00\x00\x00\x00\x00\x00\x00\x00\x00\x00\x00\x00\x00\x00cananian\x00\x00\x00\x00\x00\x00\x00\x00\x00\x00\x00\x00\x00\x00\x00\x00\x00\x00\x00\x00\x00\x00\x00\x00\x00\x00\x00\x00\x00\x00\x00\x00\x00\x00\x00\x00\x00\x00\x00\x00\x00\x00\x00\x00\x00\x00\x00\x00\x00\x00\x00\x00\x00\x00\x00\x00" 400 166 "-" "-"
112.126.75.174 - - [27/Mar/2018:04:16:14 +0800] "HEAD / HTTP/1.1" 301 0 "-" "Mozilla/5.0 (compatible; MSIE 9.0; Windows NT 6.1; Win64; x64; Trident/5.0)"
112.124.127.44 - - [27/Mar/2018:04:18:08 +0800] "HEAD / HTTP/1.1" 301 0 "-" "Mozilla/5.0 (compatible; MSIE 9.0; Windows NT 6.1; Win64; x64; Trident/5.0)"
115.28.26.13 - - [27/Mar/2018:04:20:08 +0800] "HEAD / HTTP/1.1" 301 0 "-" "Mozilla/5.0 (compatible; MSIE 9.0; Windows NT 6.1; Win64; x64; Trident/5.0)"
112.126.75.174 - - [27/Mar/2018:04:21:14 +0800] "HEAD / HTTP/1.1" 301 0 "-" "Mozilla/5.0 (compatible; MSIE 9.0; Windows NT 6.1; Win64; x64; Trident/5.0)"
112.124.127.44 - - [27/Mar/2018:04:23:08 +0800] "HEAD / HTTP/1.1" 301 0 "-" "Mozilla/5.0 (compatible; MSIE 9.0; Windows NT 6.1; Win64; x64; Trident/5.0)"
115.28.26.13 - - [27/Mar/2018:04:25:08 +0800] "HEAD / HTTP/1.1" 301 0 "-" "Mozilla/5.0 (compatible; MSIE 9.0; Windows NT 6.1; Win64; x64; Trident/5.0)"
112.126.75.174 - - [27/Mar/2018:04:26:14 +0800] "HEAD / HTTP/1.1" 301 0 "-" "Mozilla/5.0 (compatible; MSIE 9.0; Windows NT 6.1; Win64; x64; Trident/5.0)"
112.124.127.44 - - [27/Mar/2018:04:28:08 +0800] "HEAD / HTTP/1.1" 301 0 "-" "Mozilla/5.0 (compatible; MSIE 9.0; Windows NT 6.1; Win64; x64; Trident/5.0)"
203.208.60.251 - - [27/Mar/2018:04:29:44 +0800] "GET / HTTP/1.1" 200 931 "-" "Mozilla/5.0 (Linux; Android 6.0.1; Nexus 5X Build/MMB29P) AppleWebKit/537.36 (KHTML, like Gecko) Chrome/41.0.2272.96 Mobile Safari/537.36 (compatible; Googlebot/2.1; +http://www.google.com/bot.html)"
115.28.26.13 - - [27/Mar/2018:04:30:08 +0800] "HEAD / HTTP/1.1" 301 0 "-" "Mozilla/5.0 (compatible; MSIE 9.0; Windows NT 6.1; Win64; x64; Trident/5.0)"
112.126.75.174 - - [27/Mar/2018:04:31:14 +0800] "HEAD / HTTP/1.1" 301 0 "-" "Mozilla/5.0 (compatible; MSIE 9.0; Windows NT 6.1; Win64; x64; Trident/5.0)"
112.124.127.44 - - [27/Mar/2018:04:33:08 +0800] "HEAD / HTTP/1.1" 301 0 "-" "Mozilla/5.0 (compatible; MSIE 9.0; Windows NT 6.1; Win64; x64; Trident/5.0)"
115.28.26.13 - - [27/Mar/2018:04:35:08 +0800] "HEAD / HTTP/1.1" 301 0 "-" "Mozilla/5.0 (compatible; MSIE 9.0; Windows NT 6.1; Win64; x64; Trident/5.0)"
112.126.75.174 - - [27/Mar/2018:04:36:14 +0800] "HEAD / HTTP/1.1" 301 0 "-" "Mozilla/5.0 (compatible; MSIE 9.0; Windows NT 6.1; Win64; x64; Trident/5.0)"
112.124.127.44 - - [27/Mar/2018:04:38:08 +0800] "HEAD / HTTP/1.1" 301 0 "-" "Mozilla/5.0 (compatible; MSIE 9.0; Windows NT 6.1; Win64; x64; Trident/5.0)"
115.28.26.13 - - [27/Mar/2018:04:40:08 +0800] "HEAD / HTTP/1.1" 301 0 "-" "Mozilla/5.0 (compatible; MSIE 9.0; Windows NT 6.1; Win64; x64; Trident/5.0)"
112.126.75.174 - - [27/Mar/2018:04:41:14 +0800] "HEAD / HTTP/1.1" 301 0 "-" "Mozilla/5.0 (compatible; MSIE 9.0; Windows NT 6.1; Win64; x64; Trident/5.0)"
112.124.127.44 - - [27/Mar/2018:04:43:08 +0800] "HEAD / HTTP/1.1" 301 0 "-" "Mozilla/5.0 (compatible; MSIE 9.0; Windows NT 6.1; Win64; x64; Trident/5.0)"
115.28.26.13 - - [27/Mar/2018:04:45:08 +0800] "HEAD / HTTP/1.1" 301 0 "-" "Mozilla/5.0 (compatible; MSIE 9.0; Windows NT 6.1; Win64; x64; Trident/5.0)"
112.126.75.174 - - [27/Mar/2018:04:46:14 +0800] "HEAD / HTTP/1.1" 301 0 "-" "Mozilla/5.0 (compatible; MSIE 9.0; Windows NT 6.1; Win64; x64; Trident/5.0)"
112.124.127.44 - - [27/Mar/2018:04:48:08 +0800] "HEAD / HTTP/1.1" 301 0 "-" "Mozilla/5.0 (compatible; MSIE 9.0; Windows NT 6.1; Win64; x64; Trident/5.0)"
115.28.26.13 - - [27/Mar/2018:04:50:08 +0800] "HEAD / HTTP/1.1" 301 0 "-" "Mozilla/5.0 (compatible; MSIE 9.0; Windows NT 6.1; Win64; x64; Trident/5.0)"
112.126.75.174 - - [27/Mar/2018:04:51:14 +0800] "HEAD / HTTP/1.1" 301 0 "-" "Mozilla/5.0 (compatible; MSIE 9.0; Windows NT 6.1; Win64; x64; Trident/5.0)"
112.124.127.44 - - [27/Mar/2018:04:53:08 +0800] "HEAD / HTTP/1.1" 301 0 "-" "Mozilla/5.0 (compatible; MSIE 9.0; Windows NT 6.1; Win64; x64; Trident/5.0)"
115.28.26.13 - - [27/Mar/2018:04:55:08 +0800] "HEAD / HTTP/1.1" 301 0 "-" "Mozilla/5.0 (compatible; MSIE 9.0; Windows NT 6.1; Win64; x64; Trident/5.0)"
112.126.75.174 - - [27/Mar/2018:04:56:14 +0800] "HEAD / HTTP/1.1" 301 0 "-" "Mozilla/5.0 (compatible; MSIE 9.0; Windows NT 6.1; Win64; x64; Trident/5.0)"
112.124.127.44 - - [27/Mar/2018:04:58:08 +0800] "HEAD / HTTP/1.1" 301 0 "-" "Mozilla/5.0 (compatible; MSIE 9.0; Windows NT 6.1; Win64; x64; Trident/5.0)"
140.205.205.23 - - [27/Mar/2018:05:00:07 +0800] "HEAD / HTTP/1.1" 403 0 "-" "Go-http-client/1.1"
115.28.26.13 - - [27/Mar/2018:05:00:08 +0800] "HEAD / HTTP/1.1" 301 0 "-" "Mozilla/5.0 (compatible; MSIE 9.0; Windows NT 6.1; Win64; x64; Trident/5.0)"
112.126.75.174 - - [27/Mar/2018:05:01:14 +0800] "HEAD / HTTP/1.1" 301 0 "-" "Mozilla/5.0 (compatible; MSIE 9.0; Windows NT 6.1; Win64; x64; Trident/5.0)"
112.124.127.44 - - [27/Mar/2018:05:03:08 +0800] "HEAD / HTTP/1.1" 301 0 "-" "Mozilla/5.0 (compatible; MSIE 9.0; Windows NT 6.1; Win64; x64; Trident/5.0)"
137.226.113.28 - - [27/Mar/2018:05:04:41 +0800] "GET / HTTP/1.1" 200 931 "-" "Mozilla/5.0 zgrab/0.x (compatible; Researchscan/t12sns; +http://researchscan.comsys.rwth-aachen.de)"
137.226.113.28 - - [27/Mar/2018:05:04:41 +0800] "GET / HTTP/1.1" 302 0 "-" "Mozilla/5.0 zgrab/0.x (compatible; Researchscan/t12sns; +http://researchscan.comsys.rwth-aachen.de)"
137.226.113.28 - - [27/Mar/2018:05:04:42 +0800] "GET /login HTTP/1.1" 500 186 "-" "Mozilla/5.0 zgrab/0.x (compatible; Researchscan/t12sns; +http://researchscan.comsys.rwth-aachen.de)"
115.28.26.13 - - [27/Mar/2018:05:05:08 +0800] "HEAD / HTTP/1.1" 301 0 "-" "Mozilla/5.0 (compatible; MSIE 9.0; Windows NT 6.1; Win64; x64; Trident/5.0)"
112.126.75.174 - - [27/Mar/2018:05:06:14 +0800] "HEAD / HTTP/1.1" 301 0 "-" "Mozilla/5.0 (compatible; MSIE 9.0; Windows NT 6.1; Win64; x64; Trident/5.0)"
112.124.127.44 - - [27/Mar/2018:05:08:08 +0800] "HEAD / HTTP/1.1" 301 0 "-" "Mozilla/5.0 (compatible; MSIE 9.0; Windows NT 6.1; Win64; x64; Trident/5.0)"
115.28.26.13 - - [27/Mar/2018:05:10:08 +0800] "HEAD / HTTP/1.1" 301 0 "-" "Mozilla/5.0 (compatible; MSIE 9.0; Windows NT 6.1; Win64; x64; Trident/5.0)"
112.126.75.174 - - [27/Mar/2018:05:11:14 +0800] "HEAD / HTTP/1.1" 301 0 "-" "Mozilla/5.0 (compatible; MSIE 9.0; Windows NT 6.1; Win64; x64; Trident/5.0)"
112.124.127.44 - - [27/Mar/2018:05:13:08 +0800] "HEAD / HTTP/1.1" 301 0 "-" "Mozilla/5.0 (compatible; MSIE 9.0; Windows NT 6.1; Win64; x64; Trident/5.0)"
115.28.26.13 - - [27/Mar/2018:05:15:08 +0800] "HEAD / HTTP/1.1" 301 0 "-" "Mozilla/5.0 (compatible; MSIE 9.0; Windows NT 6.1; Win64; x64; Trident/5.0)"
112.126.75.174 - - [27/Mar/2018:05:16:14 +0800] "HEAD / HTTP/1.1" 301 0 "-" "Mozilla/5.0 (compatible; MSIE 9.0; Windows NT 6.1; Win64; x64; Trident/5.0)"
112.124.127.44 - - [27/Mar/2018:05:18:08 +0800] "HEAD / HTTP/1.1" 301 0 "-" "Mozilla/5.0 (compatible; MSIE 9.0; Windows NT 6.1; Win64; x64; Trident/5.0)"
115.28.26.13 - - [27/Mar/2018:05:20:08 +0800] "HEAD / HTTP/1.1" 301 0 "-" "Mozilla/5.0 (compatible; MSIE 9.0; Windows NT 6.1; Win64; x64; Trident/5.0)"
112.126.75.174 - - [27/Mar/2018:05:21:14 +0800] "HEAD / HTTP/1.1" 301 0 "-" "Mozilla/5.0 (compatible; MSIE 9.0; Windows NT 6.1; Win64; x64; Trident/5.0)"
140.205.205.25 - - [27/Mar/2018:05:22:01 +0800] "GET / HTTP/1.1" 200 931 "-" "Scrapy/1.5.0 (+https://scrapy.org)"
140.205.205.23 - - [27/Mar/2018:05:22:02 +0800] "GET / HTTP/1.1" 200 931 "https://www.yazhoujuejin.com" "Scrapy/1.5.0 (+https://scrapy.org)"
112.124.127.44 - - [27/Mar/2018:05:23:08 +0800] "HEAD / HTTP/1.1" 301 0 "-" "Mozilla/5.0 (compatible; MSIE 9.0; Windows NT 6.1; Win64; x64; Trident/5.0)"
140.205.205.25 - - [27/Mar/2018:05:24:12 +0800] "HEAD / HTTP/1.1" 403 0 "-" "Go-http-client/1.1"
115.28.26.13 - - [27/Mar/2018:05:25:08 +0800] "HEAD / HTTP/1.1" 301 0 "-" "Mozilla/5.0 (compatible; MSIE 9.0; Windows NT 6.1; Win64; x64; Trident/5.0)"
112.126.75.174 - - [27/Mar/2018:05:26:14 +0800] "HEAD / HTTP/1.1" 301 0 "-" "Mozilla/5.0 (compatible; MSIE 9.0; Windows NT 6.1; Win64; x64; Trident/5.0)"
112.124.127.44 - - [27/Mar/2018:05:28:08 +0800] "HEAD / HTTP/1.1" 301 0 "-" "Mozilla/5.0 (compatible; MSIE 9.0; Windows NT 6.1; Win64; x64; Trident/5.0)"
115.28.26.13 - - [27/Mar/2018:05:30:08 +0800] "HEAD / HTTP/1.1" 301 0 "-" "Mozilla/5.0 (compatible; MSIE 9.0; Windows NT 6.1; Win64; x64; Trident/5.0)"
112.126.75.174 - - [27/Mar/2018:05:31:14 +0800] "HEAD / HTTP/1.1" 301 0 "-" "Mozilla/5.0 (compatible; MSIE 9.0; Windows NT 6.1; Win64; x64; Trident/5.0)"
23.225.163.147 - - [27/Mar/2018:05:32:59 +0800] "GET / HTTP/1.1" 500 588 "http://101.201.120.135:80" "Mozilla/4.0 (compatible; MSIE 9.0; Windows NT 6.1)"
112.124.127.44 - - [27/Mar/2018:05:33:08 +0800] "HEAD / HTTP/1.1" 301 0 "-" "Mozilla/5.0 (compatible; MSIE 9.0; Windows NT 6.1; Win64; x64; Trident/5.0)"
40.77.167.34 - - [27/Mar/2018:05:33:12 +0800] "GET /index.html HTTP/1.1" 200 931 "-" "Mozilla/5.0 (compatible; bingbot/2.0; +http://www.bing.com/bingbot.htm)"
115.28.26.13 - - [27/Mar/2018:05:35:08 +0800] "HEAD / HTTP/1.1" 301 0 "-" "Mozilla/5.0 (compatible; MSIE 9.0; Windows NT 6.1; Win64; x64; Trident/5.0)"
112.126.75.174 - - [27/Mar/2018:05:36:14 +0800] "HEAD / HTTP/1.1" 301 0 "-" "Mozilla/5.0 (compatible; MSIE 9.0; Windows NT 6.1; Win64; x64; Trident/5.0)"
113.89.181.204 - - [27/Mar/2018:05:37:12 +0800] "GET /otn/login/init HTTP/1.1" 404 350 "-" "Mozilla/5.0 (Windows NT 6.3; WOW64) AppleWebKit/537.36 (KHTML, like Gecko) Chrome/46.0.2490.80 Safari/537.36"
112.124.127.44 - - [27/Mar/2018:05:38:08 +0800] "HEAD / HTTP/1.1" 301 0 "-" "Mozilla/5.0 (compatible; MSIE 9.0; Windows NT 6.1; Win64; x64; Trident/5.0)"
115.28.26.13 - - [27/Mar/2018:05:40:08 +0800] "HEAD / HTTP/1.1" 301 0 "-" "Mozilla/5.0 (compatible; MSIE 9.0; Windows NT 6.1; Win64; x64; Trident/5.0)"
112.126.75.174 - - [27/Mar/2018:05:41:14 +0800] "HEAD / HTTP/1.1" 301 0 "-" "Mozilla/5.0 (compatible; MSIE 9.0; Windows NT 6.1; Win64; x64; Trident/5.0)"
112.124.127.44 - - [27/Mar/2018:05:43:08 +0800] "HEAD / HTTP/1.1" 301 0 "-" "Mozilla/5.0 (compatible; MSIE 9.0; Windows NT 6.1; Win64; x64; Trident/5.0)"
115.28.26.13 - - [27/Mar/2018:05:45:08 +0800] "HEAD / HTTP/1.1" 301 0 "-" "Mozilla/5.0 (compatible; MSIE 9.0; Windows NT 6.1; Win64; x64; Trident/5.0)"
112.126.75.174 - - [27/Mar/2018:05:46:14 +0800] "HEAD / HTTP/1.1" 301 0 "-" "Mozilla/5.0 (compatible; MSIE 9.0; Windows NT 6.1; Win64; x64; Trident/5.0)"
112.124.127.44 - - [27/Mar/2018:05:48:08 +0800] "HEAD / HTTP/1.1" 301 0 "-" "Mozilla/5.0 (compatible; MSIE 9.0; Windows NT 6.1; Win64; x64; Trident/5.0)"
115.28.26.13 - - [27/Mar/2018:05:50:08 +0800] "HEAD / HTTP/1.1" 301 0 "-" "Mozilla/5.0 (compatible; MSIE 9.0; Windows NT 6.1; Win64; x64; Trident/5.0)"
112.126.75.174 - - [27/Mar/2018:05:51:14 +0800] "HEAD / HTTP/1.1" 301 0 "-" "Mozilla/5.0 (compatible; MSIE 9.0; Windows NT 6.1; Win64; x64; Trident/5.0)"
112.124.127.44 - - [27/Mar/2018:05:53:08 +0800] "HEAD / HTTP/1.1" 301 0 "-" "Mozilla/5.0 (compatible; MSIE 9.0; Windows NT 6.1; Win64; x64; Trident/5.0)"
115.28.26.13 - - [27/Mar/2018:05:55:08 +0800] "HEAD / HTTP/1.1" 301 0 "-" "Mozilla/5.0 (compatible; MSIE 9.0; Windows NT 6.1; Win64; x64; Trident/5.0)"
112.126.75.174 - - [27/Mar/2018:05:56:14 +0800] "HEAD / HTTP/1.1" 301 0 "-" "Mozilla/5.0 (compatible; MSIE 9.0; Windows NT 6.1; Win64; x64; Trident/5.0)"
112.124.127.44 - - [27/Mar/2018:05:58:08 +0800] "HEAD / HTTP/1.1" 301 0 "-" "Mozilla/5.0 (compatible; MSIE 9.0; Windows NT 6.1; Win64; x64; Trident/5.0)"
115.28.26.13 - - [27/Mar/2018:06:00:08 +0800] "HEAD / HTTP/1.1" 301 0 "-" "Mozilla/5.0 (compatible; MSIE 9.0; Windows NT 6.1; Win64; x64; Trident/5.0)"
61.152.125.146 - - [27/Mar/2018:06:00:41 +0800] "GET /restful/product/list?callback=jQuery11210378366882679984_1497238604536&_=1497238604537&1=1 HTTP/1.1" 200 143 "-" "Mozilla/4.0 (compatible; MSIE 8.0; Windows NT 5.2)"
112.126.75.174 - - [27/Mar/2018:06:01:14 +0800] "HEAD / HTTP/1.1" 301 0 "-" "Mozilla/5.0 (compatible; MSIE 9.0; Windows NT 6.1; Win64; x64; Trident/5.0)"
112.124.127.44 - - [27/Mar/2018:06:03:08 +0800] "HEAD / HTTP/1.1" 301 0 "-" "Mozilla/5.0 (compatible; MSIE 9.0; Windows NT 6.1; Win64; x64; Trident/5.0)"
115.28.26.13 - - [27/Mar/2018:06:05:08 +0800] "HEAD / HTTP/1.1" 301 0 "-" "Mozilla/5.0 (compatible; MSIE 9.0; Windows NT 6.1; Win64; x64; Trident/5.0)"
112.126.75.174 - - [27/Mar/2018:06:06:14 +0800] "HEAD / HTTP/1.1" 301 0 "-" "Mozilla/5.0 (compatible; MSIE 9.0; Windows NT 6.1; Win64; x64; Trident/5.0)"
112.124.127.44 - - [27/Mar/2018:06:08:08 +0800] "HEAD / HTTP/1.1" 301 0 "-" "Mozilla/5.0 (compatible; MSIE 9.0; Windows NT 6.1; Win64; x64; Trident/5.0)"
115.28.26.13 - - [27/Mar/2018:06:10:08 +0800] "HEAD / HTTP/1.1" 301 0 "-" "Mozilla/5.0 (compatible; MSIE 9.0; Windows NT 6.1; Win64; x64; Trident/5.0)"
112.126.75.174 - - [27/Mar/2018:06:11:14 +0800] "HEAD / HTTP/1.1" 301 0 "-" "Mozilla/5.0 (compatible; MSIE 9.0; Windows NT 6.1; Win64; x64; Trident/5.0)"
112.124.127.44 - - [27/Mar/2018:06:13:08 +0800] "HEAD / HTTP/1.1" 301 0 "-" "Mozilla/5.0 (compatible; MSIE 9.0; Windows NT 6.1; Win64; x64; Trident/5.0)"
203.208.60.250 - - [27/Mar/2018:06:14:53 +0800] "GET / HTTP/1.1" 200 931 "-" "Mozilla/5.0 (Linux; Android 6.0.1; Nexus 5X Build/MMB29P) AppleWebKit/537.36 (KHTML, like Gecko) Chrome/41.0.2272.96 Mobile Safari/537.36 (compatible; Googlebot/2.1; +http://www.google.com/bot.html)"
115.28.26.13 - - [27/Mar/2018:06:15:08 +0800] "HEAD / HTTP/1.1" 301 0 "-" "Mozilla/5.0 (compatible; MSIE 9.0; Windows NT 6.1; Win64; x64; Trident/5.0)"
112.126.75.174 - - [27/Mar/2018:06:16:14 +0800] "HEAD / HTTP/1.1" 301 0 "-" "Mozilla/5.0 (compatible; MSIE 9.0; Windows NT 6.1; Win64; x64; Trident/5.0)"
112.124.127.44 - - [27/Mar/2018:06:18:08 +0800] "HEAD / HTTP/1.1" 301 0 "-" "Mozilla/5.0 (compatible; MSIE 9.0; Windows NT 6.1; Win64; x64; Trident/5.0)"
115.28.26.13 - - [27/Mar/2018:06:20:08 +0800] "HEAD / HTTP/1.1" 301 0 "-" "Mozilla/5.0 (compatible; MSIE 9.0; Windows NT 6.1; Win64; x64; Trident/5.0)"
112.126.75.174 - - [27/Mar/2018:06:21:14 +0800] "HEAD / HTTP/1.1" 301 0 "-" "Mozilla/5.0 (compatible; MSIE 9.0; Windows NT 6.1; Win64; x64; Trident/5.0)"
117.173.98.65 - - [27/Mar/2018:06:22:34 +0800] "GET /images/yyzz.png HTTP/1.1" 301 178 "-" "WeChat/6.6.5.32 CFNetwork/894 Darwin/17.4.0"
117.173.98.65 - - [27/Mar/2018:06:22:35 +0800] "GET /images/yyzz.png HTTP/1.1" 200 638526 "-" "WeChat/6.6.5.32 CFNetwork/894 Darwin/17.4.0"
112.124.127.44 - - [27/Mar/2018:06:23:08 +0800] "HEAD / HTTP/1.1" 301 0 "-" "Mozilla/5.0 (compatible; MSIE 9.0; Windows NT 6.1; Win64; x64; Trident/5.0)"
115.28.26.13 - - [27/Mar/2018:06:25:08 +0800] "HEAD / HTTP/1.1" 301 0 "-" "Mozilla/5.0 (compatible; MSIE 9.0; Windows NT 6.1; Win64; x64; Trident/5.0)"
112.126.75.174 - - [27/Mar/2018:06:26:14 +0800] "HEAD / HTTP/1.1" 301 0 "-" "Mozilla/5.0 (compatible; MSIE 9.0; Windows NT 6.1; Win64; x64; Trident/5.0)"
112.124.127.44 - - [27/Mar/2018:06:28:08 +0800] "HEAD / HTTP/1.1" 301 0 "-" "Mozilla/5.0 (compatible; MSIE 9.0; Windows NT 6.1; Win64; x64; Trident/5.0)"
115.28.26.13 - - [27/Mar/2018:06:30:08 +0800] "HEAD / HTTP/1.1" 301 0 "-" "Mozilla/5.0 (compatible; MSIE 9.0; Windows NT 6.1; Win64; x64; Trident/5.0)"
112.126.75.174 - - [27/Mar/2018:06:31:14 +0800] "HEAD / HTTP/1.1" 301 0 "-" "Mozilla/5.0 (compatible; MSIE 9.0; Windows NT 6.1; Win64; x64; Trident/5.0)"
112.124.127.44 - - [27/Mar/2018:06:33:08 +0800] "HEAD / HTTP/1.1" 301 0 "-" "Mozilla/5.0 (compatible; MSIE 9.0; Windows NT 6.1; Win64; x64; Trident/5.0)"
115.28.26.13 - - [27/Mar/2018:06:35:08 +0800] "HEAD / HTTP/1.1" 301 0 "-" "Mozilla/5.0 (compatible; MSIE 9.0; Windows NT 6.1; Win64; x64; Trident/5.0)"
112.126.75.174 - - [27/Mar/2018:06:36:14 +0800] "HEAD / HTTP/1.1" 301 0 "-" "Mozilla/5.0 (compatible; MSIE 9.0; Windows NT 6.1; Win64; x64; Trident/5.0)"
112.124.127.44 - - [27/Mar/2018:06:38:08 +0800] "HEAD / HTTP/1.1" 301 0 "-" "Mozilla/5.0 (compatible; MSIE 9.0; Windows NT 6.1; Win64; x64; Trident/5.0)"
115.28.26.13 - - [27/Mar/2018:06:40:08 +0800] "HEAD / HTTP/1.1" 301 0 "-" "Mozilla/5.0 (compatible; MSIE 9.0; Windows NT 6.1; Win64; x64; Trident/5.0)"
112.126.75.174 - - [27/Mar/2018:06:41:14 +0800] "HEAD / HTTP/1.1" 301 0 "-" "Mozilla/5.0 (compatible; MSIE 9.0; Windows NT 6.1; Win64; x64; Trident/5.0)"
36.62.18.84 - - [27/Mar/2018:06:42:25 +0800] "GET /images/yyzz.png HTTP/1.1" 301 178 "-" "Dalvik/2.1.0 (Linux; U; Android 7.0; VTR-AL00 Build/HUAWEIVTR-AL00)"
112.124.127.44 - - [27/Mar/2018:06:43:08 +0800] "HEAD / HTTP/1.1" 301 0 "-" "Mozilla/5.0 (compatible; MSIE 9.0; Windows NT 6.1; Win64; x64; Trident/5.0)"
115.28.26.13 - - [27/Mar/2018:06:45:08 +0800] "HEAD / HTTP/1.1" 301 0 "-" "Mozilla/5.0 (compatible; MSIE 9.0; Windows NT 6.1; Win64; x64; Trident/5.0)"
112.126.75.174 - - [27/Mar/2018:06:46:14 +0800] "HEAD / HTTP/1.1" 301 0 "-" "Mozilla/5.0 (compatible; MSIE 9.0; Windows NT 6.1; Win64; x64; Trident/5.0)"
112.124.127.44 - - [27/Mar/2018:06:48:08 +0800] "HEAD / HTTP/1.1" 301 0 "-" "Mozilla/5.0 (compatible; MSIE 9.0; Windows NT 6.1; Win64; x64; Trident/5.0)"
115.28.26.13 - - [27/Mar/2018:06:50:08 +0800] "HEAD / HTTP/1.1" 301 0 "-" "Mozilla/5.0 (compatible; MSIE 9.0; Windows NT 6.1; Win64; x64; Trident/5.0)"
112.126.75.174 - - [27/Mar/2018:06:51:14 +0800] "HEAD / HTTP/1.1" 301 0 "-" "Mozilla/5.0 (compatible; MSIE 9.0; Windows NT 6.1; Win64; x64; Trident/5.0)"
112.124.127.44 - - [27/Mar/2018:06:53:08 +0800] "HEAD / HTTP/1.1" 301 0 "-" "Mozilla/5.0 (compatible; MSIE 9.0; Windows NT 6.1; Win64; x64; Trident/5.0)"
115.28.26.13 - - [27/Mar/2018:06:55:08 +0800] "HEAD / HTTP/1.1" 301 0 "-" "Mozilla/5.0 (compatible; MSIE 9.0; Windows NT 6.1; Win64; x64; Trident/5.0)"
112.126.75.174 - - [27/Mar/2018:06:56:14 +0800] "HEAD / HTTP/1.1" 301 0 "-" "Mozilla/5.0 (compatible; MSIE 9.0; Windows NT 6.1; Win64; x64; Trident/5.0)"
112.124.127.44 - - [27/Mar/2018:06:58:08 +0800] "HEAD / HTTP/1.1" 301 0 "-" "Mozilla/5.0 (compatible; MSIE 9.0; Windows NT 6.1; Win64; x64; Trident/5.0)"
115.28.26.13 - - [27/Mar/2018:07:00:08 +0800] "HEAD / HTTP/1.1" 301 0 "-" "Mozilla/5.0 (compatible; MSIE 9.0; Windows NT 6.1; Win64; x64; Trident/5.0)"
112.126.75.174 - - [27/Mar/2018:07:01:14 +0800] "HEAD / HTTP/1.1" 301 0 "-" "Mozilla/5.0 (compatible; MSIE 9.0; Windows NT 6.1; Win64; x64; Trident/5.0)"
112.124.127.44 - - [27/Mar/2018:07:03:08 +0800] "HEAD / HTTP/1.1" 301 0 "-" "Mozilla/5.0 (compatible; MSIE 9.0; Windows NT 6.1; Win64; x64; Trident/5.0)"
115.28.26.13 - - [27/Mar/2018:07:05:08 +0800] "HEAD / HTTP/1.1" 301 0 "-" "Mozilla/5.0 (compatible; MSIE 9.0; Windows NT 6.1; Win64; x64; Trident/5.0)"
112.126.75.174 - - [27/Mar/2018:07:06:14 +0800] "HEAD / HTTP/1.1" 301 0 "-" "Mozilla/5.0 (compatible; MSIE 9.0; Windows NT 6.1; Win64; x64; Trident/5.0)"
112.124.127.44 - - [27/Mar/2018:07:08:08 +0800] "HEAD / HTTP/1.1" 301 0 "-" "Mozilla/5.0 (compatible; MSIE 9.0; Windows NT 6.1; Win64; x64; Trident/5.0)"
115.28.26.13 - - [27/Mar/2018:07:10:08 +0800] "HEAD / HTTP/1.1" 301 0 "-" "Mozilla/5.0 (compatible; MSIE 9.0; Windows NT 6.1; Win64; x64; Trident/5.0)"
112.126.75.174 - - [27/Mar/2018:07:11:14 +0800] "HEAD / HTTP/1.1" 301 0 "-" "Mozilla/5.0 (compatible; MSIE 9.0; Windows NT 6.1; Win64; x64; Trident/5.0)"
112.124.127.44 - - [27/Mar/2018:07:13:08 +0800] "HEAD / HTTP/1.1" 301 0 "-" "Mozilla/5.0 (compatible; MSIE 9.0; Windows NT 6.1; Win64; x64; Trident/5.0)"
115.28.26.13 - - [27/Mar/2018:07:15:08 +0800] "HEAD / HTTP/1.1" 301 0 "-" "Mozilla/5.0 (compatible; MSIE 9.0; Windows NT 6.1; Win64; x64; Trident/5.0)"
112.126.75.174 - - [27/Mar/2018:07:16:14 +0800] "HEAD / HTTP/1.1" 301 0 "-" "Mozilla/5.0 (compatible; MSIE 9.0; Windows NT 6.1; Win64; x64; Trident/5.0)"
112.124.127.44 - - [27/Mar/2018:07:18:08 +0800] "HEAD / HTTP/1.1" 301 0 "-" "Mozilla/5.0 (compatible; MSIE 9.0; Windows NT 6.1; Win64; x64; Trident/5.0)"
115.28.26.13 - - [27/Mar/2018:07:20:08 +0800] "HEAD / HTTP/1.1" 301 0 "-" "Mozilla/5.0 (compatible; MSIE 9.0; Windows NT 6.1; Win64; x64; Trident/5.0)"
112.126.75.174 - - [27/Mar/2018:07:21:14 +0800] "HEAD / HTTP/1.1" 301 0 "-" "Mozilla/5.0 (compatible; MSIE 9.0; Windows NT 6.1; Win64; x64; Trident/5.0)"
112.124.127.44 - - [27/Mar/2018:07:23:08 +0800] "HEAD / HTTP/1.1" 301 0 "-" "Mozilla/5.0 (compatible; MSIE 9.0; Windows NT 6.1; Win64; x64; Trident/5.0)"
115.28.26.13 - - [27/Mar/2018:07:25:08 +0800] "HEAD / HTTP/1.1" 301 0 "-" "Mozilla/5.0 (compatible; MSIE 9.0; Windows NT 6.1; Win64; x64; Trident/5.0)"
112.126.75.174 - - [27/Mar/2018:07:26:14 +0800] "HEAD / HTTP/1.1" 301 0 "-" "Mozilla/5.0 (compatible; MSIE 9.0; Windows NT 6.1; Win64; x64; Trident/5.0)"
37.9.113.111 - - [27/Mar/2018:07:28:03 +0800] "GET /robots.txt HTTP/1.1" 301 178 "-" "Mozilla/5.0 (compatible; YandexBot/3.0; +http://yandex.com/bots)"
37.9.113.104 - - [27/Mar/2018:07:28:03 +0800] "GET /robots.txt HTTP/1.1" 301 178 "-" "Mozilla/5.0 (compatible; YandexBot/3.0; +http://yandex.com/bots)"
37.9.113.111 - - [27/Mar/2018:07:28:04 +0800] "GET /robots.txt HTTP/1.1" 404 162 "-" "Mozilla/5.0 (compatible; YandexBot/3.0; +http://yandex.com/bots)"
37.9.113.111 - - [27/Mar/2018:07:28:06 +0800] "GET / HTTP/1.1" 301 178 "-" "Mozilla/5.0 (compatible; YandexBot/3.0; +http://yandex.com/bots)"
37.9.113.111 - - [27/Mar/2018:07:28:07 +0800] "GET / HTTP/1.1" 301 178 "-" "Mozilla/5.0 (compatible; YandexBot/3.0; +http://yandex.com/bots)"
5.45.207.31 - - [27/Mar/2018:07:28:08 +0800] "GET / HTTP/1.1" 200 931 "-" "Mozilla/5.0 (compatible; YandexBot/3.0; +http://yandex.com/bots)"
112.124.127.44 - - [27/Mar/2018:07:28:08 +0800] "HEAD / HTTP/1.1" 301 0 "-" "Mozilla/5.0 (compatible; MSIE 9.0; Windows NT 6.1; Win64; x64; Trident/5.0)"
115.28.26.13 - - [27/Mar/2018:07:30:08 +0800] "HEAD / HTTP/1.1" 301 0 "-" "Mozilla/5.0 (compatible; MSIE 9.0; Windows NT 6.1; Win64; x64; Trident/5.0)"
112.126.75.174 - - [27/Mar/2018:07:31:14 +0800] "HEAD / HTTP/1.1" 301 0 "-" "Mozilla/5.0 (compatible; MSIE 9.0; Windows NT 6.1; Win64; x64; Trident/5.0)"
112.124.127.44 - - [27/Mar/2018:07:33:08 +0800] "HEAD / HTTP/1.1" 301 0 "-" "Mozilla/5.0 (compatible; MSIE 9.0; Windows NT 6.1; Win64; x64; Trident/5.0)"
115.28.26.13 - - [27/Mar/2018:07:35:08 +0800] "HEAD / HTTP/1.1" 301 0 "-" "Mozilla/5.0 (compatible; MSIE 9.0; Windows NT 6.1; Win64; x64; Trident/5.0)"
112.126.75.174 - - [27/Mar/2018:07:36:14 +0800] "HEAD / HTTP/1.1" 301 0 "-" "Mozilla/5.0 (compatible; MSIE 9.0; Windows NT 6.1; Win64; x64; Trident/5.0)"
112.124.127.44 - - [27/Mar/2018:07:38:08 +0800] "HEAD / HTTP/1.1" 301 0 "-" "Mozilla/5.0 (compatible; MSIE 9.0; Windows NT 6.1; Win64; x64; Trident/5.0)"
203.208.60.251 - - [27/Mar/2018:07:39:36 +0800] "GET / HTTP/1.1" 200 931 "-" "Mozilla/5.0 (compatible; Googlebot/2.1; +http://www.google.com/bot.html)"
115.28.26.13 - - [27/Mar/2018:07:40:08 +0800] "HEAD / HTTP/1.1" 301 0 "-" "Mozilla/5.0 (compatible; MSIE 9.0; Windows NT 6.1; Win64; x64; Trident/5.0)"
112.126.75.174 - - [27/Mar/2018:07:41:14 +0800] "HEAD / HTTP/1.1" 301 0 "-" "Mozilla/5.0 (compatible; MSIE 9.0; Windows NT 6.1; Win64; x64; Trident/5.0)"
112.124.127.44 - - [27/Mar/2018:07:43:08 +0800] "HEAD / HTTP/1.1" 301 0 "-" "Mozilla/5.0 (compatible; MSIE 9.0; Windows NT 6.1; Win64; x64; Trident/5.0)"
203.208.60.252 - - [27/Mar/2018:07:43:30 +0800] "GET / HTTP/1.1" 200 931 "-" "Mozilla/5.0 (Linux; Android 6.0.1; Nexus 5X Build/MMB29P) AppleWebKit/537.36 (KHTML, like Gecko) Chrome/41.0.2272.96 Mobile Safari/537.36 (compatible; Googlebot/2.1; +http://www.google.com/bot.html)"
115.28.26.13 - - [27/Mar/2018:07:45:08 +0800] "HEAD / HTTP/1.1" 301 0 "-" "Mozilla/5.0 (compatible; MSIE 9.0; Windows NT 6.1; Win64; x64; Trident/5.0)"
112.126.75.174 - - [27/Mar/2018:07:46:14 +0800] "HEAD / HTTP/1.1" 301 0 "-" "Mozilla/5.0 (compatible; MSIE 9.0; Windows NT 6.1; Win64; x64; Trident/5.0)"
112.124.127.44 - - [27/Mar/2018:07:48:08 +0800] "HEAD / HTTP/1.1" 301 0 "-" "Mozilla/5.0 (compatible; MSIE 9.0; Windows NT 6.1; Win64; x64; Trident/5.0)"
115.28.26.13 - - [27/Mar/2018:07:50:08 +0800] "HEAD / HTTP/1.1" 301 0 "-" "Mozilla/5.0 (compatible; MSIE 9.0; Windows NT 6.1; Win64; x64; Trident/5.0)"
117.25.139.88 - - [27/Mar/2018:07:50:32 +0800] "GET / HTTP/1.1" 301 178 "-" "Mozilla/5.0 (compatible; Baiduspider/2.0; +http://www.baidu.com/search/spider.html)"
117.25.139.88 - - [27/Mar/2018:07:50:32 +0800] "GET / HTTP/1.1" 200 931 "-" "Mozilla/5.0 (compatible; Baiduspider/2.0; +http://www.baidu.com/search/spider.html)"
112.126.75.174 - - [27/Mar/2018:07:51:14 +0800] "HEAD / HTTP/1.1" 301 0 "-" "Mozilla/5.0 (compatible; MSIE 9.0; Windows NT 6.1; Win64; x64; Trident/5.0)"
112.124.127.44 - - [27/Mar/2018:07:53:08 +0800] "HEAD / HTTP/1.1" 301 0 "-" "Mozilla/5.0 (compatible; MSIE 9.0; Windows NT 6.1; Win64; x64; Trident/5.0)"
172.104.164.143 - - [27/Mar/2018:07:54:02 +0800] "HEAD /.git/index HTTP/1.1" 500 0 "-" "Go-http-client/1.1"
115.28.26.13 - - [27/Mar/2018:07:55:08 +0800] "HEAD / HTTP/1.1" 301 0 "-" "Mozilla/5.0 (compatible; MSIE 9.0; Windows NT 6.1; Win64; x64; Trident/5.0)"
112.126.75.174 - - [27/Mar/2018:07:56:55 +0800] "HEAD / HTTP/1.1" 301 0 "-" "Mozilla/5.0 (compatible; MSIE 9.0; Windows NT 6.1; Win64; x64; Trident/5.0)"
176.106.45.215 - - [27/Mar/2018:07:57:42 +0800] "GET / HTTP/1.1" 404 162 "-" "Mozilla/5.0 (Windows NT 5.1; rv:9.0.1) Gecko/20100101 Firefox/9.0.1"
176.106.45.215 - - [27/Mar/2018:07:57:43 +0800] "GET /HNAP1/ HTTP/1.1" 404 162 "http://101.201.120.135:5000/" "Mozilla/5.0 (Windows NT 5.1; rv:9.0.1) Gecko/20100101 Firefox/9.0.1"
112.124.127.44 - - [27/Mar/2018:07:58:08 +0800] "HEAD / HTTP/1.1" 301 0 "-" "Mozilla/5.0 (compatible; MSIE 9.0; Windows NT 6.1; Win64; x64; Trident/5.0)"
115.28.26.13 - - [27/Mar/2018:08:00:08 +0800] "HEAD / HTTP/1.1" 301 0 "-" "Mozilla/5.0 (compatible; MSIE 9.0; Windows NT 6.1; Win64; x64; Trident/5.0)"
61.152.125.146 - - [27/Mar/2018:08:01:03 +0800] "GET /restful/product/list?callback=jQuery11210378366882679984_1497238604536&_=1497238604537&1=1 HTTP/1.1" 200 143 "-" "Mozilla/4.0 (compatible; MSIE 8.0; Windows NT 5.2)"
112.126.75.174 - - [27/Mar/2018:08:01:14 +0800] "HEAD / HTTP/1.1" 301 0 "-" "Mozilla/5.0 (compatible; MSIE 9.0; Windows NT 6.1; Win64; x64; Trident/5.0)"
36.60.34.48 - - [27/Mar/2018:08:03:07 +0800] "GET /images/yyzz.png HTTP/1.1" 301 178 "-" "Dalvik/2.1.0 (Linux; U; Android 7.0; VTR-AL00 Build/HUAWEIVTR-AL00)"
112.124.127.44 - - [27/Mar/2018:08:03:08 +0800] "HEAD / HTTP/1.1" 301 0 "-" "Mozilla/5.0 (compatible; MSIE 9.0; Windows NT 6.1; Win64; x64; Trident/5.0)"
115.28.26.13 - - [27/Mar/2018:08:05:08 +0800] "HEAD / HTTP/1.1" 301 0 "-" "Mozilla/5.0 (compatible; MSIE 9.0; Windows NT 6.1; Win64; x64; Trident/5.0)"
112.126.75.174 - - [27/Mar/2018:08:06:14 +0800] "HEAD / HTTP/1.1" 301 0 "-" "Mozilla/5.0 (compatible; MSIE 9.0; Windows NT 6.1; Win64; x64; Trident/5.0)"
115.239.212.66 - - [27/Mar/2018:08:07:10 +0800] "GET / HTTP/1.1" 301 178 "https://www.yazhoujuejin.com/" "Mozilla/5.0 (iphone; U; CPU iPhone OS 4_3_5 like Mac OS X; zh-cn) AppleWebKit/533.17.9 (KHTML, like Gecko) Version/5.0.2 Mobile/8J2 Safari/6533.18.5"
59.49.48.13 - - [27/Mar/2018:08:07:10 +0800] "GET / HTTP/1.1" 200 931 "https://m.baidu.com/from=844b/bd_page_type=1/ssid=0/uid=0/pu=usm%401%2Csz%401320_2001%2Cta%40iphone_1_10.3_3_603/baiduid=122694A5C16D8C0D5CFE79D4250E339F/w=0_10_/t=iphone/l=3/tc?ref=www_iphone&lid=10610521556387760893&order=2&fm=alop&tj=www_normal_2_0_10_title&vit=osres&m=8&srd=1&cltj=cloud_title&asres=1&title=%E4%BA%9A%E6%B4%B2%E6%8E%98%E9%87%91%E5%AE%98%E7%BD%91&dict=32&wd=&eqid=934025237a1e0800100000025ab98b01&w_qd=IlPT2AEptyoA_yk66fobzv_uITtOlZEovCANgAnTr4gtLOg6Z6Jby7K&tcplug=1&sec=28608&di=e4f35713a9735202&bdenc=1&nsrc=IlPT2AEptyoA_yixCFOxCGZb8c3JV3T5AAGGQmBB1yC7olixbfXpGNgoYTzy2Sm5&sfOpen=1" "Mozilla/5.0 (iPhone; CPU iPhone OS 10_3_3 like Mac OS X) AppleWebKit/603.3.8 (KHTML, like Gecko) Version/10.0 Mobile/14G60 Safari/602.1"
59.49.48.13 - - [27/Mar/2018:08:07:10 +0800] "GET /lib/bootstrap/css/bootstrap.css HTTP/1.1" 200 25067 "https://www.yazhoujuejin.com/" "Mozilla/5.0 (iPhone; CPU iPhone OS 10_3_3 like Mac OS X) AppleWebKit/603.3.8 (KHTML, like Gecko) Version/10.0 Mobile/14G60 Safari/602.1"
59.49.48.13 - - [27/Mar/2018:08:07:10 +0800] "GET /css/animations.css HTTP/1.1" 200 735 "https://www.yazhoujuejin.com/" "Mozilla/5.0 (iPhone; CPU iPhone OS 10_3_3 like Mac OS X) AppleWebKit/603.3.8 (KHTML, like Gecko) Version/10.0 Mobile/14G60 Safari/602.1"
59.49.48.13 - - [27/Mar/2018:08:07:10 +0800] "GET /css/reset.css HTTP/1.1" 200 523 "https://www.yazhoujuejin.com/" "Mozilla/5.0 (iPhone; CPU iPhone OS 10_3_3 like Mac OS X) AppleWebKit/603.3.8 (KHTML, like Gecko) Version/10.0 Mobile/14G60 Safari/602.1"
59.49.48.13 - - [27/Mar/2018:08:07:10 +0800] "GET /css/title.css HTTP/1.1" 200 515 "https://www.yazhoujuejin.com/" "Mozilla/5.0 (iPhone; CPU iPhone OS 10_3_3 like Mac OS X) AppleWebKit/603.3.8 (KHTML, like Gecko) Version/10.0 Mobile/14G60 Safari/602.1"
59.49.48.13 - - [27/Mar/2018:08:07:10 +0800] "GET /css/footer.css HTTP/1.1" 200 716 "https://www.yazhoujuejin.com/" "Mozilla/5.0 (iPhone; CPU iPhone OS 10_3_3 like Mac OS X) AppleWebKit/603.3.8 (KHTML, like Gecko) Version/10.0 Mobile/14G60 Safari/602.1"
59.49.48.13 - - [27/Mar/2018:08:07:10 +0800] "GET /lib/bootstrap/js/respond.js HTTP/1.1" 200 4381 "https://www.yazhoujuejin.com/" "Mozilla/5.0 (iPhone; CPU iPhone OS 10_3_3 like Mac OS X) AppleWebKit/603.3.8 (KHTML, like Gecko) Version/10.0 Mobile/14G60 Safari/602.1"
59.49.48.13 - - [27/Mar/2018:08:07:10 +0800] "GET /lib/bootstrap/js/html5.js HTTP/1.1" 200 3026 "https://www.yazhoujuejin.com/" "Mozilla/5.0 (iPhone; CPU iPhone OS 10_3_3 like Mac OS X) AppleWebKit/603.3.8 (KHTML, like Gecko) Version/10.0 Mobile/14G60 Safari/602.1"
59.49.48.13 - - [27/Mar/2018:08:07:10 +0800] "GET /lib/bootstrap/js/bootstrap-dropdown-on-hover.js HTTP/1.1" 200 9092 "https://www.yazhoujuejin.com/" "Mozilla/5.0 (iPhone; CPU iPhone OS 10_3_3 like Mac OS X) AppleWebKit/603.3.8 (KHTML, like Gecko) Version/10.0 Mobile/14G60 Safari/602.1"
59.49.48.13 - - [27/Mar/2018:08:07:11 +0800] "GET /js/m.js HTTP/1.1" 200 14489 "https://www.yazhoujuejin.com/" "Mozilla/5.0 (iPhone; CPU iPhone OS 10_3_3 like Mac OS X) AppleWebKit/603.3.8 (KHTML, like Gecko) Version/10.0 Mobile/14G60 Safari/602.1"
59.49.48.13 - - [27/Mar/2018:08:07:11 +0800] "GET /js/cookie.js HTTP/1.1" 200 1561 "https://www.yazhoujuejin.com/" "Mozilla/5.0 (iPhone; CPU iPhone OS 10_3_3 like Mac OS X) AppleWebKit/603.3.8 (KHTML, like Gecko) Version/10.0 Mobile/14G60 Safari/602.1"
59.49.48.13 - - [27/Mar/2018:08:07:11 +0800] "GET /lib/bootstrap/js/bootstrap.min.js HTTP/1.1" 200 65813 "https://www.yazhoujuejin.com/" "Mozilla/5.0 (iPhone; CPU iPhone OS 10_3_3 like Mac OS X) AppleWebKit/603.3.8 (KHTML, like Gecko) Version/10.0 Mobile/14G60 Safari/602.1"
59.49.48.13 - - [27/Mar/2018:08:07:11 +0800] "GET /js/index.js HTTP/1.1" 200 3425 "https://www.yazhoujuejin.com/" "Mozilla/5.0 (iPhone; CPU iPhone OS 10_3_3 like Mac OS X) AppleWebKit/603.3.8 (KHTML, like Gecko) Version/10.0 Mobile/14G60 Safari/602.1"
59.49.48.13 - - [27/Mar/2018:08:07:11 +0800] "GET /lib/jquery/jquery-1.12.1.js HTTP/1.1" 200 407013 "https://www.yazhoujuejin.com/" "Mozilla/5.0 (iPhone; CPU iPhone OS 10_3_3 like Mac OS X) AppleWebKit/603.3.8 (KHTML, like Gecko) Version/10.0 Mobile/14G60 Safari/602.1"
59.49.48.13 - - [27/Mar/2018:08:07:11 +0800] "GET /images/m-banner.png HTTP/1.1" 200 240245 "https://www.yazhoujuejin.com/" "Mozilla/5.0 (iPhone; CPU iPhone OS 10_3_3 like Mac OS X) AppleWebKit/603.3.8 (KHTML, like Gecko) Version/10.0 Mobile/14G60 Safari/602.1"
59.49.48.13 - - [27/Mar/2018:08:07:11 +0800] "GET /css/mobile.css HTTP/1.1" 200 1104 "https://www.yazhoujuejin.com/" "Mozilla/5.0 (iPhone; CPU iPhone OS 10_3_3 like Mac OS X) AppleWebKit/603.3.8 (KHTML, like Gecko) Version/10.0 Mobile/14G60 Safari/602.1"
59.49.48.13 - - [27/Mar/2018:08:07:11 +0800] "GET /html/title.html HTTP/1.1" 200 810 "https://www.yazhoujuejin.com/" "Mozilla/5.0 (iPhone; CPU iPhone OS 10_3_3 like Mac OS X) AppleWebKit/603.3.8 (KHTML, like Gecko) Version/10.0 Mobile/14G60 Safari/602.1"
59.49.48.13 - - [27/Mar/2018:08:07:11 +0800] "GET /html/footer.html HTTP/1.1" 200 1546 "https://www.yazhoujuejin.com/" "Mozilla/5.0 (iPhone; CPU iPhone OS 10_3_3 like Mac OS X) AppleWebKit/603.3.8 (KHTML, like Gecko) Version/10.0 Mobile/14G60 Safari/602.1"
59.49.48.13 - - [27/Mar/2018:08:07:11 +0800] "GET /html/modal.html HTTP/1.1" 200 1092 "https://www.yazhoujuejin.com/" "Mozilla/5.0 (iPhone; CPU iPhone OS 10_3_3 like Mac OS X) AppleWebKit/603.3.8 (KHTML, like Gecko) Version/10.0 Mobile/14G60 Safari/602.1"
59.49.48.13 - - [27/Mar/2018:08:07:11 +0800] "GET /images/logo.png HTTP/1.1" 200 5728 "https://www.yazhoujuejin.com/" "Mozilla/5.0 (iPhone; CPU iPhone OS 10_3_3 like Mac OS X) AppleWebKit/603.3.8 (KHTML, like Gecko) Version/10.0 Mobile/14G60 Safari/602.1"
59.49.48.13 - - [27/Mar/2018:08:07:11 +0800] "GET /images/gongzhonghao.jpg HTTP/1.1" 200 30169 "https://www.yazhoujuejin.com/" "Mozilla/5.0 (iPhone; CPU iPhone OS 10_3_3 like Mac OS X) AppleWebKit/603.3.8 (KHTML, like Gecko) Version/10.0 Mobile/14G60 Safari/602.1"
59.49.48.13 - - [27/Mar/2018:08:07:11 +0800] "GET /images/app.jpg HTTP/1.1" 200 14362 "https://www.yazhoujuejin.com/" "Mozilla/5.0 (iPhone; CPU iPhone OS 10_3_3 like Mac OS X) AppleWebKit/603.3.8 (KHTML, like Gecko) Version/10.0 Mobile/14G60 Safari/602.1"
59.49.48.13 - - [27/Mar/2018:08:07:11 +0800] "GET /images/xiaochengxu.jpg HTTP/1.1" 200 30629 "https://www.yazhoujuejin.com/" "Mozilla/5.0 (iPhone; CPU iPhone OS 10_3_3 like Mac OS X) AppleWebKit/603.3.8 (KHTML, like Gecko) Version/10.0 Mobile/14G60 Safari/602.1"
59.49.48.13 - - [27/Mar/2018:08:07:12 +0800] "GET /images/ico-code.png HTTP/1.1" 200 11766 "https://www.yazhoujuejin.com/" "Mozilla/5.0 (iPhone; CPU iPhone OS 10_3_3 like Mac OS X) AppleWebKit/603.3.8 (KHTML, like Gecko) Version/10.0 Mobile/14G60 Safari/602.1"
112.124.127.44 - - [27/Mar/2018:08:08:08 +0800] "HEAD / HTTP/1.1" 301 0 "-" "Mozilla/5.0 (compatible; MSIE 9.0; Windows NT 6.1; Win64; x64; Trident/5.0)"
115.28.26.13 - - [27/Mar/2018:08:10:08 +0800] "HEAD / HTTP/1.1" 301 0 "-" "Mozilla/5.0 (compatible; MSIE 9.0; Windows NT 6.1; Win64; x64; Trident/5.0)"
112.126.75.174 - - [27/Mar/2018:08:11:14 +0800] "HEAD / HTTP/1.1" 301 0 "-" "Mozilla/5.0 (compatible; MSIE 9.0; Windows NT 6.1; Win64; x64; Trident/5.0)"
112.124.127.44 - - [27/Mar/2018:08:13:08 +0800] "HEAD / HTTP/1.1" 301 0 "-" "Mozilla/5.0 (compatible; MSIE 9.0; Windows NT 6.1; Win64; x64; Trident/5.0)"
209.126.136.7 - - [27/Mar/2018:08:14:37 +0800] "GET / HTTP/1.1" 302 0 "-" "Mozilla/5.0 (Windows NT 10.0; Win64; x64) AppleWebKit/537.36 (KHTML, like Gecko) Chrome/57.0.2987.133 Safari/537.36"
115.28.26.13 - - [27/Mar/2018:08:15:08 +0800] "HEAD / HTTP/1.1" 301 0 "-" "Mozilla/5.0 (compatible; MSIE 9.0; Windows NT 6.1; Win64; x64; Trident/5.0)"
112.126.75.174 - - [27/Mar/2018:08:16:14 +0800] "HEAD / HTTP/1.1" 301 0 "-" "Mozilla/5.0 (compatible; MSIE 9.0; Windows NT 6.1; Win64; x64; Trident/5.0)"
61.186.172.147 - - [27/Mar/2018:08:16:35 +0800] "GET /favicon.ico HTTP/1.1" 404 564 "-" "Mozilla/5.0 (Windows NT 5.1) AppleWebKit/537.36 (KHTML, like Gecko) Chrome/55.0.2883.87 Safari/537.36"
112.124.127.44 - - [27/Mar/2018:08:18:08 +0800] "HEAD / HTTP/1.1" 301 0 "-" "Mozilla/5.0 (compatible; MSIE 9.0; Windows NT 6.1; Win64; x64; Trident/5.0)"
101.81.120.88 - - [27/Mar/2018:08:18:44 +0800] "GET /favicon.ico HTTP/1.1" 404 564 "-" "Mozilla/5.0 (Windows NT 6.1; WOW64) AppleWebKit/537.36 (KHTML, like Gecko) Chrome/49.0.2623.221 Safari/537.36 SE 2.X MetaSr 1.0"
140.205.205.23 - - [27/Mar/2018:08:19:03 +0800] "GET / HTTP/1.1" 302 0 "-" "Scrapy/1.5.0 (+https://scrapy.org)"
140.205.205.23 - - [27/Mar/2018:08:19:03 +0800] "GET /login HTTP/1.1" 301 178 "-" "Scrapy/1.5.0 (+https://scrapy.org)"
140.205.205.23 - - [27/Mar/2018:08:19:03 +0800] "GET /login HTTP/1.1" 404 162 "-" "Scrapy/1.5.0 (+https://scrapy.org)"
115.28.26.13 - - [27/Mar/2018:08:20:08 +0800] "HEAD / HTTP/1.1" 301 0 "-" "Mozilla/5.0 (compatible; MSIE 9.0; Windows NT 6.1; Win64; x64; Trident/5.0)"
112.126.75.174 - - [27/Mar/2018:08:21:14 +0800] "HEAD / HTTP/1.1" 301 0 "-" "Mozilla/5.0 (compatible; MSIE 9.0; Windows NT 6.1; Win64; x64; Trident/5.0)"
112.124.127.44 - - [27/Mar/2018:08:23:08 +0800] "HEAD / HTTP/1.1" 301 0 "-" "Mozilla/5.0 (compatible; MSIE 9.0; Windows NT 6.1; Win64; x64; Trident/5.0)"
115.28.26.13 - - [27/Mar/2018:08:25:08 +0800] "HEAD / HTTP/1.1" 301 0 "-" "Mozilla/5.0 (compatible; MSIE 9.0; Windows NT 6.1; Win64; x64; Trident/5.0)"
112.126.75.174 - - [27/Mar/2018:08:26:14 +0800] "HEAD / HTTP/1.1" 301 0 "-" "Mozilla/5.0 (compatible; MSIE 9.0; Windows NT 6.1; Win64; x64; Trident/5.0)"
112.124.127.44 - - [27/Mar/2018:08:28:08 +0800] "HEAD / HTTP/1.1" 301 0 "-" "Mozilla/5.0 (compatible; MSIE 9.0; Windows NT 6.1; Win64; x64; Trident/5.0)"
115.28.26.13 - - [27/Mar/2018:08:30:08 +0800] "HEAD / HTTP/1.1" 301 0 "-" "Mozilla/5.0 (compatible; MSIE 9.0; Windows NT 6.1; Win64; x64; Trident/5.0)"
112.126.75.174 - - [27/Mar/2018:08:31:14 +0800] "HEAD / HTTP/1.1" 301 0 "-" "Mozilla/5.0 (compatible; MSIE 9.0; Windows NT 6.1; Win64; x64; Trident/5.0)"
112.124.127.44 - - [27/Mar/2018:08:33:08 +0800] "HEAD / HTTP/1.1" 301 0 "-" "Mozilla/5.0 (compatible; MSIE 9.0; Windows NT 6.1; Win64; x64; Trident/5.0)"
115.28.26.13 - - [27/Mar/2018:08:35:08 +0800] "HEAD / HTTP/1.1" 301 0 "-" "Mozilla/5.0 (compatible; MSIE 9.0; Windows NT 6.1; Win64; x64; Trident/5.0)"
112.126.75.174 - - [27/Mar/2018:08:36:14 +0800] "HEAD / HTTP/1.1" 301 0 "-" "Mozilla/5.0 (compatible; MSIE 9.0; Windows NT 6.1; Win64; x64; Trident/5.0)"
112.124.127.44 - - [27/Mar/2018:08:38:08 +0800] "HEAD / HTTP/1.1" 301 0 "-" "Mozilla/5.0 (compatible; MSIE 9.0; Windows NT 6.1; Win64; x64; Trident/5.0)"
115.28.26.13 - - [27/Mar/2018:08:40:08 +0800] "HEAD / HTTP/1.1" 301 0 "-" "Mozilla/5.0 (compatible; MSIE 9.0; Windows NT 6.1; Win64; x64; Trident/5.0)"
112.126.75.174 - - [27/Mar/2018:08:41:14 +0800] "HEAD / HTTP/1.1" 301 0 "-" "Mozilla/5.0 (compatible; MSIE 9.0; Windows NT 6.1; Win64; x64; Trident/5.0)"
112.124.127.44 - - [27/Mar/2018:08:43:08 +0800] "HEAD / HTTP/1.1" 301 0 "-" "Mozilla/5.0 (compatible; MSIE 9.0; Windows NT 6.1; Win64; x64; Trident/5.0)"
115.28.26.13 - - [27/Mar/2018:08:45:08 +0800] "HEAD / HTTP/1.1" 301 0 "-" "Mozilla/5.0 (compatible; MSIE 9.0; Windows NT 6.1; Win64; x64; Trident/5.0)"
112.126.75.174 - - [27/Mar/2018:08:46:14 +0800] "HEAD / HTTP/1.1" 301 0 "-" "Mozilla/5.0 (compatible; MSIE 9.0; Windows NT 6.1; Win64; x64; Trident/5.0)"
112.124.127.44 - - [27/Mar/2018:08:48:08 +0800] "HEAD / HTTP/1.1" 301 0 "-" "Mozilla/5.0 (compatible; MSIE 9.0; Windows NT 6.1; Win64; x64; Trident/5.0)"
115.28.26.13 - - [27/Mar/2018:08:50:08 +0800] "HEAD / HTTP/1.1" 301 0 "-" "Mozilla/5.0 (compatible; MSIE 9.0; Windows NT 6.1; Win64; x64; Trident/5.0)"
112.126.75.174 - - [27/Mar/2018:08:51:14 +0800] "HEAD / HTTP/1.1" 301 0 "-" "Mozilla/5.0 (compatible; MSIE 9.0; Windows NT 6.1; Win64; x64; Trident/5.0)"
112.124.127.44 - - [27/Mar/2018:08:53:08 +0800] "HEAD / HTTP/1.1" 301 0 "-" "Mozilla/5.0 (compatible; MSIE 9.0; Windows NT 6.1; Win64; x64; Trident/5.0)"
144.217.86.210 - - [27/Mar/2018:08:55:07 +0800] "GET /robots.txt HTTP/1.1" 301 178 "-" "Mozilla/5.0 (compatible; ExtLinksBot/1.5; +https://extlinks.com/Bot.html)"
115.28.26.13 - - [27/Mar/2018:08:55:08 +0800] "HEAD / HTTP/1.1" 301 0 "-" "Mozilla/5.0 (compatible; MSIE 9.0; Windows NT 6.1; Win64; x64; Trident/5.0)"
144.217.86.210 - - [27/Mar/2018:08:55:16 +0800] "GET /robots.txt HTTP/1.1" 301 178 "-" "Mozilla/5.0 (compatible; ExtLinksBot/1.5; +https://extlinks.com/Bot.html)"
144.217.86.210 - - [27/Mar/2018:08:55:26 +0800] "GET / HTTP/1.1" 301 178 "-" "Mozilla/5.0 (compatible; ExtLinksBot/1.5; +https://extlinks.com/Bot.html)"
112.126.75.174 - - [27/Mar/2018:08:56:14 +0800] "HEAD / HTTP/1.1" 301 0 "-" "Mozilla/5.0 (compatible; MSIE 9.0; Windows NT 6.1; Win64; x64; Trident/5.0)"
112.124.127.44 - - [27/Mar/2018:08:58:08 +0800] "HEAD / HTTP/1.1" 301 0 "-" "Mozilla/5.0 (compatible; MSIE 9.0; Windows NT 6.1; Win64; x64; Trident/5.0)"
115.28.26.13 - - [27/Mar/2018:09:00:08 +0800] "HEAD / HTTP/1.1" 301 0 "-" "Mozilla/5.0 (compatible; MSIE 9.0; Windows NT 6.1; Win64; x64; Trident/5.0)"
112.126.75.174 - - [27/Mar/2018:09:01:14 +0800] "HEAD / HTTP/1.1" 301 0 "-" "Mozilla/5.0 (compatible; MSIE 9.0; Windows NT 6.1; Win64; x64; Trident/5.0)"
218.244.44.202 - - [27/Mar/2018:09:01:37 +0800] "GET /favicon.ico HTTP/1.1" 301 178 "-" "Mozilla/5.0 (Windows NT 10.0; WOW64) AppleWebKit/537.36 (KHTML, like Gecko) Chrome/55.0.2883.87 Safari/537.36"
218.244.44.202 - - [27/Mar/2018:09:01:37 +0800] "GET /favicon.ico HTTP/1.1" 404 564 "-" "Mozilla/5.0 (Windows NT 10.0; WOW64) AppleWebKit/537.36 (KHTML, like Gecko) Chrome/55.0.2883.87 Safari/537.36"
113.214.15.253 - - [27/Mar/2018:09:02:15 +0800] "GET /favicon.ico HTTP/1.1" 301 178 "-" "Mozilla/5.0 (Windows NT 10.0; WOW64) AppleWebKit/537.36 (KHTML, like Gecko) Chrome/55.0.2883.87 Safari/537.36"
113.214.15.253 - - [27/Mar/2018:09:02:15 +0800] "GET /favicon.ico HTTP/1.1" 404 564 "-" "Mozilla/5.0 (Windows NT 10.0; WOW64) AppleWebKit/537.36 (KHTML, like Gecko) Chrome/55.0.2883.87 Safari/537.36"
112.124.127.44 - - [27/Mar/2018:09:03:08 +0800] "HEAD / HTTP/1.1" 301 0 "-" "Mozilla/5.0 (compatible; MSIE 9.0; Windows NT 6.1; Win64; x64; Trident/5.0)"
115.28.26.13 - - [27/Mar/2018:09:05:08 +0800] "HEAD / HTTP/1.1" 301 0 "-" "Mozilla/5.0 (compatible; MSIE 9.0; Windows NT 6.1; Win64; x64; Trident/5.0)"
112.126.75.174 - - [27/Mar/2018:09:06:14 +0800] "HEAD / HTTP/1.1" 301 0 "-" "Mozilla/5.0 (compatible; MSIE 9.0; Windows NT 6.1; Win64; x64; Trident/5.0)"
220.181.108.184 - - [27/Mar/2018:09:06:14 +0800] "GET / HTTP/1.1" 200 1871 "-" "Mozilla/5.0 (compatible; Baiduspider/2.0; +http://www.baidu.com/search/spider.html)"
111.206.221.33 - - [27/Mar/2018:09:06:15 +0800] "GET /html/title.html HTTP/1.1" 200 1787 "https://www.yazhoujuejin.com/" "Mozilla/5.0 (compatible; Baiduspider-render/2.0; +http://www.baidu.com/search/spider.html)"
111.206.221.24 - - [27/Mar/2018:09:06:15 +0800] "GET /html/modal.html HTTP/1.1" 200 1936 "https://www.yazhoujuejin.com/" "Mozilla/5.0 (compatible; Baiduspider-render/2.0; +http://www.baidu.com/search/spider.html)"
111.206.221.32 - - [27/Mar/2018:09:06:15 +0800] "GET /html/footer.html HTTP/1.1" 200 3379 "https://www.yazhoujuejin.com/" "Mozilla/5.0 (compatible; Baiduspider-render/2.0; +http://www.baidu.com/search/spider.html)"
111.206.198.27 - - [27/Mar/2018:09:06:16 +0800] "GET /html/title.html HTTP/1.1" 200 1787 "https://www.yazhoujuejin.com/" "Mozilla/5.0 (iPhone; CPU iPhone OS 9_1 like Mac OS X) AppleWebKit/601.1.46 (KHTML, like Gecko) Version/9.0 Mobile/13B143 Safari/601.1 (compatible; Baiduspider-render/2.0; +http://www.baidu.com/search/spider.html)"
111.206.221.106 - - [27/Mar/2018:09:06:16 +0800] "GET /html/footer.html HTTP/1.1" 200 3379 "https://www.yazhoujuejin.com/" "Mozilla/5.0 (iPhone; CPU iPhone OS 9_1 like Mac OS X) AppleWebKit/601.1.46 (KHTML, like Gecko) Version/9.0 Mobile/13B143 Safari/601.1 (compatible; Baiduspider-render/2.0; +http://www.baidu.com/search/spider.html)"
