223.104.3.235 - - [26/Mar/2018:15:29:37 +0800] "GET /restful/product/showUpdateItems?callback=jQuery112104563730124041576_1522050048868&product_id=7829e12e2a9b1280852fdb125e3b7768&page=1&_=1522050048869 HTTP/1.1" 200 144 "https://www.yazhoujuejin.com/investDetail.html?investNo=7829e12e2a9b1280852fdb125e3b7768" "Mozilla/5.0 (iPhone; CPU iPhone OS 10_0 like Mac OS X) AppleWebKit/602.1.50 (KHTML, like Gecko) Version/10.0 Mobile/14A346 Safari/602.1"
223.104.3.235 - - [26/Mar/2018:15:29:37 +0800] "GET /restful/product/findById/7829e12e2a9b1280852fdb125e3b7768?callback=jQuery112104563730124041576_1522050048864&_=1522050048865 HTTP/1.1" 200 190 "https://www.yazhoujuejin.com/investDetail.html?investNo=7829e12e2a9b1280852fdb125e3b7768" "Mozilla/5.0 (iPhone; CPU iPhone OS 10_0 like Mac OS X) AppleWebKit/602.1.50 (KHTML, like Gecko) Version/10.0 Mobile/14A346 Safari/602.1"
223.104.3.235 - - [26/Mar/2018:15:29:37 +0800] "GET /restful/product/list?callback=jQuery112104563730124041576_1522050048866&_=1522050048867 HTTP/1.1" 200 144 "https://www.yazhoujuejin.com/investDetail.html?investNo=7829e12e2a9b1280852fdb125e3b7768" "Mozilla/5.0 (iPhone; CPU iPhone OS 10_0 like Mac OS X) AppleWebKit/602.1.50 (KHTML, like Gecko) Version/10.0 Mobile/14A346 Safari/602.1"
157.61.211.78 - - [26/Mar/2018:15:30:03 +0800] "GET /login.html HTTP/1.1" 200 1792 "-" "Mozilla/5.0 (Windows NT 6.3; WOW64) AppleWebKit/537.36 (KHTML, like Gecko) Chrome/49.0.2623.221 Safari/537.36 SE 2.X MetaSr 1.0"
157.61.211.78 - - [26/Mar/2018:15:30:04 +0800] "GET /lib/bootstrap/css/bootstrap.css HTTP/1.1" 200 25067 "https://www.yazhoujuejin.com/login.html" "Mozilla/5.0 (Windows NT 6.3; WOW64) AppleWebKit/537.36 (KHTML, like Gecko) Chrome/49.0.2623.221 Safari/537.36 SE 2.X MetaSr 1.0"
157.61.211.78 - - [26/Mar/2018:15:30:04 +0800] "GET /css/title.css HTTP/1.1" 200 515 "https://www.yazhoujuejin.com/login.html" "Mozilla/5.0 (Windows NT 6.3; WOW64) AppleWebKit/537.36 (KHTML, like Gecko) Chrome/49.0.2623.221 Safari/537.36 SE 2.X MetaSr 1.0"
157.61.211.78 - - [26/Mar/2018:15:30:04 +0800] "GET /css/reset.css HTTP/1.1" 200 523 "https://www.yazhoujuejin.com/login.html" "Mozilla/5.0 (Windows NT 6.3; WOW64) AppleWebKit/537.36 (KHTML, like Gecko) Chrome/49.0.2623.221 Safari/537.36 SE 2.X MetaSr 1.0"
157.61.211.78 - - [26/Mar/2018:15:30:04 +0800] "GET /css/footer.css HTTP/1.1" 200 716 "https://www.yazhoujuejin.com/login.html" "Mozilla/5.0 (Windows NT 6.3; WOW64) AppleWebKit/537.36 (KHTML, like Gecko) Chrome/49.0.2623.221 Safari/537.36 SE 2.X MetaSr 1.0"
157.61.211.78 - - [26/Mar/2018:15:30:04 +0800] "GET /lib/bootstrap/js/respond.js HTTP/1.1" 200 4381 "https://www.yazhoujuejin.com/login.html" "Mozilla/5.0 (Windows NT 6.3; WOW64) AppleWebKit/537.36 (KHTML, like Gecko) Chrome/49.0.2623.221 Safari/537.36 SE 2.X MetaSr 1.0"
157.61.211.78 - - [26/Mar/2018:15:30:04 +0800] "GET /css/animations.css HTTP/1.1" 200 735 "https://www.yazhoujuejin.com/login.html" "Mozilla/5.0 (Windows NT 6.3; WOW64) AppleWebKit/537.36 (KHTML, like Gecko) Chrome/49.0.2623.221 Safari/537.36 SE 2.X MetaSr 1.0"
157.61.211.78 - - [26/Mar/2018:15:30:04 +0800] "GET /lib/bootstrap/js/html5.js HTTP/1.1" 200 3026 "https://www.yazhoujuejin.com/login.html" "Mozilla/5.0 (Windows NT 6.3; WOW64) AppleWebKit/537.36 (KHTML, like Gecko) Chrome/49.0.2623.221 Safari/537.36 SE 2.X MetaSr 1.0"
157.61.211.78 - - [26/Mar/2018:15:30:04 +0800] "GET /lib/bootstrap/js/bootstrap-dropdown-on-hover.js HTTP/1.1" 200 9092 "https://www.yazhoujuejin.com/login.html" "Mozilla/5.0 (Windows NT 6.3; WOW64) AppleWebKit/537.36 (KHTML, like Gecko) Chrome/49.0.2623.221 Safari/537.36 SE 2.X MetaSr 1.0"
157.61.211.78 - - [26/Mar/2018:15:30:04 +0800] "GET /js/cookie.js HTTP/1.1" 200 1561 "https://www.yazhoujuejin.com/login.html" "Mozilla/5.0 (Windows NT 6.3; WOW64) AppleWebKit/537.36 (KHTML, like Gecko) Chrome/49.0.2623.221 Safari/537.36 SE 2.X MetaSr 1.0"
157.61.211.78 - - [26/Mar/2018:15:30:04 +0800] "GET /js/m.js HTTP/1.1" 200 14489 "https://www.yazhoujuejin.com/login.html" "Mozilla/5.0 (Windows NT 6.3; WOW64) AppleWebKit/537.36 (KHTML, like Gecko) Chrome/49.0.2623.221 Safari/537.36 SE 2.X MetaSr 1.0"
157.61.211.78 - - [26/Mar/2018:15:30:04 +0800] "GET /js/login.js HTTP/1.1" 200 5841 "https://www.yazhoujuejin.com/login.html" "Mozilla/5.0 (Windows NT 6.3; WOW64) AppleWebKit/537.36 (KHTML, like Gecko) Chrome/49.0.2623.221 Safari/537.36 SE 2.X MetaSr 1.0"
157.61.211.78 - - [26/Mar/2018:15:30:04 +0800] "GET /lib/bootstrap/js/bootstrap.min.js HTTP/1.1" 200 65813 "https://www.yazhoujuejin.com/login.html" "Mozilla/5.0 (Windows NT 6.3; WOW64) AppleWebKit/537.36 (KHTML, like Gecko) Chrome/49.0.2623.221 Safari/537.36 SE 2.X MetaSr 1.0"
157.61.211.78 - - [26/Mar/2018:15:30:05 +0800] "GET /lib/jquery/jquery-1.12.1.js HTTP/1.1" 200 407013 "https://www.yazhoujuejin.com/login.html" "Mozilla/5.0 (Windows NT 6.3; WOW64) AppleWebKit/537.36 (KHTML, like Gecko) Chrome/49.0.2623.221 Safari/537.36 SE 2.X MetaSr 1.0"
157.61.211.78 - - [26/Mar/2018:15:30:05 +0800] "GET /images/loginbg.jpg HTTP/1.1" 200 39662 "https://www.yazhoujuejin.com/login.html" "Mozilla/5.0 (Windows NT 6.3; WOW64) AppleWebKit/537.36 (KHTML, like Gecko) Chrome/49.0.2623.221 Safari/537.36 SE 2.X MetaSr 1.0"
157.61.211.78 - - [26/Mar/2018:15:30:05 +0800] "GET /lib/bootstrap/fonts/glyphicons-halflings-regular.woff HTTP/1.1" 200 23320 "https://www.yazhoujuejin.com/lib/bootstrap/css/bootstrap.css" "Mozilla/5.0 (Windows NT 6.3; WOW64) AppleWebKit/537.36 (KHTML, like Gecko) Chrome/49.0.2623.221 Safari/537.36 SE 2.X MetaSr 1.0"
157.61.211.78 - - [26/Mar/2018:15:30:05 +0800] "GET /css/login.css HTTP/1.1" 200 462 "https://www.yazhoujuejin.com/login.html" "Mozilla/5.0 (Windows NT 6.3; WOW64) AppleWebKit/537.36 (KHTML, like Gecko) Chrome/49.0.2623.221 Safari/537.36 SE 2.X MetaSr 1.0"
157.61.211.78 - - [26/Mar/2018:15:30:05 +0800] "GET /html/title.html HTTP/1.1" 200 810 "https://www.yazhoujuejin.com/login.html" "Mozilla/5.0 (Windows NT 6.3; WOW64) AppleWebKit/537.36 (KHTML, like Gecko) Chrome/49.0.2623.221 Safari/537.36 SE 2.X MetaSr 1.0"
157.61.211.78 - - [26/Mar/2018:15:30:05 +0800] "GET /html/footer.html HTTP/1.1" 200 1546 "https://www.yazhoujuejin.com/login.html" "Mozilla/5.0 (Windows NT 6.3; WOW64) AppleWebKit/537.36 (KHTML, like Gecko) Chrome/49.0.2623.221 Safari/537.36 SE 2.X MetaSr 1.0"
157.61.211.78 - - [26/Mar/2018:15:30:06 +0800] "GET /images/logo.png HTTP/1.1" 200 5728 "https://www.yazhoujuejin.com/login.html" "Mozilla/5.0 (Windows NT 6.3; WOW64) AppleWebKit/537.36 (KHTML, like Gecko) Chrome/49.0.2623.221 Safari/537.36 SE 2.X MetaSr 1.0"
157.61.211.78 - - [26/Mar/2018:15:30:06 +0800] "GET /images/xiaochengxu.jpg HTTP/1.1" 200 30629 "https://www.yazhoujuejin.com/login.html" "Mozilla/5.0 (Windows NT 6.3; WOW64) AppleWebKit/537.36 (KHTML, like Gecko) Chrome/49.0.2623.221 Safari/537.36 SE 2.X MetaSr 1.0"
157.61.211.78 - - [26/Mar/2018:15:30:06 +0800] "GET /images/gongzhonghao.jpg HTTP/1.1" 200 30169 "https://www.yazhoujuejin.com/login.html" "Mozilla/5.0 (Windows NT 6.3; WOW64) AppleWebKit/537.36 (KHTML, like Gecko) Chrome/49.0.2623.221 Safari/537.36 SE 2.X MetaSr 1.0"
157.61.211.78 - - [26/Mar/2018:15:30:06 +0800] "GET /images/app.jpg HTTP/1.1" 200 14362 "https://www.yazhoujuejin.com/login.html" "Mozilla/5.0 (Windows NT 6.3; WOW64) AppleWebKit/537.36 (KHTML, like Gecko) Chrome/49.0.2623.221 Safari/537.36 SE 2.X MetaSr 1.0"
157.61.211.78 - - [26/Mar/2018:15:30:07 +0800] "GET /images/ico-code.png HTTP/1.1" 200 11766 "https://www.yazhoujuejin.com/css/footer.css" "Mozilla/5.0 (Windows NT 6.3; WOW64) AppleWebKit/537.36 (KHTML, like Gecko) Chrome/49.0.2623.221 Safari/537.36 SE 2.X MetaSr 1.0"
115.28.26.13 - - [26/Mar/2018:15:30:08 +0800] "HEAD / HTTP/1.1" 301 0 "-" "Mozilla/5.0 (compatible; MSIE 9.0; Windows NT 6.1; Win64; x64; Trident/5.0)"
112.126.75.174 - - [26/Mar/2018:15:31:14 +0800] "HEAD / HTTP/1.1" 301 0 "-" "Mozilla/5.0 (compatible; MSIE 9.0; Windows NT 6.1; Win64; x64; Trident/5.0)"
112.124.127.44 - - [26/Mar/2018:15:33:08 +0800] "HEAD / HTTP/1.1" 301 0 "-" "Mozilla/5.0 (compatible; MSIE 9.0; Windows NT 6.1; Win64; x64; Trident/5.0)"
203.208.60.251 - - [26/Mar/2018:15:33:11 +0800] "GET / HTTP/1.1" 200 931 "-" "Mozilla/5.0 (Linux; Android 6.0.1; Nexus 5X Build/MMB29P) AppleWebKit/537.36 (KHTML, like Gecko) Chrome/41.0.2272.96 Mobile Safari/537.36 (compatible; Googlebot/2.1; +http://www.google.com/bot.html)"
115.28.26.13 - - [26/Mar/2018:15:35:08 +0800] "HEAD / HTTP/1.1" 301 0 "-" "Mozilla/5.0 (compatible; MSIE 9.0; Windows NT 6.1; Win64; x64; Trident/5.0)"
157.61.211.78 - - [26/Mar/2018:15:35:29 +0800] "GET /login.html HTTP/1.1" 200 1792 "-" "Mozilla/5.0 (Windows NT 6.3; WOW64) AppleWebKit/537.36 (KHTML, like Gecko) Chrome/49.0.2623.221 Safari/537.36 SE 2.X MetaSr 1.0"
157.61.211.78 - - [26/Mar/2018:15:35:29 +0800] "GET /lib/bootstrap/css/bootstrap.css HTTP/1.1" 200 25067 "https://www.yazhoujuejin.com/login.html" "Mozilla/5.0 (Windows NT 6.3; WOW64) AppleWebKit/537.36 (KHTML, like Gecko) Chrome/49.0.2623.221 Safari/537.36 SE 2.X MetaSr 1.0"
157.61.211.78 - - [26/Mar/2018:15:35:29 +0800] "GET /css/reset.css HTTP/1.1" 200 523 "https://www.yazhoujuejin.com/login.html" "Mozilla/5.0 (Windows NT 6.3; WOW64) AppleWebKit/537.36 (KHTML, like Gecko) Chrome/49.0.2623.221 Safari/537.36 SE 2.X MetaSr 1.0"
157.61.211.78 - - [26/Mar/2018:15:35:29 +0800] "GET /css/title.css HTTP/1.1" 200 515 "https://www.yazhoujuejin.com/login.html" "Mozilla/5.0 (Windows NT 6.3; WOW64) AppleWebKit/537.36 (KHTML, like Gecko) Chrome/49.0.2623.221 Safari/537.36 SE 2.X MetaSr 1.0"
157.61.211.78 - - [26/Mar/2018:15:35:29 +0800] "GET /css/footer.css HTTP/1.1" 200 716 "https://www.yazhoujuejin.com/login.html" "Mozilla/5.0 (Windows NT 6.3; WOW64) AppleWebKit/537.36 (KHTML, like Gecko) Chrome/49.0.2623.221 Safari/537.36 SE 2.X MetaSr 1.0"
157.61.211.78 - - [26/Mar/2018:15:35:29 +0800] "GET /css/animations.css HTTP/1.1" 200 735 "https://www.yazhoujuejin.com/login.html" "Mozilla/5.0 (Windows NT 6.3; WOW64) AppleWebKit/537.36 (KHTML, like Gecko) Chrome/49.0.2623.221 Safari/537.36 SE 2.X MetaSr 1.0"
157.61.211.78 - - [26/Mar/2018:15:35:29 +0800] "GET /lib/bootstrap/js/respond.js HTTP/1.1" 200 4381 "https://www.yazhoujuejin.com/login.html" "Mozilla/5.0 (Windows NT 6.3; WOW64) AppleWebKit/537.36 (KHTML, like Gecko) Chrome/49.0.2623.221 Safari/537.36 SE 2.X MetaSr 1.0"
157.61.211.78 - - [26/Mar/2018:15:35:29 +0800] "GET /lib/bootstrap/js/html5.js HTTP/1.1" 200 3026 "https://www.yazhoujuejin.com/login.html" "Mozilla/5.0 (Windows NT 6.3; WOW64) AppleWebKit/537.36 (KHTML, like Gecko) Chrome/49.0.2623.221 Safari/537.36 SE 2.X MetaSr 1.0"
157.61.211.78 - - [26/Mar/2018:15:35:29 +0800] "GET /lib/bootstrap/js/bootstrap-dropdown-on-hover.js HTTP/1.1" 200 9092 "https://www.yazhoujuejin.com/login.html" "Mozilla/5.0 (Windows NT 6.3; WOW64) AppleWebKit/537.36 (KHTML, like Gecko) Chrome/49.0.2623.221 Safari/537.36 SE 2.X MetaSr 1.0"
157.61.211.78 - - [26/Mar/2018:15:35:29 +0800] "GET /js/m.js HTTP/1.1" 200 14489 "https://www.yazhoujuejin.com/login.html" "Mozilla/5.0 (Windows NT 6.3; WOW64) AppleWebKit/537.36 (KHTML, like Gecko) Chrome/49.0.2623.221 Safari/537.36 SE 2.X MetaSr 1.0"
157.61.211.78 - - [26/Mar/2018:15:35:30 +0800] "GET /lib/bootstrap/js/bootstrap.min.js HTTP/1.1" 200 65813 "https://www.yazhoujuejin.com/login.html" "Mozilla/5.0 (Windows NT 6.3; WOW64) AppleWebKit/537.36 (KHTML, like Gecko) Chrome/49.0.2623.221 Safari/537.36 SE 2.X MetaSr 1.0"
157.61.211.78 - - [26/Mar/2018:15:35:30 +0800] "GET /js/cookie.js HTTP/1.1" 200 1561 "https://www.yazhoujuejin.com/login.html" "Mozilla/5.0 (Windows NT 6.3; WOW64) AppleWebKit/537.36 (KHTML, like Gecko) Chrome/49.0.2623.221 Safari/537.36 SE 2.X MetaSr 1.0"
157.61.211.78 - - [26/Mar/2018:15:35:30 +0800] "GET /js/login.js HTTP/1.1" 200 5841 "https://www.yazhoujuejin.com/login.html" "Mozilla/5.0 (Windows NT 6.3; WOW64) AppleWebKit/537.36 (KHTML, like Gecko) Chrome/49.0.2623.221 Safari/537.36 SE 2.X MetaSr 1.0"
157.61.211.78 - - [26/Mar/2018:15:35:30 +0800] "GET /lib/jquery/jquery-1.12.1.js HTTP/1.1" 200 407013 "https://www.yazhoujuejin.com/login.html" "Mozilla/5.0 (Windows NT 6.3; WOW64) AppleWebKit/537.36 (KHTML, like Gecko) Chrome/49.0.2623.221 Safari/537.36 SE 2.X MetaSr 1.0"
157.61.211.78 - - [26/Mar/2018:15:35:33 +0800] "GET /images/loginbg.jpg HTTP/1.1" 200 39662 "https://www.yazhoujuejin.com/login.html" "Mozilla/5.0 (Windows NT 6.3; WOW64) AppleWebKit/537.36 (KHTML, like Gecko) Chrome/49.0.2623.221 Safari/537.36 SE 2.X MetaSr 1.0"
157.61.211.78 - - [26/Mar/2018:15:35:33 +0800] "GET /css/login.css HTTP/1.1" 200 462 "https://www.yazhoujuejin.com/login.html" "Mozilla/5.0 (Windows NT 6.3; WOW64) AppleWebKit/537.36 (KHTML, like Gecko) Chrome/49.0.2623.221 Safari/537.36 SE 2.X MetaSr 1.0"
157.61.211.78 - - [26/Mar/2018:15:35:33 +0800] "GET /html/title.html HTTP/1.1" 200 810 "https://www.yazhoujuejin.com/login.html" "Mozilla/5.0 (Windows NT 6.3; WOW64) AppleWebKit/537.36 (KHTML, like Gecko) Chrome/49.0.2623.221 Safari/537.36 SE 2.X MetaSr 1.0"
157.61.211.78 - - [26/Mar/2018:15:35:33 +0800] "GET /html/footer.html HTTP/1.1" 200 1546 "https://www.yazhoujuejin.com/login.html" "Mozilla/5.0 (Windows NT 6.3; WOW64) AppleWebKit/537.36 (KHTML, like Gecko) Chrome/49.0.2623.221 Safari/537.36 SE 2.X MetaSr 1.0"
157.61.211.78 - - [26/Mar/2018:15:35:33 +0800] "GET /lib/bootstrap/fonts/glyphicons-halflings-regular.woff HTTP/1.1" 200 23320 "https://www.yazhoujuejin.com/lib/bootstrap/css/bootstrap.css" "Mozilla/5.0 (Windows NT 6.3; WOW64) AppleWebKit/537.36 (KHTML, like Gecko) Chrome/49.0.2623.221 Safari/537.36 SE 2.X MetaSr 1.0"
157.61.211.78 - - [26/Mar/2018:15:35:34 +0800] "GET /images/logo.png HTTP/1.1" 200 5728 "https://www.yazhoujuejin.com/login.html" "Mozilla/5.0 (Windows NT 6.3; WOW64) AppleWebKit/537.36 (KHTML, like Gecko) Chrome/49.0.2623.221 Safari/537.36 SE 2.X MetaSr 1.0"
157.61.211.78 - - [26/Mar/2018:15:35:34 +0800] "GET /images/xiaochengxu.jpg HTTP/1.1" 200 30629 "https://www.yazhoujuejin.com/login.html" "Mozilla/5.0 (Windows NT 6.3; WOW64) AppleWebKit/537.36 (KHTML, like Gecko) Chrome/49.0.2623.221 Safari/537.36 SE 2.X MetaSr 1.0"
157.61.211.78 - - [26/Mar/2018:15:35:34 +0800] "GET /images/app.jpg HTTP/1.1" 200 14362 "https://www.yazhoujuejin.com/login.html" "Mozilla/5.0 (Windows NT 6.3; WOW64) AppleWebKit/537.36 (KHTML, like Gecko) Chrome/49.0.2623.221 Safari/537.36 SE 2.X MetaSr 1.0"
157.61.211.78 - - [26/Mar/2018:15:35:34 +0800] "GET /images/gongzhonghao.jpg HTTP/1.1" 200 30169 "https://www.yazhoujuejin.com/login.html" "Mozilla/5.0 (Windows NT 6.3; WOW64) AppleWebKit/537.36 (KHTML, like Gecko) Chrome/49.0.2623.221 Safari/537.36 SE 2.X MetaSr 1.0"
157.61.211.78 - - [26/Mar/2018:15:35:35 +0800] "GET /images/ico-code.png HTTP/1.1" 200 11766 "https://www.yazhoujuejin.com/css/footer.css" "Mozilla/5.0 (Windows NT 6.3; WOW64) AppleWebKit/537.36 (KHTML, like Gecko) Chrome/49.0.2623.221 Safari/537.36 SE 2.X MetaSr 1.0"
112.126.75.174 - - [26/Mar/2018:15:36:14 +0800] "HEAD / HTTP/1.1" 301 0 "-" "Mozilla/5.0 (compatible; MSIE 9.0; Windows NT 6.1; Win64; x64; Trident/5.0)"
112.124.127.44 - - [26/Mar/2018:15:38:08 +0800] "HEAD / HTTP/1.1" 301 0 "-" "Mozilla/5.0 (compatible; MSIE 9.0; Windows NT 6.1; Win64; x64; Trident/5.0)"
115.28.26.13 - - [26/Mar/2018:15:40:08 +0800] "HEAD / HTTP/1.1" 301 0 "-" "Mozilla/5.0 (compatible; MSIE 9.0; Windows NT 6.1; Win64; x64; Trident/5.0)"
112.126.75.174 - - [26/Mar/2018:15:41:14 +0800] "HEAD / HTTP/1.1" 301 0 "-" "Mozilla/5.0 (compatible; MSIE 9.0; Windows NT 6.1; Win64; x64; Trident/5.0)"
112.124.127.44 - - [26/Mar/2018:15:43:08 +0800] "HEAD / HTTP/1.1" 301 0 "-" "Mozilla/5.0 (compatible; MSIE 9.0; Windows NT 6.1; Win64; x64; Trident/5.0)"
115.28.26.13 - - [26/Mar/2018:15:45:08 +0800] "HEAD / HTTP/1.1" 301 0 "-" "Mozilla/5.0 (compatible; MSIE 9.0; Windows NT 6.1; Win64; x64; Trident/5.0)"
112.126.75.174 - - [26/Mar/2018:15:46:14 +0800] "HEAD / HTTP/1.1" 301 0 "-" "Mozilla/5.0 (compatible; MSIE 9.0; Windows NT 6.1; Win64; x64; Trident/5.0)"
112.124.127.44 - - [26/Mar/2018:15:48:08 +0800] "HEAD / HTTP/1.1" 301 0 "-" "Mozilla/5.0 (compatible; MSIE 9.0; Windows NT 6.1; Win64; x64; Trident/5.0)"
115.28.26.13 - - [26/Mar/2018:15:50:08 +0800] "HEAD / HTTP/1.1" 301 0 "-" "Mozilla/5.0 (compatible; MSIE 9.0; Windows NT 6.1; Win64; x64; Trident/5.0)"
112.126.75.174 - - [26/Mar/2018:15:51:14 +0800] "HEAD / HTTP/1.1" 301 0 "-" "Mozilla/5.0 (compatible; MSIE 9.0; Windows NT 6.1; Win64; x64; Trident/5.0)"
112.124.127.44 - - [26/Mar/2018:15:53:08 +0800] "HEAD / HTTP/1.1" 301 0 "-" "Mozilla/5.0 (compatible; MSIE 9.0; Windows NT 6.1; Win64; x64; Trident/5.0)"
120.203.222.150 - - [26/Mar/2018:15:53:56 +0800] "GET / HTTP/1.1" 200 931 "-" "Mozilla/5.0 (Windows NT 6.1; WOW64) AppleWebKit/537.36 (KHTML, like Gecko) Chrome/39.0.2171.95 Safari/537.36 MicroMessenger/6.5.2.501 NetType/WIFI WindowsWechat QBCore/3.43.691.400 QQBrowser/9.0.2524.400"
120.203.222.150 - - [26/Mar/2018:15:53:56 +0800] "GET /lib/bootstrap/css/bootstrap.css HTTP/1.1" 200 25067 "https://www.yazhoujuejin.com/" "Mozilla/5.0 (Windows NT 6.1; WOW64) AppleWebKit/537.36 (KHTML, like Gecko) Chrome/39.0.2171.95 Safari/537.36 MicroMessenger/6.5.2.501 NetType/WIFI WindowsWechat QBCore/3.43.691.400 QQBrowser/9.0.2524.400"
120.203.222.150 - - [26/Mar/2018:15:53:56 +0800] "GET /css/reset.css HTTP/1.1" 200 523 "https://www.yazhoujuejin.com/" "Mozilla/5.0 (Windows NT 6.1; WOW64) AppleWebKit/537.36 (KHTML, like Gecko) Chrome/39.0.2171.95 Safari/537.36 MicroMessenger/6.5.2.501 NetType/WIFI WindowsWechat QBCore/3.43.691.400 QQBrowser/9.0.2524.400"
120.203.222.150 - - [26/Mar/2018:15:53:56 +0800] "GET /css/title.css HTTP/1.1" 200 515 "https://www.yazhoujuejin.com/" "Mozilla/5.0 (Windows NT 6.1; WOW64) AppleWebKit/537.36 (KHTML, like Gecko) Chrome/39.0.2171.95 Safari/537.36 MicroMessenger/6.5.2.501 NetType/WIFI WindowsWechat QBCore/3.43.691.400 QQBrowser/9.0.2524.400"
120.203.222.150 - - [26/Mar/2018:15:53:56 +0800] "GET /css/footer.css HTTP/1.1" 200 716 "https://www.yazhoujuejin.com/" "Mozilla/5.0 (Windows NT 6.1; WOW64) AppleWebKit/537.36 (KHTML, like Gecko) Chrome/39.0.2171.95 Safari/537.36 MicroMessenger/6.5.2.501 NetType/WIFI WindowsWechat QBCore/3.43.691.400 QQBrowser/9.0.2524.400"
120.203.222.150 - - [26/Mar/2018:15:53:56 +0800] "GET /css/animations.css HTTP/1.1" 200 735 "https://www.yazhoujuejin.com/" "Mozilla/5.0 (Windows NT 6.1; WOW64) AppleWebKit/537.36 (KHTML, like Gecko) Chrome/39.0.2171.95 Safari/537.36 MicroMessenger/6.5.2.501 NetType/WIFI WindowsWechat QBCore/3.43.691.400 QQBrowser/9.0.2524.400"
120.203.222.150 - - [26/Mar/2018:15:53:56 +0800] "GET /lib/bootstrap/js/respond.js HTTP/1.1" 200 4381 "https://www.yazhoujuejin.com/" "Mozilla/5.0 (Windows NT 6.1; WOW64) AppleWebKit/537.36 (KHTML, like Gecko) Chrome/39.0.2171.95 Safari/537.36 MicroMessenger/6.5.2.501 NetType/WIFI WindowsWechat QBCore/3.43.691.400 QQBrowser/9.0.2524.400"
120.203.222.150 - - [26/Mar/2018:15:53:56 +0800] "GET /lib/bootstrap/js/html5.js HTTP/1.1" 200 3026 "https://www.yazhoujuejin.com/" "Mozilla/5.0 (Windows NT 6.1; WOW64) AppleWebKit/537.36 (KHTML, like Gecko) Chrome/39.0.2171.95 Safari/537.36 MicroMessenger/6.5.2.501 NetType/WIFI WindowsWechat QBCore/3.43.691.400 QQBrowser/9.0.2524.400"
120.203.222.150 - - [26/Mar/2018:15:53:56 +0800] "GET /lib/bootstrap/js/bootstrap-dropdown-on-hover.js HTTP/1.1" 200 9092 "https://www.yazhoujuejin.com/" "Mozilla/5.0 (Windows NT 6.1; WOW64) AppleWebKit/537.36 (KHTML, like Gecko) Chrome/39.0.2171.95 Safari/537.36 MicroMessenger/6.5.2.501 NetType/WIFI WindowsWechat QBCore/3.43.691.400 QQBrowser/9.0.2524.400"
120.203.222.150 - - [26/Mar/2018:15:53:56 +0800] "GET /js/m.js HTTP/1.1" 200 14489 "https://www.yazhoujuejin.com/" "Mozilla/5.0 (Windows NT 6.1; WOW64) AppleWebKit/537.36 (KHTML, like Gecko) Chrome/39.0.2171.95 Safari/537.36 MicroMessenger/6.5.2.501 NetType/WIFI WindowsWechat QBCore/3.43.691.400 QQBrowser/9.0.2524.400"
120.203.222.150 - - [26/Mar/2018:15:53:56 +0800] "GET /js/cookie.js HTTP/1.1" 200 1561 "https://www.yazhoujuejin.com/" "Mozilla/5.0 (Windows NT 6.1; WOW64) AppleWebKit/537.36 (KHTML, like Gecko) Chrome/39.0.2171.95 Safari/537.36 MicroMessenger/6.5.2.501 NetType/WIFI WindowsWechat QBCore/3.43.691.400 QQBrowser/9.0.2524.400"
120.203.222.150 - - [26/Mar/2018:15:53:56 +0800] "GET /js/index.js HTTP/1.1" 200 3425 "https://www.yazhoujuejin.com/" "Mozilla/5.0 (Windows NT 6.1; WOW64) AppleWebKit/537.36 (KHTML, like Gecko) Chrome/39.0.2171.95 Safari/537.36 MicroMessenger/6.5.2.501 NetType/WIFI WindowsWechat QBCore/3.43.691.400 QQBrowser/9.0.2524.400"
120.203.222.150 - - [26/Mar/2018:15:53:56 +0800] "GET /lib/bootstrap/js/bootstrap.min.js HTTP/1.1" 200 65813 "https://www.yazhoujuejin.com/" "Mozilla/5.0 (Windows NT 6.1; WOW64) AppleWebKit/537.36 (KHTML, like Gecko) Chrome/39.0.2171.95 Safari/537.36 MicroMessenger/6.5.2.501 NetType/WIFI WindowsWechat QBCore/3.43.691.400 QQBrowser/9.0.2524.400"
120.203.222.150 - - [26/Mar/2018:15:53:57 +0800] "GET /lib/jquery/jquery-1.12.1.js HTTP/1.1" 200 407013 "https://www.yazhoujuejin.com/" "Mozilla/5.0 (Windows NT 6.1; WOW64) AppleWebKit/537.36 (KHTML, like Gecko) Chrome/39.0.2171.95 Safari/537.36 MicroMessenger/6.5.2.501 NetType/WIFI WindowsWechat QBCore/3.43.691.400 QQBrowser/9.0.2524.400"
120.203.222.150 - - [26/Mar/2018:15:53:57 +0800] "GET /css/modal.css HTTP/1.1" 200 778 "https://www.yazhoujuejin.com/" "Mozilla/5.0 (Windows NT 6.1; WOW64) AppleWebKit/537.36 (KHTML, like Gecko) Chrome/39.0.2171.95 Safari/537.36 MicroMessenger/6.5.2.501 NetType/WIFI WindowsWechat QBCore/3.43.691.400 QQBrowser/9.0.2524.400"
120.203.222.150 - - [26/Mar/2018:15:53:57 +0800] "GET /html/title.html HTTP/1.1" 200 810 "https://www.yazhoujuejin.com/" "Mozilla/5.0 (Windows NT 6.1; WOW64) AppleWebKit/537.36 (KHTML, like Gecko) Chrome/39.0.2171.95 Safari/537.36 MicroMessenger/6.5.2.501 NetType/WIFI WindowsWechat QBCore/3.43.691.400 QQBrowser/9.0.2524.400"
120.203.222.150 - - [26/Mar/2018:15:53:57 +0800] "GET /html/footer.html HTTP/1.1" 200 1546 "https://www.yazhoujuejin.com/" "Mozilla/5.0 (Windows NT 6.1; WOW64) AppleWebKit/537.36 (KHTML, like Gecko) Chrome/39.0.2171.95 Safari/537.36 MicroMessenger/6.5.2.501 NetType/WIFI WindowsWechat QBCore/3.43.691.400 QQBrowser/9.0.2524.400"
120.203.222.150 - - [26/Mar/2018:15:53:57 +0800] "GET /html/modal.html HTTP/1.1" 200 1092 "https://www.yazhoujuejin.com/" "Mozilla/5.0 (Windows NT 6.1; WOW64) AppleWebKit/537.36 (KHTML, like Gecko) Chrome/39.0.2171.95 Safari/537.36 MicroMessenger/6.5.2.501 NetType/WIFI WindowsWechat QBCore/3.43.691.400 QQBrowser/9.0.2524.400"
120.203.222.150 - - [26/Mar/2018:15:53:57 +0800] "GET /images/logo.png HTTP/1.1" 200 5728 "https://www.yazhoujuejin.com/" "Mozilla/5.0 (Windows NT 6.1; WOW64) AppleWebKit/537.36 (KHTML, like Gecko) Chrome/39.0.2171.95 Safari/537.36 MicroMessenger/6.5.2.501 NetType/WIFI WindowsWechat QBCore/3.43.691.400 QQBrowser/9.0.2524.400"
120.203.222.150 - - [26/Mar/2018:15:53:57 +0800] "GET /images/gongzhonghao.jpg HTTP/1.1" 200 30169 "https://www.yazhoujuejin.com/" "Mozilla/5.0 (Windows NT 6.1; WOW64) AppleWebKit/537.36 (KHTML, like Gecko) Chrome/39.0.2171.95 Safari/537.36 MicroMessenger/6.5.2.501 NetType/WIFI WindowsWechat QBCore/3.43.691.400 QQBrowser/9.0.2524.400"
120.203.222.150 - - [26/Mar/2018:15:53:57 +0800] "GET /images/app.jpg HTTP/1.1" 200 14362 "https://www.yazhoujuejin.com/" "Mozilla/5.0 (Windows NT 6.1; WOW64) AppleWebKit/537.36 (KHTML, like Gecko) Chrome/39.0.2171.95 Safari/537.36 MicroMessenger/6.5.2.501 NetType/WIFI WindowsWechat QBCore/3.43.691.400 QQBrowser/9.0.2524.400"
120.203.222.150 - - [26/Mar/2018:15:53:57 +0800] "GET /images/ico-code.png HTTP/1.1" 200 11766 "https://www.yazhoujuejin.com/css/footer.css" "Mozilla/5.0 (Windows NT 6.1; WOW64) AppleWebKit/537.36 (KHTML, like Gecko) Chrome/39.0.2171.95 Safari/537.36 MicroMessenger/6.5.2.501 NetType/WIFI WindowsWechat QBCore/3.43.691.400 QQBrowser/9.0.2524.400"
120.203.222.150 - - [26/Mar/2018:15:53:57 +0800] "GET /images/xiaochengxu.jpg HTTP/1.1" 200 30629 "https://www.yazhoujuejin.com/" "Mozilla/5.0 (Windows NT 6.1; WOW64) AppleWebKit/537.36 (KHTML, like Gecko) Chrome/39.0.2171.95 Safari/537.36 MicroMessenger/6.5.2.501 NetType/WIFI WindowsWechat QBCore/3.43.691.400 QQBrowser/9.0.2524.400"
120.203.222.150 - - [26/Mar/2018:15:53:57 +0800] "GET /images/banner.jpg HTTP/1.1" 200 353169 "https://www.yazhoujuejin.com/" "Mozilla/5.0 (Windows NT 6.1; WOW64) AppleWebKit/537.36 (KHTML, like Gecko) Chrome/39.0.2171.95 Safari/537.36 MicroMessenger/6.5.2.501 NetType/WIFI WindowsWechat QBCore/3.43.691.400 QQBrowser/9.0.2524.400"
115.28.26.13 - - [26/Mar/2018:15:55:08 +0800] "HEAD / HTTP/1.1" 301 0 "-" "Mozilla/5.0 (compatible; MSIE 9.0; Windows NT 6.1; Win64; x64; Trident/5.0)"
112.126.75.174 - - [26/Mar/2018:15:56:14 +0800] "HEAD / HTTP/1.1" 301 0 "-" "Mozilla/5.0 (compatible; MSIE 9.0; Windows NT 6.1; Win64; x64; Trident/5.0)"
157.61.211.78 - - [26/Mar/2018:15:57:29 +0800] "GET /images/urlLogo.png HTTP/1.1" 200 1393 "-" "Mozilla/5.0 (Windows NT 6.3; WOW64) AppleWebKit/537.36 (KHTML, like Gecko) Chrome/49.0.2623.221 Safari/537.36 SE 2.X MetaSr 1.0"
112.124.127.44 - - [26/Mar/2018:15:58:08 +0800] "HEAD / HTTP/1.1" 301 0 "-" "Mozilla/5.0 (compatible; MSIE 9.0; Windows NT 6.1; Win64; x64; Trident/5.0)"
61.152.125.146 - - [26/Mar/2018:15:58:58 +0800] "GET /restful/product/list?callback=jQuery11210378366882679984_1497238604536&_=1497238604537&1=1 HTTP/1.1" 200 143 "-" "Mozilla/4.0 (compatible; MSIE 8.0; Windows NT 5.2)"
115.28.26.13 - - [26/Mar/2018:16:00:08 +0800] "HEAD / HTTP/1.1" 301 0 "-" "Mozilla/5.0 (compatible; MSIE 9.0; Windows NT 6.1; Win64; x64; Trident/5.0)"
112.126.75.174 - - [26/Mar/2018:16:01:14 +0800] "HEAD / HTTP/1.1" 301 0 "-" "Mozilla/5.0 (compatible; MSIE 9.0; Windows NT 6.1; Win64; x64; Trident/5.0)"
139.207.28.143 - - [26/Mar/2018:16:01:31 +0800] "GET /images/yyzz.png HTTP/1.1" 301 178 "-" "WeChat/6.6.5.32 CFNetwork/894 Darwin/17.4.0"
139.207.28.143 - - [26/Mar/2018:16:01:38 +0800] "GET /images/yyzz.png HTTP/1.1" 200 638526 "-" "WeChat/6.6.5.32 CFNetwork/894 Darwin/17.4.0"
112.124.127.44 - - [26/Mar/2018:16:03:08 +0800] "HEAD / HTTP/1.1" 301 0 "-" "Mozilla/5.0 (compatible; MSIE 9.0; Windows NT 6.1; Win64; x64; Trident/5.0)"
115.28.26.13 - - [26/Mar/2018:16:05:08 +0800] "HEAD / HTTP/1.1" 301 0 "-" "Mozilla/5.0 (compatible; MSIE 9.0; Windows NT 6.1; Win64; x64; Trident/5.0)"
222.175.120.130 - - [26/Mar/2018:16:05:40 +0800] "GET / HTTP/1.1" 302 0 "-" "Mozilla/5.0 (compatible; Googlebot/2.1; +http://www.google.com/bot.html)"
222.175.120.130 - - [26/Mar/2018:16:05:40 +0800] "GET /login HTTP/1.1" 500 186 "-" "Mozilla/5.0 (compatible; Googlebot/2.1; +http://www.google.com/bot.html)"
112.126.75.174 - - [26/Mar/2018:16:06:14 +0800] "HEAD / HTTP/1.1" 301 0 "-" "Mozilla/5.0 (compatible; MSIE 9.0; Windows NT 6.1; Win64; x64; Trident/5.0)"
112.124.127.44 - - [26/Mar/2018:16:08:08 +0800] "HEAD / HTTP/1.1" 301 0 "-" "Mozilla/5.0 (compatible; MSIE 9.0; Windows NT 6.1; Win64; x64; Trident/5.0)"
115.28.26.13 - - [26/Mar/2018:16:10:08 +0800] "HEAD / HTTP/1.1" 301 0 "-" "Mozilla/5.0 (compatible; MSIE 9.0; Windows NT 6.1; Win64; x64; Trident/5.0)"
112.126.75.174 - - [26/Mar/2018:16:11:14 +0800] "HEAD / HTTP/1.1" 301 0 "-" "Mozilla/5.0 (compatible; MSIE 9.0; Windows NT 6.1; Win64; x64; Trident/5.0)"
112.124.127.44 - - [26/Mar/2018:16:13:08 +0800] "HEAD / HTTP/1.1" 301 0 "-" "Mozilla/5.0 (compatible; MSIE 9.0; Windows NT 6.1; Win64; x64; Trident/5.0)"
115.28.26.13 - - [26/Mar/2018:16:15:08 +0800] "HEAD / HTTP/1.1" 301 0 "-" "Mozilla/5.0 (compatible; MSIE 9.0; Windows NT 6.1; Win64; x64; Trident/5.0)"
112.126.75.174 - - [26/Mar/2018:16:16:14 +0800] "HEAD / HTTP/1.1" 301 0 "-" "Mozilla/5.0 (compatible; MSIE 9.0; Windows NT 6.1; Win64; x64; Trident/5.0)"
112.124.127.44 - - [26/Mar/2018:16:18:08 +0800] "HEAD / HTTP/1.1" 301 0 "-" "Mozilla/5.0 (compatible; MSIE 9.0; Windows NT 6.1; Win64; x64; Trident/5.0)"
49.95.38.205 - - [26/Mar/2018:16:19:05 +0800] "GET /favicon.ico HTTP/1.1" 404 564 "-" "Mozilla/5.0 (Windows NT 6.1; WOW64) AppleWebKit/537.36 (KHTML, like Gecko) Chrome/55.0.2883.87 Safari/537.36"
115.28.26.13 - - [26/Mar/2018:16:20:08 +0800] "HEAD / HTTP/1.1" 301 0 "-" "Mozilla/5.0 (compatible; MSIE 9.0; Windows NT 6.1; Win64; x64; Trident/5.0)"
180.155.135.162 - - [26/Mar/2018:16:20:37 +0800] "GET /favicon.ico HTTP/1.1" 404 564 "-" "Mozilla/5.0 (Windows NT 6.1; WOW64) AppleWebKit/537.36 (KHTML, like Gecko) Chrome/49.0.2623.221 Safari/537.36 SE 2.X MetaSr 1.0"
112.126.75.174 - - [26/Mar/2018:16:21:14 +0800] "HEAD / HTTP/1.1" 301 0 "-" "Mozilla/5.0 (compatible; MSIE 9.0; Windows NT 6.1; Win64; x64; Trident/5.0)"
112.124.127.44 - - [26/Mar/2018:16:23:08 +0800] "HEAD / HTTP/1.1" 301 0 "-" "Mozilla/5.0 (compatible; MSIE 9.0; Windows NT 6.1; Win64; x64; Trident/5.0)"
115.28.26.13 - - [26/Mar/2018:16:25:08 +0800] "HEAD / HTTP/1.1" 301 0 "-" "Mozilla/5.0 (compatible; MSIE 9.0; Windows NT 6.1; Win64; x64; Trident/5.0)"
112.126.75.174 - - [26/Mar/2018:16:26:14 +0800] "HEAD / HTTP/1.1" 301 0 "-" "Mozilla/5.0 (compatible; MSIE 9.0; Windows NT 6.1; Win64; x64; Trident/5.0)"
112.124.127.44 - - [26/Mar/2018:16:28:08 +0800] "HEAD / HTTP/1.1" 301 0 "-" "Mozilla/5.0 (compatible; MSIE 9.0; Windows NT 6.1; Win64; x64; Trident/5.0)"
157.61.211.78 - - [26/Mar/2018:16:29:13 +0800] "GET /login.html HTTP/1.1" 200 1792 "-" "Mozilla/5.0 (Windows NT 6.3; WOW64) AppleWebKit/537.36 (KHTML, like Gecko) Chrome/49.0.2623.221 Safari/537.36 SE 2.X MetaSr 1.0"
157.61.211.78 - - [26/Mar/2018:16:29:14 +0800] "GET /css/reset.css HTTP/1.1" 200 523 "https://www.yazhoujuejin.com/login.html" "Mozilla/5.0 (Windows NT 6.3; WOW64) AppleWebKit/537.36 (KHTML, like Gecko) Chrome/49.0.2623.221 Safari/537.36 SE 2.X MetaSr 1.0"
157.61.211.78 - - [26/Mar/2018:16:29:14 +0800] "GET /lib/bootstrap/css/bootstrap.css HTTP/1.1" 200 25067 "https://www.yazhoujuejin.com/login.html" "Mozilla/5.0 (Windows NT 6.3; WOW64) AppleWebKit/537.36 (KHTML, like Gecko) Chrome/49.0.2623.221 Safari/537.36 SE 2.X MetaSr 1.0"
157.61.211.78 - - [26/Mar/2018:16:29:14 +0800] "GET /css/footer.css HTTP/1.1" 200 716 "https://www.yazhoujuejin.com/login.html" "Mozilla/5.0 (Windows NT 6.3; WOW64) AppleWebKit/537.36 (KHTML, like Gecko) Chrome/49.0.2623.221 Safari/537.36 SE 2.X MetaSr 1.0"
157.61.211.78 - - [26/Mar/2018:16:29:14 +0800] "GET /css/title.css HTTP/1.1" 200 515 "https://www.yazhoujuejin.com/login.html" "Mozilla/5.0 (Windows NT 6.3; WOW64) AppleWebKit/537.36 (KHTML, like Gecko) Chrome/49.0.2623.221 Safari/537.36 SE 2.X MetaSr 1.0"
157.61.211.78 - - [26/Mar/2018:16:29:14 +0800] "GET /lib/bootstrap/js/respond.js HTTP/1.1" 200 4381 "https://www.yazhoujuejin.com/login.html" "Mozilla/5.0 (Windows NT 6.3; WOW64) AppleWebKit/537.36 (KHTML, like Gecko) Chrome/49.0.2623.221 Safari/537.36 SE 2.X MetaSr 1.0"
157.61.211.78 - - [26/Mar/2018:16:29:14 +0800] "GET /css/animations.css HTTP/1.1" 200 735 "https://www.yazhoujuejin.com/login.html" "Mozilla/5.0 (Windows NT 6.3; WOW64) AppleWebKit/537.36 (KHTML, like Gecko) Chrome/49.0.2623.221 Safari/537.36 SE 2.X MetaSr 1.0"
157.61.211.78 - - [26/Mar/2018:16:29:14 +0800] "GET /lib/bootstrap/js/html5.js HTTP/1.1" 200 3026 "https://www.yazhoujuejin.com/login.html" "Mozilla/5.0 (Windows NT 6.3; WOW64) AppleWebKit/537.36 (KHTML, like Gecko) Chrome/49.0.2623.221 Safari/537.36 SE 2.X MetaSr 1.0"
157.61.211.78 - - [26/Mar/2018:16:29:15 +0800] "GET /lib/bootstrap/js/bootstrap-dropdown-on-hover.js HTTP/1.1" 200 9092 "https://www.yazhoujuejin.com/login.html" "Mozilla/5.0 (Windows NT 6.3; WOW64) AppleWebKit/537.36 (KHTML, like Gecko) Chrome/49.0.2623.221 Safari/537.36 SE 2.X MetaSr 1.0"
157.61.211.78 - - [26/Mar/2018:16:29:15 +0800] "GET /js/m.js HTTP/1.1" 200 14489 "https://www.yazhoujuejin.com/login.html" "Mozilla/5.0 (Windows NT 6.3; WOW64) AppleWebKit/537.36 (KHTML, like Gecko) Chrome/49.0.2623.221 Safari/537.36 SE 2.X MetaSr 1.0"
157.61.211.78 - - [26/Mar/2018:16:29:15 +0800] "GET /js/cookie.js HTTP/1.1" 200 1561 "https://www.yazhoujuejin.com/login.html" "Mozilla/5.0 (Windows NT 6.3; WOW64) AppleWebKit/537.36 (KHTML, like Gecko) Chrome/49.0.2623.221 Safari/537.36 SE 2.X MetaSr 1.0"
157.61.211.78 - - [26/Mar/2018:16:29:15 +0800] "GET /js/login.js HTTP/1.1" 200 5841 "https://www.yazhoujuejin.com/login.html" "Mozilla/5.0 (Windows NT 6.3; WOW64) AppleWebKit/537.36 (KHTML, like Gecko) Chrome/49.0.2623.221 Safari/537.36 SE 2.X MetaSr 1.0"
157.61.211.78 - - [26/Mar/2018:16:29:15 +0800] "GET /lib/bootstrap/js/bootstrap.min.js HTTP/1.1" 200 65813 "https://www.yazhoujuejin.com/login.html" "Mozilla/5.0 (Windows NT 6.3; WOW64) AppleWebKit/537.36 (KHTML, like Gecko) Chrome/49.0.2623.221 Safari/537.36 SE 2.X MetaSr 1.0"
157.61.211.78 - - [26/Mar/2018:16:29:15 +0800] "GET /lib/jquery/jquery-1.12.1.js HTTP/1.1" 200 407013 "https://www.yazhoujuejin.com/login.html" "Mozilla/5.0 (Windows NT 6.3; WOW64) AppleWebKit/537.36 (KHTML, like Gecko) Chrome/49.0.2623.221 Safari/537.36 SE 2.X MetaSr 1.0"
157.61.211.78 - - [26/Mar/2018:16:29:27 +0800] "GET /images/loginbg.jpg HTTP/1.1" 200 39662 "https://www.yazhoujuejin.com/login.html" "Mozilla/5.0 (Windows NT 6.3; WOW64) AppleWebKit/537.36 (KHTML, like Gecko) Chrome/49.0.2623.221 Safari/537.36 SE 2.X MetaSr 1.0"
157.61.211.78 - - [26/Mar/2018:16:29:27 +0800] "GET /lib/bootstrap/fonts/glyphicons-halflings-regular.woff HTTP/1.1" 200 23320 "https://www.yazhoujuejin.com/lib/bootstrap/css/bootstrap.css" "Mozilla/5.0 (Windows NT 6.3; WOW64) AppleWebKit/537.36 (KHTML, like Gecko) Chrome/49.0.2623.221 Safari/537.36 SE 2.X MetaSr 1.0"
157.61.211.78 - - [26/Mar/2018:16:29:27 +0800] "GET /css/login.css HTTP/1.1" 200 462 "https://www.yazhoujuejin.com/login.html" "Mozilla/5.0 (Windows NT 6.3; WOW64) AppleWebKit/537.36 (KHTML, like Gecko) Chrome/49.0.2623.221 Safari/537.36 SE 2.X MetaSr 1.0"
157.61.211.78 - - [26/Mar/2018:16:29:27 +0800] "GET /html/title.html HTTP/1.1" 200 810 "https://www.yazhoujuejin.com/login.html" "Mozilla/5.0 (Windows NT 6.3; WOW64) AppleWebKit/537.36 (KHTML, like Gecko) Chrome/49.0.2623.221 Safari/537.36 SE 2.X MetaSr 1.0"
157.61.211.78 - - [26/Mar/2018:16:29:27 +0800] "GET /html/footer.html HTTP/1.1" 200 1546 "https://www.yazhoujuejin.com/login.html" "Mozilla/5.0 (Windows NT 6.3; WOW64) AppleWebKit/537.36 (KHTML, like Gecko) Chrome/49.0.2623.221 Safari/537.36 SE 2.X MetaSr 1.0"
157.61.211.78 - - [26/Mar/2018:16:29:29 +0800] "GET /images/logo.png HTTP/1.1" 200 5728 "https://www.yazhoujuejin.com/login.html" "Mozilla/5.0 (Windows NT 6.3; WOW64) AppleWebKit/537.36 (KHTML, like Gecko) Chrome/49.0.2623.221 Safari/537.36 SE 2.X MetaSr 1.0"
157.61.211.78 - - [26/Mar/2018:16:29:29 +0800] "GET /images/gongzhonghao.jpg HTTP/1.1" 200 30169 "https://www.yazhoujuejin.com/login.html" "Mozilla/5.0 (Windows NT 6.3; WOW64) AppleWebKit/537.36 (KHTML, like Gecko) Chrome/49.0.2623.221 Safari/537.36 SE 2.X MetaSr 1.0"
157.61.211.78 - - [26/Mar/2018:16:29:29 +0800] "GET /images/xiaochengxu.jpg HTTP/1.1" 200 30629 "https://www.yazhoujuejin.com/login.html" "Mozilla/5.0 (Windows NT 6.3; WOW64) AppleWebKit/537.36 (KHTML, like Gecko) Chrome/49.0.2623.221 Safari/537.36 SE 2.X MetaSr 1.0"
157.61.211.78 - - [26/Mar/2018:16:29:29 +0800] "GET /images/app.jpg HTTP/1.1" 200 14362 "https://www.yazhoujuejin.com/login.html" "Mozilla/5.0 (Windows NT 6.3; WOW64) AppleWebKit/537.36 (KHTML, like Gecko) Chrome/49.0.2623.221 Safari/537.36 SE 2.X MetaSr 1.0"
115.28.26.13 - - [26/Mar/2018:16:30:08 +0800] "HEAD / HTTP/1.1" 301 0 "-" "Mozilla/5.0 (compatible; MSIE 9.0; Windows NT 6.1; Win64; x64; Trident/5.0)"
112.126.75.174 - - [26/Mar/2018:16:31:14 +0800] "HEAD / HTTP/1.1" 301 0 "-" "Mozilla/5.0 (compatible; MSIE 9.0; Windows NT 6.1; Win64; x64; Trident/5.0)"
112.124.127.44 - - [26/Mar/2018:16:33:08 +0800] "HEAD / HTTP/1.1" 301 0 "-" "Mozilla/5.0 (compatible; MSIE 9.0; Windows NT 6.1; Win64; x64; Trident/5.0)"
115.28.26.13 - - [26/Mar/2018:16:35:08 +0800] "HEAD / HTTP/1.1" 301 0 "-" "Mozilla/5.0 (compatible; MSIE 9.0; Windows NT 6.1; Win64; x64; Trident/5.0)"
112.126.75.174 - - [26/Mar/2018:16:36:14 +0800] "HEAD / HTTP/1.1" 301 0 "-" "Mozilla/5.0 (compatible; MSIE 9.0; Windows NT 6.1; Win64; x64; Trident/5.0)"
112.124.127.44 - - [26/Mar/2018:16:38:08 +0800] "HEAD / HTTP/1.1" 301 0 "-" "Mozilla/5.0 (compatible; MSIE 9.0; Windows NT 6.1; Win64; x64; Trident/5.0)"
203.208.60.251 - - [26/Mar/2018:16:39:04 +0800] "GET / HTTP/1.1" 200 931 "-" "Mozilla/5.0 (Linux; Android 6.0.1; Nexus 5X Build/MMB29P) AppleWebKit/537.36 (KHTML, like Gecko) Chrome/41.0.2272.96 Mobile Safari/537.36 (compatible; Googlebot/2.1; +http://www.google.com/bot.html)"
115.28.26.13 - - [26/Mar/2018:16:40:08 +0800] "HEAD / HTTP/1.1" 301 0 "-" "Mozilla/5.0 (compatible; MSIE 9.0; Windows NT 6.1; Win64; x64; Trident/5.0)"
112.126.75.174 - - [26/Mar/2018:16:41:14 +0800] "HEAD / HTTP/1.1" 301 0 "-" "Mozilla/5.0 (compatible; MSIE 9.0; Windows NT 6.1; Win64; x64; Trident/5.0)"
112.124.127.44 - - [26/Mar/2018:16:43:08 +0800] "HEAD / HTTP/1.1" 301 0 "-" "Mozilla/5.0 (compatible; MSIE 9.0; Windows NT 6.1; Win64; x64; Trident/5.0)"
115.28.26.13 - - [26/Mar/2018:16:45:08 +0800] "HEAD / HTTP/1.1" 301 0 "-" "Mozilla/5.0 (compatible; MSIE 9.0; Windows NT 6.1; Win64; x64; Trident/5.0)"
112.126.75.174 - - [26/Mar/2018:16:46:14 +0800] "HEAD / HTTP/1.1" 301 0 "-" "Mozilla/5.0 (compatible; MSIE 9.0; Windows NT 6.1; Win64; x64; Trident/5.0)"
112.124.127.44 - - [26/Mar/2018:16:48:08 +0800] "HEAD / HTTP/1.1" 301 0 "-" "Mozilla/5.0 (compatible; MSIE 9.0; Windows NT 6.1; Win64; x64; Trident/5.0)"
115.28.26.13 - - [26/Mar/2018:16:50:08 +0800] "HEAD / HTTP/1.1" 301 0 "-" "Mozilla/5.0 (compatible; MSIE 9.0; Windows NT 6.1; Win64; x64; Trident/5.0)"
112.126.75.174 - - [26/Mar/2018:16:51:14 +0800] "HEAD / HTTP/1.1" 301 0 "-" "Mozilla/5.0 (compatible; MSIE 9.0; Windows NT 6.1; Win64; x64; Trident/5.0)"
112.124.127.44 - - [26/Mar/2018:16:53:08 +0800] "HEAD / HTTP/1.1" 301 0 "-" "Mozilla/5.0 (compatible; MSIE 9.0; Windows NT 6.1; Win64; x64; Trident/5.0)"
115.28.26.13 - - [26/Mar/2018:16:55:08 +0800] "HEAD / HTTP/1.1" 301 0 "-" "Mozilla/5.0 (compatible; MSIE 9.0; Windows NT 6.1; Win64; x64; Trident/5.0)"
112.126.75.174 - - [26/Mar/2018:16:56:14 +0800] "HEAD / HTTP/1.1" 301 0 "-" "Mozilla/5.0 (compatible; MSIE 9.0; Windows NT 6.1; Win64; x64; Trident/5.0)"
112.124.127.44 - - [26/Mar/2018:16:58:08 +0800] "HEAD / HTTP/1.1" 301 0 "-" "Mozilla/5.0 (compatible; MSIE 9.0; Windows NT 6.1; Win64; x64; Trident/5.0)"
115.28.26.13 - - [26/Mar/2018:17:00:08 +0800] "HEAD / HTTP/1.1" 301 0 "-" "Mozilla/5.0 (compatible; MSIE 9.0; Windows NT 6.1; Win64; x64; Trident/5.0)"
112.126.75.174 - - [26/Mar/2018:17:01:14 +0800] "HEAD / HTTP/1.1" 301 0 "-" "Mozilla/5.0 (compatible; MSIE 9.0; Windows NT 6.1; Win64; x64; Trident/5.0)"
220.181.108.105 - - [26/Mar/2018:17:01:53 +0800] "GET / HTTP/1.1" 200 1871 "-" "Mozilla/5.0 (compatible; Baiduspider/2.0; +http://www.baidu.com/search/spider.html)"
111.206.221.23 - - [26/Mar/2018:17:02:00 +0800] "GET /html/footer.html HTTP/1.1" 200 3379 "https://www.yazhoujuejin.com/" "Mozilla/5.0 (compatible; Baiduspider-render/2.0; +http://www.baidu.com/search/spider.html)"
111.206.221.67 - - [26/Mar/2018:17:02:00 +0800] "GET /html/modal.html HTTP/1.1" 200 1936 "https://www.yazhoujuejin.com/" "Mozilla/5.0 (compatible; Baiduspider-render/2.0; +http://www.baidu.com/search/spider.html)"
111.206.221.9 - - [26/Mar/2018:17:02:00 +0800] "GET /html/title.html HTTP/1.1" 200 1787 "https://www.yazhoujuejin.com/" "Mozilla/5.0 (compatible; Baiduspider-render/2.0; +http://www.baidu.com/search/spider.html)"
111.206.198.99 - - [26/Mar/2018:17:02:12 +0800] "GET /html/footer.html HTTP/1.1" 200 3379 "https://www.yazhoujuejin.com/" "Mozilla/5.0 (iPhone; CPU iPhone OS 9_1 like Mac OS X) AppleWebKit/601.1.46 (KHTML, like Gecko) Version/9.0 Mobile/13B143 Safari/601.1 (compatible; Baiduspider-render/2.0; +http://www.baidu.com/search/spider.html)"
111.206.221.106 - - [26/Mar/2018:17:02:12 +0800] "GET /html/title.html HTTP/1.1" 200 1787 "https://www.yazhoujuejin.com/" "Mozilla/5.0 (iPhone; CPU iPhone OS 9_1 like Mac OS X) AppleWebKit/601.1.46 (KHTML, like Gecko) Version/9.0 Mobile/13B143 Safari/601.1 (compatible; Baiduspider-render/2.0; +http://www.baidu.com/search/spider.html)"
111.206.198.82 - - [26/Mar/2018:17:02:12 +0800] "GET /html/modal.html HTTP/1.1" 200 1936 "https://www.yazhoujuejin.com/" "Mozilla/5.0 (iPhone; CPU iPhone OS 9_1 like Mac OS X) AppleWebKit/601.1.46 (KHTML, like Gecko) Version/9.0 Mobile/13B143 Safari/601.1 (compatible; Baiduspider-render/2.0; +http://www.baidu.com/search/spider.html)"
112.124.127.44 - - [26/Mar/2018:17:03:08 +0800] "HEAD / HTTP/1.1" 301 0 "-" "Mozilla/5.0 (compatible; MSIE 9.0; Windows NT 6.1; Win64; x64; Trident/5.0)"
115.28.26.13 - - [26/Mar/2018:17:05:08 +0800] "HEAD / HTTP/1.1" 301 0 "-" "Mozilla/5.0 (compatible; MSIE 9.0; Windows NT 6.1; Win64; x64; Trident/5.0)"
112.126.75.174 - - [26/Mar/2018:17:06:14 +0800] "HEAD / HTTP/1.1" 301 0 "-" "Mozilla/5.0 (compatible; MSIE 9.0; Windows NT 6.1; Win64; x64; Trident/5.0)"
112.124.127.44 - - [26/Mar/2018:17:08:08 +0800] "HEAD / HTTP/1.1" 301 0 "-" "Mozilla/5.0 (compatible; MSIE 9.0; Windows NT 6.1; Win64; x64; Trident/5.0)"
115.28.26.13 - - [26/Mar/2018:17:10:08 +0800] "HEAD / HTTP/1.1" 301 0 "-" "Mozilla/5.0 (compatible; MSIE 9.0; Windows NT 6.1; Win64; x64; Trident/5.0)"
112.126.75.174 - - [26/Mar/2018:17:11:14 +0800] "HEAD / HTTP/1.1" 301 0 "-" "Mozilla/5.0 (compatible; MSIE 9.0; Windows NT 6.1; Win64; x64; Trident/5.0)"
112.124.127.44 - - [26/Mar/2018:17:13:08 +0800] "HEAD / HTTP/1.1" 301 0 "-" "Mozilla/5.0 (compatible; MSIE 9.0; Windows NT 6.1; Win64; x64; Trident/5.0)"
115.28.26.13 - - [26/Mar/2018:17:15:08 +0800] "HEAD / HTTP/1.1" 301 0 "-" "Mozilla/5.0 (compatible; MSIE 9.0; Windows NT 6.1; Win64; x64; Trident/5.0)"
112.126.75.174 - - [26/Mar/2018:17:16:14 +0800] "HEAD / HTTP/1.1" 301 0 "-" "Mozilla/5.0 (compatible; MSIE 9.0; Windows NT 6.1; Win64; x64; Trident/5.0)"
106.11.227.122 - - [26/Mar/2018:17:18:06 +0800] "GET / HTTP/1.1" 301 178 "-" "Mozilla/5.0 (iPad; CPU OS 9_1 like Mac OS X) AppleWebKit/601.1.46 (KHTML, like Gecko) Version/9.0 Mobile/13B143 Safari/601.1"
106.11.227.93 - - [26/Mar/2018:17:18:06 +0800] "GET / HTTP/1.1" 302 0 "-" "Mozilla/5.0 (iPad; CPU OS 9_1 like Mac OS X) AppleWebKit/601.1.46 (KHTML, like Gecko) Version/9.0 Mobile/13B143 Safari/601.1"
106.11.227.135 - - [26/Mar/2018:17:18:06 +0800] "GET /login HTTP/1.1" 301 178 "-" "Mozilla/5.0 (iPad; CPU OS 9_1 like Mac OS X) AppleWebKit/601.1.46 (KHTML, like Gecko) Version/9.0 Mobile/13B143 Safari/601.1"
106.11.227.93 - - [26/Mar/2018:17:18:06 +0800] "GET /login HTTP/1.1" 200 690 "-" "Mozilla/5.0 (iPad; CPU OS 9_1 like Mac OS X) AppleWebKit/601.1.46 (KHTML, like Gecko) Version/9.0 Mobile/13B143 Safari/601.1"
112.124.127.44 - - [26/Mar/2018:17:18:08 +0800] "HEAD / HTTP/1.1" 301 0 "-" "Mozilla/5.0 (compatible; MSIE 9.0; Windows NT 6.1; Win64; x64; Trident/5.0)"
60.191.38.77 - - [26/Mar/2018:17:19:55 +0800] "GET / HTTP/1.1" 302 0 "-" "Mozilla/5.0 (Macintosh; Intel Mac OS X 10.11; rv:47.0) Gecko/20100101 Firefox/47.0"
115.28.26.13 - - [26/Mar/2018:17:20:08 +0800] "HEAD / HTTP/1.1" 301 0 "-" "Mozilla/5.0 (compatible; MSIE 9.0; Windows NT 6.1; Win64; x64; Trident/5.0)"
112.126.75.174 - - [26/Mar/2018:17:21:14 +0800] "HEAD / HTTP/1.1" 301 0 "-" "Mozilla/5.0 (compatible; MSIE 9.0; Windows NT 6.1; Win64; x64; Trident/5.0)"
185.222.211.18 - - [26/Mar/2018:17:22:56 +0800] "\x03\x00\x00/*\xE0\x00\x00\x00\x00\x00Cookie: mstshash=Administr" 400 166 "-" "-"
112.124.127.44 - - [26/Mar/2018:17:23:08 +0800] "HEAD / HTTP/1.1" 301 0 "-" "Mozilla/5.0 (compatible; MSIE 9.0; Windows NT 6.1; Win64; x64; Trident/5.0)"
115.28.26.13 - - [26/Mar/2018:17:25:08 +0800] "HEAD / HTTP/1.1" 301 0 "-" "Mozilla/5.0 (compatible; MSIE 9.0; Windows NT 6.1; Win64; x64; Trident/5.0)"
112.126.75.174 - - [26/Mar/2018:17:26:14 +0800] "HEAD / HTTP/1.1" 301 0 "-" "Mozilla/5.0 (compatible; MSIE 9.0; Windows NT 6.1; Win64; x64; Trident/5.0)"
112.124.127.44 - - [26/Mar/2018:17:28:08 +0800] "HEAD / HTTP/1.1" 301 0 "-" "Mozilla/5.0 (compatible; MSIE 9.0; Windows NT 6.1; Win64; x64; Trident/5.0)"
115.28.26.13 - - [26/Mar/2018:17:30:08 +0800] "HEAD / HTTP/1.1" 301 0 "-" "Mozilla/5.0 (compatible; MSIE 9.0; Windows NT 6.1; Win64; x64; Trident/5.0)"
112.126.75.174 - - [26/Mar/2018:17:31:14 +0800] "HEAD / HTTP/1.1" 301 0 "-" "Mozilla/5.0 (compatible; MSIE 9.0; Windows NT 6.1; Win64; x64; Trident/5.0)"
112.124.127.44 - - [26/Mar/2018:17:33:08 +0800] "HEAD / HTTP/1.1" 301 0 "-" "Mozilla/5.0 (compatible; MSIE 9.0; Windows NT 6.1; Win64; x64; Trident/5.0)"
115.28.26.13 - - [26/Mar/2018:17:35:08 +0800] "HEAD / HTTP/1.1" 301 0 "-" "Mozilla/5.0 (compatible; MSIE 9.0; Windows NT 6.1; Win64; x64; Trident/5.0)"
112.126.75.174 - - [26/Mar/2018:17:36:14 +0800] "HEAD / HTTP/1.1" 301 0 "-" "Mozilla/5.0 (compatible; MSIE 9.0; Windows NT 6.1; Win64; x64; Trident/5.0)"
203.208.60.250 - - [26/Mar/2018:17:36:51 +0800] "GET / HTTP/1.1" 200 931 "-" "Mozilla/5.0 (compatible; Googlebot/2.1; +http://www.google.com/bot.html)"
112.124.127.44 - - [26/Mar/2018:17:38:08 +0800] "HEAD / HTTP/1.1" 301 0 "-" "Mozilla/5.0 (compatible; MSIE 9.0; Windows NT 6.1; Win64; x64; Trident/5.0)"
115.28.26.13 - - [26/Mar/2018:17:40:08 +0800] "HEAD / HTTP/1.1" 301 0 "-" "Mozilla/5.0 (compatible; MSIE 9.0; Windows NT 6.1; Win64; x64; Trident/5.0)"
112.126.75.174 - - [26/Mar/2018:17:41:14 +0800] "HEAD / HTTP/1.1" 301 0 "-" "Mozilla/5.0 (compatible; MSIE 9.0; Windows NT 6.1; Win64; x64; Trident/5.0)"
112.124.127.44 - - [26/Mar/2018:17:43:08 +0800] "HEAD / HTTP/1.1" 301 0 "-" "Mozilla/5.0 (compatible; MSIE 9.0; Windows NT 6.1; Win64; x64; Trident/5.0)"
115.28.26.13 - - [26/Mar/2018:17:45:08 +0800] "HEAD / HTTP/1.1" 301 0 "-" "Mozilla/5.0 (compatible; MSIE 9.0; Windows NT 6.1; Win64; x64; Trident/5.0)"
112.126.75.174 - - [26/Mar/2018:17:46:14 +0800] "HEAD / HTTP/1.1" 301 0 "-" "Mozilla/5.0 (compatible; MSIE 9.0; Windows NT 6.1; Win64; x64; Trident/5.0)"
167.99.64.191 - - [26/Mar/2018:17:47:13 +0800] "GET /System/Security/hylogin.aspx HTTP/1.1" 500 186 "-" "Mozilla/5.0 (Macintosh; Intel Mac OS X 10.13; rv:58.0) Gecko/20100101 Firefox/58.0"
112.124.127.44 - - [26/Mar/2018:17:48:08 +0800] "HEAD / HTTP/1.1" 301 0 "-" "Mozilla/5.0 (compatible; MSIE 9.0; Windows NT 6.1; Win64; x64; Trident/5.0)"
115.28.26.13 - - [26/Mar/2018:17:50:08 +0800] "HEAD / HTTP/1.1" 301 0 "-" "Mozilla/5.0 (compatible; MSIE 9.0; Windows NT 6.1; Win64; x64; Trident/5.0)"
112.126.75.174 - - [26/Mar/2018:17:51:14 +0800] "HEAD / HTTP/1.1" 301 0 "-" "Mozilla/5.0 (compatible; MSIE 9.0; Windows NT 6.1; Win64; x64; Trident/5.0)"
112.124.127.44 - - [26/Mar/2018:17:53:08 +0800] "HEAD / HTTP/1.1" 301 0 "-" "Mozilla/5.0 (compatible; MSIE 9.0; Windows NT 6.1; Win64; x64; Trident/5.0)"
115.28.26.13 - - [26/Mar/2018:17:55:08 +0800] "HEAD / HTTP/1.1" 301 0 "-" "Mozilla/5.0 (compatible; MSIE 9.0; Windows NT 6.1; Win64; x64; Trident/5.0)"
112.126.75.174 - - [26/Mar/2018:17:56:14 +0800] "HEAD / HTTP/1.1" 301 0 "-" "Mozilla/5.0 (compatible; MSIE 9.0; Windows NT 6.1; Win64; x64; Trident/5.0)"
112.124.127.44 - - [26/Mar/2018:17:58:08 +0800] "HEAD / HTTP/1.1" 301 0 "-" "Mozilla/5.0 (compatible; MSIE 9.0; Windows NT 6.1; Win64; x64; Trident/5.0)"
180.155.135.162 - - [26/Mar/2018:17:58:37 +0800] "GET /favicon.ico HTTP/1.1" 404 564 "-" "Mozilla/5.0 (Windows NT 6.1; WOW64) AppleWebKit/537.36 (KHTML, like Gecko) Chrome/49.0.2623.221 Safari/537.36 SE 2.X MetaSr 1.0"
61.152.125.146 - - [26/Mar/2018:17:59:07 +0800] "GET /restful/product/list?callback=jQuery11210378366882679984_1497238604536&_=1497238604537&1=1 HTTP/1.1" 200 143 "-" "Mozilla/4.0 (compatible; MSIE 8.0; Windows NT 5.2)"
115.28.26.13 - - [26/Mar/2018:18:00:08 +0800] "HEAD / HTTP/1.1" 301 0 "-" "Mozilla/5.0 (compatible; MSIE 9.0; Windows NT 6.1; Win64; x64; Trident/5.0)"
112.126.75.174 - - [26/Mar/2018:18:01:14 +0800] "HEAD / HTTP/1.1" 301 0 "-" "Mozilla/5.0 (compatible; MSIE 9.0; Windows NT 6.1; Win64; x64; Trident/5.0)"
112.124.127.44 - - [26/Mar/2018:18:03:08 +0800] "HEAD / HTTP/1.1" 301 0 "-" "Mozilla/5.0 (compatible; MSIE 9.0; Windows NT 6.1; Win64; x64; Trident/5.0)"
115.28.26.13 - - [26/Mar/2018:18:05:08 +0800] "HEAD / HTTP/1.1" 301 0 "-" "Mozilla/5.0 (compatible; MSIE 9.0; Windows NT 6.1; Win64; x64; Trident/5.0)"
112.126.75.174 - - [26/Mar/2018:18:06:14 +0800] "HEAD / HTTP/1.1" 301 0 "-" "Mozilla/5.0 (compatible; MSIE 9.0; Windows NT 6.1; Win64; x64; Trident/5.0)"
121.69.30.230 - - [26/Mar/2018:18:07:07 +0800] "GET /favicon.ico HTTP/1.1" 404 564 "-" "Mozilla/5.0 (Windows NT 6.1; WOW64) AppleWebKit/537.36 (KHTML, like Gecko) Chrome/53.0.2785.104 Safari/537.36 Core/1.53.4620.400 QQBrowser/9.7.13014.400"
112.124.127.44 - - [26/Mar/2018:18:08:08 +0800] "HEAD / HTTP/1.1" 301 0 "-" "Mozilla/5.0 (compatible; MSIE 9.0; Windows NT 6.1; Win64; x64; Trident/5.0)"
115.28.26.13 - - [26/Mar/2018:18:10:08 +0800] "HEAD / HTTP/1.1" 301 0 "-" "Mozilla/5.0 (compatible; MSIE 9.0; Windows NT 6.1; Win64; x64; Trident/5.0)"
112.126.75.174 - - [26/Mar/2018:18:11:14 +0800] "HEAD / HTTP/1.1" 301 0 "-" "Mozilla/5.0 (compatible; MSIE 9.0; Windows NT 6.1; Win64; x64; Trident/5.0)"
112.124.127.44 - - [26/Mar/2018:18:13:08 +0800] "HEAD / HTTP/1.1" 301 0 "-" "Mozilla/5.0 (compatible; MSIE 9.0; Windows NT 6.1; Win64; x64; Trident/5.0)"
115.28.26.13 - - [26/Mar/2018:18:15:08 +0800] "HEAD / HTTP/1.1" 301 0 "-" "Mozilla/5.0 (compatible; MSIE 9.0; Windows NT 6.1; Win64; x64; Trident/5.0)"
112.126.75.174 - - [26/Mar/2018:18:16:14 +0800] "HEAD / HTTP/1.1" 301 0 "-" "Mozilla/5.0 (compatible; MSIE 9.0; Windows NT 6.1; Win64; x64; Trident/5.0)"
171.221.107.70 - - [26/Mar/2018:18:17:46 +0800] "GET /favicon.ico HTTP/1.1" 301 178 "-" "Mozilla/5.0 (Windows NT 6.1; WOW64) AppleWebKit/537.36 (KHTML, like Gecko) Chrome/55.0.2883.87 Safari/537.36"
171.221.107.70 - - [26/Mar/2018:18:17:47 +0800] "GET /favicon.ico HTTP/1.1" 404 564 "-" "Mozilla/5.0 (Windows NT 6.1; WOW64) AppleWebKit/537.36 (KHTML, like Gecko) Chrome/55.0.2883.87 Safari/537.36"
